Archive member included to satisfy reference by file (symbol)

/usr/lib/gcc/arm-none-eabi/8.2.0/../../../../arm-none-eabi/lib/thumb/v7-m/nofp/libstdc++_nano.a(new_op.o)
                              build/obj/./src/timer.opp (operator new(unsigned int))
/usr/lib/gcc/arm-none-eabi/8.2.0/../../../../arm-none-eabi/lib/thumb/v7-m/nofp/libstdc++_nano.a(atexit_arm.o)
                              build/obj/./src/timer.opp (__aeabi_atexit)
/usr/lib/gcc/arm-none-eabi/8.2.0/../../../../arm-none-eabi/lib/thumb/v7-m/nofp/libstdc++_nano.a(new_handler.o)
                              /usr/lib/gcc/arm-none-eabi/8.2.0/../../../../arm-none-eabi/lib/thumb/v7-m/nofp/libstdc++_nano.a(new_op.o) (std::get_new_handler())
/usr/lib/gcc/arm-none-eabi/8.2.0/../../../../arm-none-eabi/lib/thumb/v7-m/nofp/libc_nano.a(lib_a-abort.o)
                              /usr/lib/gcc/arm-none-eabi/8.2.0/../../../../arm-none-eabi/lib/thumb/v7-m/nofp/libstdc++_nano.a(new_op.o) (abort)
/usr/lib/gcc/arm-none-eabi/8.2.0/../../../../arm-none-eabi/lib/thumb/v7-m/nofp/libc_nano.a(lib_a-atexit.o)
                              /usr/lib/gcc/arm-none-eabi/8.2.0/../../../../arm-none-eabi/lib/thumb/v7-m/nofp/crt0.o (atexit)
/usr/lib/gcc/arm-none-eabi/8.2.0/../../../../arm-none-eabi/lib/thumb/v7-m/nofp/libc_nano.a(lib_a-cxa_atexit.o)
                              /usr/lib/gcc/arm-none-eabi/8.2.0/../../../../arm-none-eabi/lib/thumb/v7-m/nofp/libstdc++_nano.a(atexit_arm.o) (__cxa_atexit)
/usr/lib/gcc/arm-none-eabi/8.2.0/../../../../arm-none-eabi/lib/thumb/v7-m/nofp/libc_nano.a(lib_a-exit.o)
                              /usr/lib/gcc/arm-none-eabi/8.2.0/../../../../arm-none-eabi/lib/thumb/v7-m/nofp/crt0.o (exit)
/usr/lib/gcc/arm-none-eabi/8.2.0/../../../../arm-none-eabi/lib/thumb/v7-m/nofp/libc_nano.a(lib_a-fini.o)
                              /usr/lib/gcc/arm-none-eabi/8.2.0/../../../../arm-none-eabi/lib/thumb/v7-m/nofp/crt0.o (__libc_fini_array)
/usr/lib/gcc/arm-none-eabi/8.2.0/../../../../arm-none-eabi/lib/thumb/v7-m/nofp/libc_nano.a(lib_a-impure.o)
                              /usr/lib/gcc/arm-none-eabi/8.2.0/../../../../arm-none-eabi/lib/thumb/v7-m/nofp/libc_nano.a(lib_a-exit.o) (_global_impure_ptr)
/usr/lib/gcc/arm-none-eabi/8.2.0/../../../../arm-none-eabi/lib/thumb/v7-m/nofp/libc_nano.a(lib_a-init.o)
                              /usr/lib/gcc/arm-none-eabi/8.2.0/../../../../arm-none-eabi/lib/thumb/v7-m/nofp/crt0.o (__libc_init_array)
/usr/lib/gcc/arm-none-eabi/8.2.0/../../../../arm-none-eabi/lib/thumb/v7-m/nofp/libc_nano.a(lib_a-malloc.o)
                              /usr/lib/gcc/arm-none-eabi/8.2.0/../../../../arm-none-eabi/lib/thumb/v7-m/nofp/libstdc++_nano.a(new_op.o) (malloc)
/usr/lib/gcc/arm-none-eabi/8.2.0/../../../../arm-none-eabi/lib/thumb/v7-m/nofp/libc_nano.a(lib_a-memset.o)
                              /usr/lib/gcc/arm-none-eabi/8.2.0/../../../../arm-none-eabi/lib/thumb/v7-m/nofp/crt0.o (memset)
/usr/lib/gcc/arm-none-eabi/8.2.0/../../../../arm-none-eabi/lib/thumb/v7-m/nofp/libc_nano.a(lib_a-nano-freer.o)
                              /usr/lib/gcc/arm-none-eabi/8.2.0/../../../../arm-none-eabi/lib/thumb/v7-m/nofp/libc_nano.a(lib_a-malloc.o) (_free_r)
/usr/lib/gcc/arm-none-eabi/8.2.0/../../../../arm-none-eabi/lib/thumb/v7-m/nofp/libc_nano.a(lib_a-nano-mallocr.o)
                              /usr/lib/gcc/arm-none-eabi/8.2.0/../../../../arm-none-eabi/lib/thumb/v7-m/nofp/libc_nano.a(lib_a-malloc.o) (_malloc_r)
/usr/lib/gcc/arm-none-eabi/8.2.0/../../../../arm-none-eabi/lib/thumb/v7-m/nofp/libc_nano.a(lib_a-on_exit_args.o)
                              /usr/lib/gcc/arm-none-eabi/8.2.0/../../../../arm-none-eabi/lib/thumb/v7-m/nofp/libc_nano.a(lib_a-cxa_atexit.o) (__on_exit_args)
/usr/lib/gcc/arm-none-eabi/8.2.0/../../../../arm-none-eabi/lib/thumb/v7-m/nofp/libc_nano.a(lib_a-sbrkr.o)
                              /usr/lib/gcc/arm-none-eabi/8.2.0/../../../../arm-none-eabi/lib/thumb/v7-m/nofp/libc_nano.a(lib_a-nano-mallocr.o) (_sbrk_r)
/usr/lib/gcc/arm-none-eabi/8.2.0/../../../../arm-none-eabi/lib/thumb/v7-m/nofp/libc_nano.a(lib_a-signal.o)
                              /usr/lib/gcc/arm-none-eabi/8.2.0/../../../../arm-none-eabi/lib/thumb/v7-m/nofp/libc_nano.a(lib_a-abort.o) (raise)
/usr/lib/gcc/arm-none-eabi/8.2.0/../../../../arm-none-eabi/lib/thumb/v7-m/nofp/libc_nano.a(lib_a-signalr.o)
                              /usr/lib/gcc/arm-none-eabi/8.2.0/../../../../arm-none-eabi/lib/thumb/v7-m/nofp/libc_nano.a(lib_a-signal.o) (_kill_r)
/usr/lib/gcc/arm-none-eabi/8.2.0/../../../../arm-none-eabi/lib/thumb/v7-m/nofp/libc_nano.a(lib_a-__atexit.o)
                              /usr/lib/gcc/arm-none-eabi/8.2.0/../../../../arm-none-eabi/lib/thumb/v7-m/nofp/libc_nano.a(lib_a-atexit.o) (__register_exitproc)
/usr/lib/gcc/arm-none-eabi/8.2.0/../../../../arm-none-eabi/lib/thumb/v7-m/nofp/libc_nano.a(lib_a-__call_atexit.o)
[...]
Memory Configuration

Name             Origin             Length             Attributes
FLASH            0x0000000008000000 0x0000000000004000 xr
RAM              0x0000000020000000 0x0000000000001000 xrw
MEMORY_B1        0x0000000060000000 0x0000000000000000 xr
*default*        0x0000000000000000 0xffffffffffffffff

Linker script and memory map

LOAD /usr/lib/gcc/arm-none-eabi/8.2.0/thumb/v7-m/nofp/crti.o
LOAD /usr/lib/gcc/arm-none-eabi/8.2.0/thumb/v7-m/nofp/crtbegin.o
LOAD /usr/lib/gcc/arm-none-eabi/8.2.0/../../../../arm-none-eabi/lib/thumb/v7-m/nofp/crt0.o
LOAD build/obj/./src/timer.opp
LOAD build/obj/./src/helpers.opp
LOAD build/obj/./src/scheduling.opp
LOAD build/obj/./src/gpio.opp
LOAD build/obj/./driver/stm32f1/spl/src/stm32f10x_dma.o
LOAD build/obj/./driver/stm32f1/spl/src/stm32f10x_dbgmcu.o
LOAD build/obj/./driver/stm32f1/spl/src/stm32f10x_iwdg.o
LOAD build/obj/./driver/stm32f1/spl/src/stm32f10x_bkp.o
LOAD build/obj/./driver/stm32f1/spl/src/stm32f10x_dac.o
LOAD build/obj/./driver/stm32f1/spl/src/stm32f10x_can.o
LOAD build/obj/./driver/stm32f1/spl/src/stm32f10x_rtc.o
LOAD build/obj/./driver/stm32f1/spl/src/stm32f10x_pwr.o
LOAD build/obj/./driver/stm32f1/spl/src/stm32f10x_i2c.o
LOAD build/obj/./driver/stm32f1/spl/src/stm32f10x_sdio.o
LOAD build/obj/./driver/stm32f1/spl/src/stm32f10x_rcc.o
LOAD build/obj/./driver/stm32f1/spl/src/stm32f10x_flash.o
LOAD build/obj/./driver/stm32f1/spl/src/stm32f10x_crc.o
LOAD build/obj/./driver/stm32f1/spl/src/stm32f10x_usart.o
LOAD build/obj/./driver/stm32f1/spl/src/stm32f10x_wwdg.o
LOAD build/obj/./driver/stm32f1/spl/src/stm32f10x_cec.o
LOAD build/obj/./driver/stm32f1/spl/src/misc.o
LOAD build/obj/./driver/stm32f1/spl/src/stm32f10x_tim.o
LOAD build/obj/./driver/stm32f1/spl/src/stm32f10x_adc.o
LOAD build/obj/./driver/stm32f1/spl/src/stm32f10x_spi.o
LOAD build/obj/./driver/stm32f1/spl/src/stm32f10x_gpio.o
LOAD build/obj/./driver/stm32f1/spl/src/stm32f10x_exti.o
LOAD build/obj/./driver/stm32f1/spl/src/stm32f10x_fsmc.o
LOAD build/obj/./driver/stm32f1/cmsis/device/system_stm32f10x.o
LOAD build/obj/./src/startup/startup_stm32f1.os
LOAD build/obj/src/example/example-pwm.opp
                0x0000000000001000                malloc_getpagesize_P = 0x1000
START GROUP
LOAD /usr/lib/gcc/arm-none-eabi/8.2.0/../../../../arm-none-eabi/lib/thumb/v7-m/nofp/libstdc++_nano.a
LOAD /usr/lib/gcc/arm-none-eabi/8.2.0/../../../../arm-none-eabi/lib/thumb/v7-m/nofp/libsupc++_nano.a
END GROUP
LOAD /usr/lib/gcc/arm-none-eabi/8.2.0/../../../../arm-none-eabi/lib/thumb/v7-m/nofp/libstdc++_nano.a
LOAD /usr/lib/gcc/arm-none-eabi/8.2.0/../../../../arm-none-eabi/lib/thumb/v7-m/nofp/libm.a
LOAD /usr/lib/gcc/arm-none-eabi/8.2.0/../../../../arm-none-eabi/lib/thumb/v7-m/nofp/libc_nano.a
START GROUP
LOAD /usr/lib/gcc/arm-none-eabi/8.2.0/thumb/v7-m/nofp/libgcc.a
LOAD /usr/lib/gcc/arm-none-eabi/8.2.0/../../../../arm-none-eabi/lib/thumb/v7-m/nofp/libc_nano.a
END GROUP
START GROUP
LOAD /usr/lib/gcc/arm-none-eabi/8.2.0/thumb/v7-m/nofp/libgcc.a
LOAD /usr/lib/gcc/arm-none-eabi/8.2.0/../../../../arm-none-eabi/lib/thumb/v7-m/nofp/libc_nano.a
LOAD /usr/lib/gcc/arm-none-eabi/8.2.0/../../../../arm-none-eabi/lib/thumb/v7-m/nofp/libnosys.a
END GROUP
START GROUP
LOAD /usr/lib/gcc/arm-none-eabi/8.2.0/thumb/v7-m/nofp/libgcc.a
LOAD /usr/lib/gcc/arm-none-eabi/8.2.0/../../../../arm-none-eabi/lib/thumb/v7-m/nofp/libc_nano.a
LOAD /usr/lib/gcc/arm-none-eabi/8.2.0/../../../../arm-none-eabi/lib/thumb/v7-m/nofp/libnosys.a
END GROUP
LOAD /usr/lib/gcc/arm-none-eabi/8.2.0/thumb/v7-m/nofp/crtend.o
LOAD /usr/lib/gcc/arm-none-eabi/8.2.0/thumb/v7-m/nofp/crtn.o
                0x0000000020001000                _estack = 0x20001000
                0x0000000000000000                _Min_Heap_Size = 0x0
                0x0000000000000080                _Min_Stack_Size = 0x80

.isr_vector     0x0000000008000000      0x1e4
                0x0000000008000000                . = ALIGN (0x4)
 *(.isr_vector)
 .isr_vector    0x0000000008000000      0x1e4 build/obj/./src/startup/startup_stm32f1.os
                0x0000000008000000                g_pfnVectors
                0x00000000080001e4                . = ALIGN (0x4)

.text           0x00000000080001e4     0x2860
                0x00000000080001e4                . = ALIGN (0x4)
 *(.text)
 .text          0x00000000080001e4      0x358 build/obj/./driver/stm32f1/spl/src/stm32f10x_rcc.o
                0x00000000080001e4                RCC_DeInit
                0x0000000008000224                RCC_HSEConfig
                0x000000000800025c                RCC_AdjustHSICalibrationValue
                0x0000000008000270                RCC_HSICmd
                0x000000000800027c                RCC_PLLConfig
                0x0000000008000290                RCC_PLLCmd
                0x000000000800029c                RCC_SYSCLKConfig
                0x00000000080002b0                RCC_GetSYSCLKSource
                0x00000000080002c0                RCC_HCLKConfig
                0x00000000080002d4                RCC_PCLK1Config
                0x00000000080002e8                RCC_PCLK2Config
                0x00000000080002fc                RCC_ITConfig
                0x0000000008000318                RCC_USBCLKConfig
                0x0000000008000324                RCC_ADCCLKConfig
                0x0000000008000338                RCC_LSEConfig
                0x0000000008000358                RCC_LSICmd
                0x0000000008000364                RCC_RTCCLKConfig
                0x0000000008000374                RCC_RTCCLKCmd
                0x0000000008000380                RCC_GetClocksFreq
                0x0000000008000404                RCC_AHBPeriphClockCmd
                0x0000000008000420                RCC_APB2PeriphClockCmd
                0x000000000800043c                RCC_APB1PeriphClockCmd
                0x0000000008000458                RCC_APB2PeriphResetCmd
                0x0000000008000474                RCC_APB1PeriphResetCmd
                0x0000000008000490                RCC_BackupResetCmd
                0x000000000800049c                RCC_ClockSecuritySystemCmd
                0x00000000080004a8                RCC_MCOConfig
                0x00000000080004b4                RCC_GetFlagStatus
                0x00000000080004dc                RCC_WaitForHSEStartUp
                0x000000000800050c                RCC_ClearFlag
                0x000000000800051c                RCC_GetITStatus
                0x0000000008000530                RCC_ClearITPendingBit
 .text          0x000000000800053c      0xc28 build/obj/./driver/stm32f1/spl/src/stm32f10x_tim.o
                0x0000000008000620                TIM_DeInit
                0x00000000080007e8                TIM_TimeBaseInit
                0x000000000800087c                TIM_OC1Init
                0x0000000008000900                TIM_OC2Init
                0x0000000008000980                TIM_OC3Init
                0x00000000080009fc                TIM_OC4Init
                0x0000000008000a64                TIM_BDTRConfig
                0x0000000008000a84                TIM_TimeBaseStructInit
                0x0000000008000a96                TIM_OCStructInit
                0x0000000008000aaa                TIM_ICStructInit
                0x0000000008000aba                TIM_BDTRStructInit
                0x0000000008000acc                TIM_Cmd
                0x0000000008000ae2                TIM_CtrlPWMOutputs
                0x0000000008000af8                TIM_ITConfig
                0x0000000008000b08                TIM_GenerateEvent
                0x0000000008000b0c                TIM_DMAConfig
                0x0000000008000b14                TIM_DMACmd
                0x0000000008000b18                TIM_InternalClockConfig
                0x0000000008000b26                TIM_ITRxExternalClockConfig
                0x0000000008000b3e                TIM_TIxExternalClockConfig
                0x0000000008000b70                TIM_ETRConfig
                0x0000000008000b84                TIM_ETRClockMode1Config
                0x0000000008000b9c                TIM_ETRClockMode2Config
                0x0000000008000bac                TIM_PrescalerConfig
                0x0000000008000bb2                TIM_CounterModeConfig
                0x0000000008000bc2                TIM_SelectInputTrigger
                0x0000000008000bd2                TIM_EncoderInterfaceConfig
                0x0000000008000c0c                TIM_ForcedOC1Config
                0x0000000008000c1c                TIM_ForcedOC2Config
                0x0000000008000c30                TIM_ForcedOC3Config
                0x0000000008000c40                TIM_ForcedOC4Config
                0x0000000008000c54                TIM_ARRPreloadConfig
                0x0000000008000c6a                TIM_SelectCOM
                0x0000000008000c80                TIM_SelectCCDMA
                0x0000000008000c96                TIM_CCPreloadControl
                0x0000000008000cac                TIM_OC1PreloadConfig
                0x0000000008000cbc                TIM_OC2PreloadConfig
                0x0000000008000cd0                TIM_OC3PreloadConfig
                0x0000000008000ce0                TIM_OC4PreloadConfig
                0x0000000008000cf4                TIM_OC1FastConfig
                0x0000000008000d04                TIM_OC2FastConfig
                0x0000000008000d18                TIM_OC3FastConfig
                0x0000000008000d28                TIM_OC4FastConfig
                0x0000000008000d3c                TIM_ClearOC1Ref
                0x0000000008000d4c                TIM_ClearOC2Ref
                0x0000000008000d5c                TIM_ClearOC3Ref
                0x0000000008000d6c                TIM_ClearOC4Ref
                0x0000000008000d7c                TIM_OC1PolarityConfig
                0x0000000008000d8c                TIM_OC1NPolarityConfig
                0x0000000008000d9c                TIM_OC2PolarityConfig
                0x0000000008000db0                TIM_OC2NPolarityConfig
                0x0000000008000dc4                TIM_OC3PolarityConfig
                0x0000000008000dd8                TIM_OC3NPolarityConfig
                0x0000000008000dec                TIM_OC4PolarityConfig
                0x0000000008000e00                TIM_CCxCmd
                0x0000000008000e1c                TIM_CCxNCmd
                0x0000000008000e38                TIM_SelectOCxM
                0x0000000008000e78                TIM_UpdateDisableConfig
                0x0000000008000e8e                TIM_UpdateRequestConfig
                0x0000000008000ea4                TIM_SelectHallSensor
                0x0000000008000eba                TIM_SelectOnePulseMode
                0x0000000008000ece                TIM_SelectOutputTrigger
                0x0000000008000ee2                TIM_SelectSlaveMode
                0x0000000008000ef6                TIM_SelectMasterSlaveMode
                0x0000000008000f0a                TIM_SetCounter
                0x0000000008000f0e                TIM_SetAutoreload
                0x0000000008000f12                TIM_SetCompare1
                0x0000000008000f16                TIM_SetCompare2
                0x0000000008000f1a                TIM_SetCompare3
                0x0000000008000f1e                TIM_SetCompare4
                0x0000000008000f24                TIM_SetIC1Prescaler
                0x0000000008000f38                TIM_SetIC2Prescaler
                0x0000000008000f50                TIM_PWMIConfig
                0x0000000008000fb0                TIM_SetIC3Prescaler
                0x0000000008000fc4                TIM_SetIC4Prescaler
                0x0000000008000fdc                TIM_ICInit
                0x0000000008001104                TIM_SetClockDivision
                0x0000000008001118                TIM_GetCapture1
                0x000000000800111c                TIM_GetCapture2
                0x0000000008001120                TIM_GetCapture3
                0x0000000008001124                TIM_GetCapture4
                0x000000000800112a                TIM_GetCounter
                0x000000000800112e                TIM_GetPrescaler
                0x0000000008001132                TIM_GetFlagStatus
                0x000000000800113e                TIM_ClearFlag
                0x0000000008001146                TIM_GetITStatus
                0x000000000800115c                TIM_ClearITPendingBit
 .text          0x0000000008001164      0x284 build/obj/./driver/stm32f1/spl/src/stm32f10x_gpio.o
                0x0000000008001164                GPIO_DeInit
                0x000000000800121c                GPIO_AFIODeInit
                0x0000000008001232                GPIO_Init
                0x00000000080012d4                GPIO_StructInit
                0x00000000080012e2                GPIO_ReadInputDataBit
                0x00000000080012ee                GPIO_ReadInputData
                0x00000000080012f4                GPIO_ReadOutputDataBit
                0x0000000008001300                GPIO_ReadOutputData
                0x0000000008001306                GPIO_SetBits
                0x000000000800130a                GPIO_ResetBits
                0x000000000800130e                GPIO_WriteBit
                0x0000000008001318                GPIO_Write
                0x000000000800131c                GPIO_PinLockConfig
                0x000000000800132c                GPIO_EventOutputConfig
                0x0000000008001348                GPIO_EventOutputCmd
                0x0000000008001354                GPIO_PinRemapConfig
                0x00000000080013b4                GPIO_EXTILineConfig
                0x00000000080013de                GPIO_ETH_MediaInterfaceConfig
 .text          0x00000000080013e8      0x148 build/obj/./driver/stm32f1/cmsis/device/system_stm32f10x.o
                0x00000000080013e8                SystemInit
                0x00000000080014d8                SystemCoreClockUpdate
 .text          0x0000000008001530      0x21c /usr/lib/gcc/arm-none-eabi/8.2.0/thumb/v7-m/nofp/libgcc.a(_arm_addsubsf3.o)
                0x0000000008001530                __aeabi_frsub
                0x0000000008001538                __subsf3
                0x0000000008001538                __aeabi_fsub
                0x000000000800153c                __aeabi_fadd
                0x000000000800153c                __addsf3
                0x000000000800169c                __aeabi_ui2f
                0x000000000800169c                __floatunsisf
                0x00000000080016a4                __aeabi_i2f
                0x00000000080016a4                __floatsisf
                0x00000000080016c0                __floatundisf
                0x00000000080016c0                __aeabi_ul2f
                0x00000000080016d0                __floatdisf
                0x00000000080016d0                __aeabi_l2f
 .text          0x000000000800174c      0x2a0 /usr/lib/gcc/arm-none-eabi/8.2.0/thumb/v7-m/nofp/libgcc.a(_arm_muldivsf3.o)
                0x000000000800174c                __mulsf3
                0x000000000800174c                __aeabi_fmul
                0x00000000080018b4                __divsf3
                0x00000000080018b4                __aeabi_fdiv
 .text          0x00000000080019ec       0xec /usr/lib/gcc/arm-none-eabi/8.2.0/thumb/v7-m/nofp/libgcc.a(_arm_cmpsf2.o)
                0x00000000080019ec                __gtsf2
                0x00000000080019ec                __gesf2
                0x00000000080019f4                __lesf2
                0x00000000080019f4                __ltsf2
                0x00000000080019fc                __nesf2
                0x00000000080019fc                __eqsf2
                0x00000000080019fc                __cmpsf2
                0x0000000008001a5c                __aeabi_cfrcmple
                0x0000000008001a64                __aeabi_cfcmple
                0x0000000008001a64                __aeabi_cfcmpeq
                0x0000000008001a74                __aeabi_fcmpeq
                0x0000000008001a88                __aeabi_fcmplt
                0x0000000008001a9c                __aeabi_fcmple
                0x0000000008001ab0                __aeabi_fcmpge
                0x0000000008001ac4                __aeabi_fcmpgt
 .text          0x0000000008001ad8       0x40 /usr/lib/gcc/arm-none-eabi/8.2.0/thumb/v7-m/nofp/libgcc.a(_arm_fixunssfsi.o)
                0x0000000008001ad8                __aeabi_f2uiz
                0x0000000008001ad8                __fixunssfsi
 *(.text*)
 .text.__do_global_dtors_aux
                0x0000000008001b18       0x24 /usr/lib/gcc/arm-none-eabi/8.2.0/thumb/v7-m/nofp/crtbegin.o
 .text.frame_dummy
                0x0000000008001b3c       0x1c /usr/lib/gcc/arm-none-eabi/8.2.0/thumb/v7-m/nofp/crtbegin.o
 .text._ZN5TimerC2EP11TIM_TypeDef
                0x0000000008001b58       0x76 build/obj/./src/timer.opp
                0x0000000008001b58                Timer::Timer(TIM_TypeDef*)
                0x0000000008001b58                Timer::Timer(TIM_TypeDef*)
 .text._ZN5TimerD2Ev
                0x0000000008001bce       0x18 build/obj/./src/timer.opp
                0x0000000008001bce                Timer::~Timer()
                0x0000000008001bce                Timer::~Timer()
 .text._ZN18TimerChannelOutput4initEtmtttttt
                0x0000000008001be6       0x54 build/obj/./src/timer.opp
                0x0000000008001be6                TimerChannelOutput::init(unsigned short, unsigned long, unsigned short, unsigned short, unsigned short, unsigned short, unsigned short, unsigned short)
 *fill*         0x0000000008001c3a        0x2 
 .text._ZN18TimerChannelOutput7setDutyEt
                0x0000000008001c3c       0x5c build/obj/./src/timer.opp
                0x0000000008001c3c                TimerChannelOutput::setDuty(unsigned short)
 .text._ZN18TimerChannelOutput10setCompareEt
                0x0000000008001c98       0xa0 build/obj/./src/timer.opp
                0x0000000008001c98                TimerChannelOutput::setCompare(unsigned short)
 .text._ZN18TimerChannelOutput5_initEv
                0x0000000008001d38       0xa0 build/obj/./src/timer.opp
                0x0000000008001d38                TimerChannelOutput::_init()
 .text._ZN5Timer4initEtmtth
                0x0000000008001dd8       0x44 build/obj/./src/timer.opp
                0x0000000008001dd8                Timer::init(unsigned short, unsigned long, unsigned short, unsigned short, unsigned char)
 .text._ZN5Timer13setAutoreloadEm
                0x0000000008001e1c       0x2a build/obj/./src/timer.opp
                0x0000000008001e1c                Timer::setAutoreload(unsigned long)
 *fill*         0x0000000008001e46        0x2 
 .text._ZN5Timer15setClockEnabledE15FunctionalState
                0x0000000008001e48       0x90 build/obj/./src/timer.opp
                0x0000000008001e48                Timer::setClockEnabled(FunctionalState)
 .text._ZN5Timer10setEnabledE15FunctionalState
                0x0000000008001ed8       0x22 build/obj/./src/timer.opp
                0x0000000008001ed8                Timer::setEnabled(FunctionalState)
 .text._ZN5Timer13_initTimeBaseEv
                0x0000000008001efa       0x20 build/obj/./src/timer.opp
                0x0000000008001efa                Timer::_initTimeBase()
 .text._ZN5Timer12setPrescalerEt
                0x0000000008001f1a       0x28 build/obj/./src/timer.opp
                0x0000000008001f1a                Timer::setPrescaler(unsigned short)
 .text._ZN5Timer17setFrequencyForceEt
                0x0000000008001f42       0x82 build/obj/./src/timer.opp
                0x0000000008001f42                Timer::setFrequencyForce(unsigned short)
 .text._ZN5Timer17_executeCallbacksEP11it_callback
                0x0000000008001fc4       0x2a build/obj/./src/timer.opp
                0x0000000008001fc4                Timer::_executeCallbacks(it_callback*)
 .text._ZN5Timer16_deleteCallbacksEv
                0x0000000008001fee       0x12 build/obj/./src/timer.opp
                0x0000000008001fee                Timer::_deleteCallbacks()
 .text._ZN5Timer11_irqHandlerEv
                0x0000000008002000      0x274 build/obj/./src/timer.opp
                0x0000000008002000                Timer::_irqHandler()
 .text.TIM1_CC_IRQHandler
                0x0000000008002274       0x14 build/obj/./src/timer.opp
                0x0000000008002274                TIM1_CC_IRQHandler
 .text.TIM2_IRQHandler
                0x0000000008002288        0xc build/obj/./src/timer.opp
                0x0000000008002288                TIM2_IRQHandler
 .text.TIM3_IRQHandler
                0x0000000008002294        0xc build/obj/./src/timer.opp
                0x0000000008002294                TIM3_IRQHandler
 .text._Z41__static_initialization_and_destruction_0ii
                0x00000000080022a0       0x44 build/obj/./src/timer.opp
 .text._GLOBAL__sub_I_timer1
                0x00000000080022e4       0x10 build/obj/./src/timer.opp
 .text._Z3mapfffff
                0x00000000080022f4       0x7a build/obj/./src/helpers.opp
                0x00000000080022f4                map(float, float, float, float, float)
 *fill*         0x000000000800236e        0x2 
 .text._Z6uDelaym
                0x0000000008002370       0x38 build/obj/./src/scheduling.opp
                0x0000000008002370                uDelay(unsigned long)
 .text._Z6mDelaym
                0x00000000080023a8       0x20 build/obj/./src/scheduling.opp
                0x00000000080023a8                mDelay(unsigned long)
 .text.SysTick_Handler
                0x00000000080023c8       0x2c build/obj/./src/scheduling.opp
                0x00000000080023c8                SysTick_Handler
 .text._ZN4Gpio4initE16GPIOMode_TypeDef17GPIOSpeed_TypeDef
                0x00000000080023f4       0x3c build/obj/./src/gpio.opp
                0x00000000080023f4                Gpio::init(GPIOMode_TypeDef, GPIOSpeed_TypeDef)
 .text._ZN4GpioC2EP12GPIO_TypeDeft
                0x0000000008002430       0x38 build/obj/./src/gpio.opp
                0x0000000008002430                Gpio::Gpio(GPIO_TypeDef*, unsigned short)
                0x0000000008002430                Gpio::Gpio(GPIO_TypeDef*, unsigned short)
 .text._ZN4Gpio12_clockEnableEv
                0x0000000008002468       0x70 build/obj/./src/gpio.opp
                0x0000000008002468                Gpio::_clockEnable()
 .text._ZN4Gpio3setEb
                0x00000000080024d8       0x48 build/obj/./src/gpio.opp
                0x00000000080024d8                Gpio::set(bool)
 .text._ZN4Gpio5resetEv
                0x0000000008002520       0x18 build/obj/./src/gpio.opp
                0x0000000008002520                Gpio::reset()
 .text.Reset_Handler
                0x0000000008002538       0x48 build/obj/./src/startup/startup_stm32f1.os
                0x0000000008002538                Reset_Handler
 .text.Default_Handler
                0x0000000008002580        0x2 build/obj/./src/startup/startup_stm32f1.os
                0x0000000008002580                EXTI2_IRQHandler
                0x0000000008002580                TIM8_TRG_COM_IRQHandler
                0x0000000008002580                TIM8_CC_IRQHandler
                0x0000000008002580                DebugMon_Handler
                0x0000000008002580                HardFault_Handler
                0x0000000008002580                TIM6_IRQHandler
                0x0000000008002580                PVD_IRQHandler
                0x0000000008002580                SDIO_IRQHandler
                0x0000000008002580                PendSV_Handler
                0x0000000008002580                NMI_Handler
                0x0000000008002580                EXTI3_IRQHandler
                0x0000000008002580                EXTI0_IRQHandler
                0x0000000008002580                I2C2_EV_IRQHandler
                0x0000000008002580                UsageFault_Handler
                0x0000000008002580                ADC1_2_IRQHandler
                0x0000000008002580                SPI1_IRQHandler
                0x0000000008002580                TAMPER_IRQHandler
                0x0000000008002580                TIM8_UP_IRQHandler
                0x0000000008002580                DMA2_Channel2_IRQHandler
                0x0000000008002580                DMA1_Channel4_IRQHandler
                0x0000000008002580                USART3_IRQHandler
                0x0000000008002580                RTC_IRQHandler
                0x0000000008002580                DMA1_Channel7_IRQHandler
                0x0000000008002580                CAN1_RX1_IRQHandler
                0x0000000008002580                UART5_IRQHandler
                0x0000000008002580                ADC3_IRQHandler
                0x0000000008002580                TIM4_IRQHandler
                0x0000000008002580                DMA2_Channel1_IRQHandler
                0x0000000008002580                I2C1_EV_IRQHandler
                0x0000000008002580                DMA1_Channel6_IRQHandler
                0x0000000008002580                UART4_IRQHandler
                0x0000000008002580                RCC_IRQHandler
                0x0000000008002580                TIM1_TRG_COM_IRQHandler
                0x0000000008002580                DMA1_Channel1_IRQHandler
                0x0000000008002580                Default_Handler
                0x0000000008002580                EXTI15_10_IRQHandler
                0x0000000008002580                TIM7_IRQHandler
                0x0000000008002580                TIM5_IRQHandler
                0x0000000008002580                EXTI9_5_IRQHandler
                0x0000000008002580                SPI2_IRQHandler
                0x0000000008002580                MemManage_Handler
                0x0000000008002580                SVC_Handler
                0x0000000008002580                DMA1_Channel5_IRQHandler
                0x0000000008002580                EXTI4_IRQHandler
                0x0000000008002580                USB_LP_CAN1_RX0_IRQHandler
                0x0000000008002580                USB_HP_CAN1_TX_IRQHandler
                0x0000000008002580                DMA1_Channel3_IRQHandler
                0x0000000008002580                FSMC_IRQHandler
                0x0000000008002580                TIM1_UP_IRQHandler
                0x0000000008002580                WWDG_IRQHandler
                0x0000000008002580                TIM1_BRK_IRQHandler
                0x0000000008002580                EXTI1_IRQHandler
                0x0000000008002580                RTCAlarm_IRQHandler
                0x0000000008002580                DMA2_Channel4_5_IRQHandler
                0x0000000008002580                USART2_IRQHandler
                0x0000000008002580                I2C2_ER_IRQHandler
                0x0000000008002580                DMA1_Channel2_IRQHandler
                0x0000000008002580                TIM8_BRK_IRQHandler
                0x0000000008002580                CAN1_SCE_IRQHandler
                0x0000000008002580                FLASH_IRQHandler
                0x0000000008002580                BusFault_Handler
                0x0000000008002580                USART1_IRQHandler
                0x0000000008002580                SPI3_IRQHandler
                0x0000000008002580                I2C1_ER_IRQHandler
                0x0000000008002580                USBWakeUp_IRQHandler
                0x0000000008002580                DMA2_Channel3_IRQHandler
 *fill*         0x0000000008002582        0x2 
 .text.NVIC_SetPriority
                0x0000000008002584       0x5c build/obj/src/example/example-pwm.opp
 .text.SysTick_Config
                0x00000000080025e0       0x44 build/obj/src/example/example-pwm.opp
 .text._ZN12TimerChannelC2EP11TIM_TypeDefh
                0x0000000008002624       0x26 build/obj/src/example/example-pwm.opp
                0x0000000008002624                TimerChannel::TimerChannel(TIM_TypeDef*, unsigned char)
                0x0000000008002624                TimerChannel::TimerChannel(TIM_TypeDef*, unsigned char)
 .text._ZN18TimerChannelOutputC2EP11TIM_TypeDefh
                0x000000000800264a       0x2e build/obj/src/example/example-pwm.opp
                0x000000000800264a                TimerChannelOutput::TimerChannelOutput(TIM_TypeDef*, unsigned char)
                0x000000000800264a                TimerChannelOutput::TimerChannelOutput(TIM_TypeDef*, unsigned char)
 .text._ZN5Timer8initFreqEt
                0x0000000008002678       0x34 build/obj/src/example/example-pwm.opp
                0x0000000008002678                Timer::initFreq(unsigned short)
 .text.main     0x00000000080026ac      0x114 build/obj/src/example/example-pwm.opp
                0x00000000080026ac                main
 .text._Z41__static_initialization_and_destruction_0ii
                0x00000000080027c0       0x48 build/obj/src/example/example-pwm.opp
 .text._GLOBAL__sub_I_timer
                0x0000000008002808       0x10 build/obj/src/example/example-pwm.opp
 .text.__aeabi_atexit
                0x0000000008002818        0xa /usr/lib/gcc/arm-none-eabi/8.2.0/../../../../arm-none-eabi/lib/thumb/v7-m/nofp/libstdc++_nano.a(atexit_arm.o)
                0x0000000008002818                __aeabi_atexit
 *fill*         0x0000000008002822        0x2 
 .text.__cxa_atexit
                0x0000000008002824       0x1c /usr/lib/gcc/arm-none-eabi/8.2.0/../../../../arm-none-eabi/lib/thumb/v7-m/nofp/libc_nano.a(lib_a-cxa_atexit.o)
                0x0000000008002824                __cxa_atexit
 .text.__libc_init_array
                0x0000000008002840       0x48 /usr/lib/gcc/arm-none-eabi/8.2.0/../../../../arm-none-eabi/lib/thumb/v7-m/nofp/libc_nano.a(lib_a-init.o)
                0x0000000008002840                __libc_init_array
 .text.malloc   0x0000000008002888       0x10 /usr/lib/gcc/arm-none-eabi/8.2.0/../../../../arm-none-eabi/lib/thumb/v7-m/nofp/libc_nano.a(lib_a-malloc.o)
                0x0000000008002888                malloc
 .text._malloc_r
                0x0000000008002898       0xb4 /usr/lib/gcc/arm-none-eabi/8.2.0/../../../../arm-none-eabi/lib/thumb/v7-m/nofp/libc_nano.a(lib_a-nano-mallocr.o)
                0x0000000008002898                _malloc_r
 .text._sbrk_r  0x000000000800294c       0x20 /usr/lib/gcc/arm-none-eabi/8.2.0/../../../../arm-none-eabi/lib/thumb/v7-m/nofp/libc_nano.a(lib_a-sbrkr.o)
                0x000000000800294c                _sbrk_r
 .text.__register_exitproc
                0x000000000800296c       0xa0 /usr/lib/gcc/arm-none-eabi/8.2.0/../../../../arm-none-eabi/lib/thumb/v7-m/nofp/libc_nano.a(lib_a-__atexit.o)
                0x000000000800296c                __register_exitproc
 .text.__malloc_lock
                0x0000000008002a0c        0x2 /usr/lib/gcc/arm-none-eabi/8.2.0/../../../../arm-none-eabi/lib/thumb/v7-m/nofp/libc_nano.a(lib_a-mlock.o)
                0x0000000008002a0c                __malloc_lock
 .text.__malloc_unlock
                0x0000000008002a0e        0x2 /usr/lib/gcc/arm-none-eabi/8.2.0/../../../../arm-none-eabi/lib/thumb/v7-m/nofp/libc_nano.a(lib_a-mlock.o)
                0x0000000008002a0e                __malloc_unlock
 .text._sbrk    0x0000000008002a10       0x1c /usr/lib/gcc/arm-none-eabi/8.2.0/../../../../arm-none-eabi/lib/thumb/v7-m/nofp/libnosys.a(sbrk.o)
                0x0000000008002a10                _sbrk
 *(.glue_7)
 .glue_7        0x0000000008002a2c        0x0 linker stubs
 *(.glue_7t)
 .glue_7t       0x0000000008002a2c        0x0 linker stubs
 *(.eh_frame)
 .eh_frame      0x0000000008002a2c        0x0 /usr/lib/gcc/arm-none-eabi/8.2.0/thumb/v7-m/nofp/crtbegin.o
 *(.init)
 .init          0x0000000008002a2c        0x4 /usr/lib/gcc/arm-none-eabi/8.2.0/thumb/v7-m/nofp/crti.o
                0x0000000008002a2c                _init
 .init          0x0000000008002a30        0x8 /usr/lib/gcc/arm-none-eabi/8.2.0/thumb/v7-m/nofp/crtn.o
 *(.fini)
 .fini          0x0000000008002a38        0x4 /usr/lib/gcc/arm-none-eabi/8.2.0/thumb/v7-m/nofp/crti.o
                0x0000000008002a38                _fini
 .fini          0x0000000008002a3c        0x8 /usr/lib/gcc/arm-none-eabi/8.2.0/thumb/v7-m/nofp/crtn.o
                0x0000000008002a44                . = ALIGN (0x4)
                0x0000000008002a44                _etext = .

.vfp11_veneer   0x0000000008002a44        0x0
 .vfp11_veneer  0x0000000008002a44        0x0 linker stubs

.v4_bx          0x0000000008002a44        0x0
 .v4_bx         0x0000000008002a44        0x0 linker stubs

.iplt           0x0000000008002a44        0x0
 .iplt          0x0000000008002a44        0x0 /usr/lib/gcc/arm-none-eabi/8.2.0/thumb/v7-m/nofp/crtbegin.o

.rodata         0x0000000008002a44        0x4
                0x0000000008002a44                . = ALIGN (0x4)
 *(.rodata)
 *(.rodata*)
 .rodata.__on_exit_args
                0x0000000008002a44        0x4 /usr/lib/gcc/arm-none-eabi/8.2.0/../../../../arm-none-eabi/lib/thumb/v7-m/nofp/libc_nano.a(lib_a-on_exit_args.o)
                0x0000000008002a44                __on_exit_args
                0x0000000008002a48                . = ALIGN (0x4)

.rel.dyn        0x0000000008002a48        0x0
 .rel.iplt      0x0000000008002a48        0x0 /usr/lib/gcc/arm-none-eabi/8.2.0/thumb/v7-m/nofp/crtbegin.o

.ARM.extab
 *(.ARM.extab* .gnu.linkonce.armextab.*)

.ARM            0x0000000008002a48        0x0
                0x0000000008002a48                __exidx_start = .
 *(.ARM.exidx*)
                0x0000000008002a48                __exidx_end = .

.preinit_array  0x0000000008002a48        0x0
                0x0000000008002a48                PROVIDE (__preinit_array_start = .)
 *(.preinit_array*)
                0x0000000008002a48                PROVIDE (__preinit_array_end = .)

.init_array     0x0000000008002a48        0xc
                0x0000000008002a48                PROVIDE (__init_array_start = .)
 *(SORT_BY_NAME(.init_array.*))
 *(.init_array*)
 .init_array    0x0000000008002a48        0x4 /usr/lib/gcc/arm-none-eabi/8.2.0/thumb/v7-m/nofp/crtbegin.o
 .init_array    0x0000000008002a4c        0x4 build/obj/./src/timer.opp
 .init_array    0x0000000008002a50        0x4 build/obj/src/example/example-pwm.opp
                0x0000000008002a54                PROVIDE (__init_array_end = .)

.fini_array     0x0000000008002a54        0x4
                0x0000000008002a54                PROVIDE (__fini_array_start = .)
 *(SORT_BY_NAME(.fini_array.*))
 *(.fini_array*)
 .fini_array    0x0000000008002a54        0x4 /usr/lib/gcc/arm-none-eabi/8.2.0/thumb/v7-m/nofp/crtbegin.o
                0x0000000008002a58                PROVIDE (__fini_array_end = .)
                0x0000000008002a58                _sidata = LOADADDR (.data)

.data           0x0000000020000000       0x90 load address 0x0000000008002a58
                0x0000000020000000                . = ALIGN (0x4)
                0x0000000020000000                _sdata = .
 *(.data)
 .data          0x0000000020000000       0x14 build/obj/./driver/stm32f1/spl/src/stm32f10x_rcc.o
 .data          0x0000000020000014       0x14 build/obj/./driver/stm32f1/cmsis/device/system_stm32f10x.o
                0x0000000020000014                SystemCoreClock
                0x0000000020000018                AHBPrescTable
 *(.data*)
 .data.__dso_handle
                0x0000000020000028        0x4 /usr/lib/gcc/arm-none-eabi/8.2.0/thumb/v7-m/nofp/crtbegin.o
                0x0000000020000028                __dso_handle
 .data._impure_ptr
                0x000000002000002c        0x4 /usr/lib/gcc/arm-none-eabi/8.2.0/../../../../arm-none-eabi/lib/thumb/v7-m/nofp/libc_nano.a(lib_a-impure.o)
                0x000000002000002c                _impure_ptr
 .data.impure_data
                0x0000000020000030       0x60 /usr/lib/gcc/arm-none-eabi/8.2.0/../../../../arm-none-eabi/lib/thumb/v7-m/nofp/libc_nano.a(lib_a-impure.o)
                0x0000000020000090                . = ALIGN (0x4)
                0x0000000020000090                _edata = .

.igot.plt       0x0000000020000090        0x0 load address 0x0000000008002ae8
 .igot.plt      0x0000000020000090        0x0 /usr/lib/gcc/arm-none-eabi/8.2.0/thumb/v7-m/nofp/crtbegin.o
                0x0000000020000090                . = ALIGN (0x4)

.bss            0x0000000020000090      0x220 load address 0x0000000008002ae8
                0x0000000020000090                _sbss = .
                0x0000000020000090                __bss_start__ = _sbss
 *(.bss)
 *(.bss*)
 .bss.completed.8856
                0x0000000020000090        0x1 /usr/lib/gcc/arm-none-eabi/8.2.0/thumb/v7-m/nofp/crtbegin.o
 *fill*         0x0000000020000091        0x3 
 .bss.object.8861
                0x0000000020000094       0x18 /usr/lib/gcc/arm-none-eabi/8.2.0/thumb/v7-m/nofp/crtbegin.o
 .bss.timer1    0x00000000200000ac       0x30 build/obj/./src/timer.opp
                0x00000000200000ac                timer1
 .bss.MicroSeconds
                0x00000000200000dc        0x4 build/obj/./src/scheduling.opp
                0x00000000200000dc                MicroSeconds
 .bss.systick_frequency
                0x00000000200000e0        0x4 build/obj/./src/scheduling.opp
                0x00000000200000e0                systick_frequency
 .bss.gpio_Led  0x00000000200000e4        0xc build/obj/src/example/example-pwm.opp
                0x00000000200000e4                gpio_Led
 .bss.tco       0x00000000200000f0       0x18 build/obj/src/example/example-pwm.opp
                0x00000000200000f0                tco
 .bss.__malloc_free_list
                0x0000000020000108        0x4 /usr/lib/gcc/arm-none-eabi/8.2.0/../../../../arm-none-eabi/lib/thumb/v7-m/nofp/libc_nano.a(lib_a-nano-mallocr.o)
                0x0000000020000108                __malloc_free_list
 .bss.__malloc_sbrk_start
                0x000000002000010c        0x4 /usr/lib/gcc/arm-none-eabi/8.2.0/../../../../arm-none-eabi/lib/thumb/v7-m/nofp/libc_nano.a(lib_a-nano-mallocr.o)
                0x000000002000010c                __malloc_sbrk_start
 .bss._on_exit_args_instance
                0x0000000020000110      0x108 /usr/lib/gcc/arm-none-eabi/8.2.0/../../../../arm-none-eabi/lib/thumb/v7-m/nofp/libc_nano.a(lib_a-on_exit_args.o)
 .bss._global_atexit0
                0x0000000020000218       0x8c /usr/lib/gcc/arm-none-eabi/8.2.0/../../../../arm-none-eabi/lib/thumb/v7-m/nofp/libc_nano.a(lib_a-__atexit.o)
 .bss._global_atexit
                0x00000000200002a4        0x4 /usr/lib/gcc/arm-none-eabi/8.2.0/../../../../arm-none-eabi/lib/thumb/v7-m/nofp/libc_nano.a(lib_a-__call_atexit.o)
                0x00000000200002a4                _global_atexit
 .bss.heap_end.4194
                0x00000000200002a8        0x4 /usr/lib/gcc/arm-none-eabi/8.2.0/../../../../arm-none-eabi/lib/thumb/v7-m/nofp/libnosys.a(sbrk.o)
 *(COMMON)
 COMMON         0x00000000200002ac        0x4 /usr/lib/gcc/arm-none-eabi/8.2.0/../../../../arm-none-eabi/lib/thumb/v7-m/nofp/libc_nano.a(lib_a-reent.o)
                0x00000000200002ac                errno
                0x00000000200002b0                . = ALIGN (0x4)
                0x00000000200002b0                _ebss = .
                0x00000000200002b0                __bss_end__ = _ebss

._user_heap_stack
                0x00000000200002b0       0x80 load address 0x0000000008002ae8
                0x00000000200002b0                . = ALIGN (0x4)
                0x00000000200002b0                PROVIDE (end = .)
                [!provide]                        PROVIDE (_end = .)
                0x00000000200002b0                . = (. + _Min_Heap_Size)
                0x0000000020000330                . = (. + _Min_Stack_Size)
 *fill*         0x00000000200002b0       0x80 
                0x0000000020000330                . = ALIGN (0x4)

.memory_b1_text
 *(.mb1text)
 *(.mb1text*)
 *(.mb1rodata)
 *(.mb1rodata*)

/DISCARD/
 libc.a(*)
 libm.a(*)
 libgcc.a(*)

.ARM.attributes
                0x0000000000000000       0x29
 *(.ARM.attributes)
 .ARM.attributes
                0x0000000000000000       0x1d /usr/lib/gcc/arm-none-eabi/8.2.0/thumb/v7-m/nofp/crti.o
 .ARM.attributes
                0x000000000000001d       0x2d /usr/lib/gcc/arm-none-eabi/8.2.0/thumb/v7-m/nofp/crtbegin.o
 .ARM.attributes
                0x000000000000004a       0x2d build/obj/./src/timer.opp
 .ARM.attributes
                0x0000000000000077       0x2d build/obj/./src/helpers.opp
 .ARM.attributes
                0x00000000000000a4       0x2d build/obj/./src/scheduling.opp
 .ARM.attributes
                0x00000000000000d1       0x2d build/obj/./src/gpio.opp
 .ARM.attributes
                0x00000000000000fe       0x2d build/obj/./driver/stm32f1/spl/src/stm32f10x_rcc.o
 .ARM.attributes
                0x000000000000012b       0x2d build/obj/./driver/stm32f1/spl/src/stm32f10x_tim.o
 .ARM.attributes
                0x0000000000000158       0x2d build/obj/./driver/stm32f1/spl/src/stm32f10x_gpio.o
 .ARM.attributes
                0x0000000000000185       0x2d build/obj/./driver/stm32f1/cmsis/device/system_stm32f10x.o
 .ARM.attributes
                0x00000000000001b2       0x21 build/obj/./src/startup/startup_stm32f1.os
 .ARM.attributes
                0x00000000000001d3       0x2d build/obj/src/example/example-pwm.opp
 .ARM.attributes
                0x0000000000000200       0x2d /usr/lib/gcc/arm-none-eabi/8.2.0/../../../../arm-none-eabi/lib/thumb/v7-m/nofp/libstdc++_nano.a(atexit_arm.o)
 .ARM.attributes
                0x000000000000022d       0x2d /usr/lib/gcc/arm-none-eabi/8.2.0/../../../../arm-none-eabi/lib/thumb/v7-m/nofp/libc_nano.a(lib_a-cxa_atexit.o)
 .ARM.attributes
                0x000000000000025a       0x2d /usr/lib/gcc/arm-none-eabi/8.2.0/../../../../arm-none-eabi/lib/thumb/v7-m/nofp/libc_nano.a(lib_a-impure.o)
 .ARM.attributes
                0x0000000000000287       0x2d /usr/lib/gcc/arm-none-eabi/8.2.0/../../../../arm-none-eabi/lib/thumb/v7-m/nofp/libc_nano.a(lib_a-init.o)
 .ARM.attributes
                0x00000000000002b4       0x2d /usr/lib/gcc/arm-none-eabi/8.2.0/../../../../arm-none-eabi/lib/thumb/v7-m/nofp/libc_nano.a(lib_a-malloc.o)
 .ARM.attributes
                0x00000000000002e1       0x2d /usr/lib/gcc/arm-none-eabi/8.2.0/../../../../arm-none-eabi/lib/thumb/v7-m/nofp/libc_nano.a(lib_a-nano-mallocr.o)
 .ARM.attributes
                0x000000000000030e       0x2d /usr/lib/gcc/arm-none-eabi/8.2.0/../../../../arm-none-eabi/lib/thumb/v7-m/nofp/libc_nano.a(lib_a-on_exit_args.o)
 .ARM.attributes
                0x000000000000033b       0x2d /usr/lib/gcc/arm-none-eabi/8.2.0/../../../../arm-none-eabi/lib/thumb/v7-m/nofp/libc_nano.a(lib_a-sbrkr.o)
 .ARM.attributes
                0x0000000000000368       0x2d /usr/lib/gcc/arm-none-eabi/8.2.0/../../../../arm-none-eabi/lib/thumb/v7-m/nofp/libc_nano.a(lib_a-__atexit.o)
 .ARM.attributes
                0x0000000000000395       0x2d /usr/lib/gcc/arm-none-eabi/8.2.0/../../../../arm-none-eabi/lib/thumb/v7-m/nofp/libc_nano.a(lib_a-__call_atexit.o)
 .ARM.attributes
                0x00000000000003c2       0x2d /usr/lib/gcc/arm-none-eabi/8.2.0/../../../../arm-none-eabi/lib/thumb/v7-m/nofp/libc_nano.a(lib_a-mlock.o)
 .ARM.attributes
                0x00000000000003ef       0x2d /usr/lib/gcc/arm-none-eabi/8.2.0/../../../../arm-none-eabi/lib/thumb/v7-m/nofp/libc_nano.a(lib_a-reent.o)
 .ARM.attributes
                0x000000000000041c       0x1d /usr/lib/gcc/arm-none-eabi/8.2.0/thumb/v7-m/nofp/libgcc.a(_arm_addsubsf3.o)
 .ARM.attributes
                0x0000000000000439       0x1d /usr/lib/gcc/arm-none-eabi/8.2.0/thumb/v7-m/nofp/libgcc.a(_arm_muldivsf3.o)
 .ARM.attributes
                0x0000000000000456       0x1d /usr/lib/gcc/arm-none-eabi/8.2.0/thumb/v7-m/nofp/libgcc.a(_arm_cmpsf2.o)
 .ARM.attributes
                0x0000000000000473       0x1d /usr/lib/gcc/arm-none-eabi/8.2.0/thumb/v7-m/nofp/libgcc.a(_arm_fixunssfsi.o)
 .ARM.attributes
                0x0000000000000490       0x2d /usr/lib/gcc/arm-none-eabi/8.2.0/../../../../arm-none-eabi/lib/thumb/v7-m/nofp/libnosys.a(sbrk.o)
 .ARM.attributes
                0x00000000000004bd       0x1d /usr/lib/gcc/arm-none-eabi/8.2.0/thumb/v7-m/nofp/crtn.o
OUTPUT(example-pwm.elf elf32-littlearm)

.debug_info     0x0000000000000000     0x95a9
 .debug_info    0x0000000000000000     0x19cb build/obj/./src/timer.opp
 .debug_info    0x00000000000019cb      0xb23 build/obj/./src/helpers.opp
 .debug_info    0x00000000000024ee      0xfb9 build/obj/./src/scheduling.opp
 .debug_info    0x00000000000034a7      0xebf build/obj/./src/gpio.opp
 .debug_info    0x0000000000004366      0x9c7 build/obj/./driver/stm32f1/spl/src/stm32f10x_rcc.o
 .debug_info    0x0000000000004d2d     0x245f build/obj/./driver/stm32f1/spl/src/stm32f10x_tim.o
 .debug_info    0x000000000000718c      0x8a4 build/obj/./driver/stm32f1/spl/src/stm32f10x_gpio.o
 .debug_info    0x0000000000007a30      0x4c8 build/obj/./driver/stm32f1/cmsis/device/system_stm32f10x.o
 .debug_info    0x0000000000007ef8       0x22 build/obj/./src/startup/startup_stm32f1.os
 .debug_info    0x0000000000007f1a     0x168f build/obj/src/example/example-pwm.opp

.debug_abbrev   0x0000000000000000     0x1904
 .debug_abbrev  0x0000000000000000      0x3a5 build/obj/./src/timer.opp
 .debug_abbrev  0x00000000000003a5      0x21c build/obj/./src/helpers.opp
 .debug_abbrev  0x00000000000005c1      0x2e4 build/obj/./src/scheduling.opp
 .debug_abbrev  0x00000000000008a5      0x2c1 build/obj/./src/gpio.opp
 .debug_abbrev  0x0000000000000b66      0x22a build/obj/./driver/stm32f1/spl/src/stm32f10x_rcc.o
 .debug_abbrev  0x0000000000000d90      0x347 build/obj/./driver/stm32f1/spl/src/stm32f10x_tim.o
 .debug_abbrev  0x00000000000010d7      0x262 build/obj/./driver/stm32f1/spl/src/stm32f10x_gpio.o
 .debug_abbrev  0x0000000000001339      0x204 build/obj/./driver/stm32f1/cmsis/device/system_stm32f10x.o
 .debug_abbrev  0x000000000000153d       0x12 build/obj/./src/startup/startup_stm32f1.os
 .debug_abbrev  0x000000000000154f      0x3b5 build/obj/src/example/example-pwm.opp

.debug_aranges  0x0000000000000000      0x370
 .debug_aranges
                0x0000000000000000      0x188 build/obj/./src/timer.opp
 .debug_aranges
                0x0000000000000188       0x38 build/obj/./src/helpers.opp
 .debug_aranges
                0x00000000000001c0       0x50 build/obj/./src/scheduling.opp
 .debug_aranges
                0x0000000000000210       0x60 build/obj/./src/gpio.opp
 .debug_aranges
                0x0000000000000270       0x20 build/obj/./driver/stm32f1/spl/src/stm32f10x_rcc.o
 .debug_aranges
                0x0000000000000290       0x20 build/obj/./driver/stm32f1/spl/src/stm32f10x_tim.o
 .debug_aranges
                0x00000000000002b0       0x20 build/obj/./driver/stm32f1/spl/src/stm32f10x_gpio.o
 .debug_aranges
                0x00000000000002d0       0x20 build/obj/./driver/stm32f1/cmsis/device/system_stm32f10x.o
 .debug_aranges
                0x00000000000002f0       0x28 build/obj/./src/startup/startup_stm32f1.os
 .debug_aranges
                0x0000000000000318       0x58 build/obj/src/example/example-pwm.opp

.debug_ranges   0x0000000000000000      0x2f8
 .debug_ranges  0x0000000000000000      0x178 build/obj/./src/timer.opp
 .debug_ranges  0x0000000000000178       0x28 build/obj/./src/helpers.opp
 .debug_ranges  0x00000000000001a0       0x40 build/obj/./src/scheduling.opp
 .debug_ranges  0x00000000000001e0       0x50 build/obj/./src/gpio.opp
 .debug_ranges  0x0000000000000230       0x48 build/obj/./driver/stm32f1/spl/src/stm32f10x_tim.o
 .debug_ranges  0x0000000000000278       0x18 build/obj/./driver/stm32f1/cmsis/device/system_stm32f10x.o
 .debug_ranges  0x0000000000000290       0x20 build/obj/./src/startup/startup_stm32f1.os
 .debug_ranges  0x00000000000002b0       0x48 build/obj/src/example/example-pwm.opp

.debug_line     0x0000000000000000     0x3994
 .debug_line    0x0000000000000000      0xa26 build/obj/./src/timer.opp
 .debug_line    0x0000000000000a26      0x1e3 build/obj/./src/helpers.opp
 .debug_line    0x0000000000000c09      0x290 build/obj/./src/scheduling.opp
 .debug_line    0x0000000000000e99      0x309 build/obj/./src/gpio.opp
 .debug_line    0x00000000000011a2      0x683 build/obj/./driver/stm32f1/spl/src/stm32f10x_rcc.o
 .debug_line    0x0000000000001825     0x158f build/obj/./driver/stm32f1/spl/src/stm32f10x_tim.o
 .debug_line    0x0000000000002db4      0x582 build/obj/./driver/stm32f1/spl/src/stm32f10x_gpio.o
 .debug_line    0x0000000000003336      0x2d1 build/obj/./driver/stm32f1/cmsis/device/system_stm32f10x.o
 .debug_line    0x0000000000003607       0x7a build/obj/./src/startup/startup_stm32f1.os
 .debug_line    0x0000000000003681      0x313 build/obj/src/example/example-pwm.opp

.debug_str      0x0000000000000000     0x2ca4
 .debug_str     0x0000000000000000     0x12e1 build/obj/./src/timer.opp
                                       0x147c (size before relaxing)
 .debug_str     0x00000000000012e1      0x12e build/obj/./src/helpers.opp
                                        0xbfa (size before relaxing)
 .debug_str     0x000000000000140f      0x4f6 build/obj/./src/scheduling.opp
                                       0x1072 (size before relaxing)
 .debug_str     0x0000000000001905      0x2e6 build/obj/./src/gpio.opp
                                        0xe3f (size before relaxing)
 .debug_str     0x0000000000001beb      0x456 build/obj/./driver/stm32f1/spl/src/stm32f10x_rcc.o
                                        0x636 (size before relaxing)
 .debug_str     0x0000000000002041      0x8ed build/obj/./driver/stm32f1/spl/src/stm32f10x_tim.o
                                        0xe27 (size before relaxing)
 .debug_str     0x000000000000292e      0x224 build/obj/./driver/stm32f1/spl/src/stm32f10x_gpio.o
                                        0x54c (size before relaxing)
 .debug_str     0x0000000000002b52       0x90 build/obj/./driver/stm32f1/cmsis/device/system_stm32f10x.o
                                        0x2f1 (size before relaxing)
 .debug_str     0x0000000000002be2       0x2c build/obj/./src/startup/startup_stm32f1.os
                                         0x60 (size before relaxing)
 .debug_str     0x0000000000002c0e       0x96 build/obj/src/example/example-pwm.opp
                                       0x17d2 (size before relaxing)

.comment        0x0000000000000000       0x1d
 .comment       0x0000000000000000       0x1d build/obj/./src/timer.opp
                                         0x1e (size before relaxing)
 .comment       0x000000000000001d       0x1e build/obj/./src/helpers.opp
 .comment       0x000000000000001d       0x1e build/obj/./src/scheduling.opp
 .comment       0x000000000000001d       0x1e build/obj/./src/gpio.opp
 .comment       0x000000000000001d       0x1e build/obj/./driver/stm32f1/spl/src/stm32f10x_rcc.o
 .comment       0x000000000000001d       0x1e build/obj/./driver/stm32f1/spl/src/stm32f10x_tim.o
 .comment       0x000000000000001d       0x1e build/obj/./driver/stm32f1/spl/src/stm32f10x_gpio.o
 .comment       0x000000000000001d       0x1e build/obj/./driver/stm32f1/cmsis/device/system_stm32f10x.o
 .comment       0x000000000000001d       0x1e build/obj/src/example/example-pwm.opp

.debug_frame    0x0000000000000000     0x18d8
 .debug_frame   0x0000000000000000      0x690 build/obj/./src/timer.opp
 .debug_frame   0x0000000000000690       0xac build/obj/./src/helpers.opp
 .debug_frame   0x000000000000073c      0x110 build/obj/./src/scheduling.opp
 .debug_frame   0x000000000000084c      0x160 build/obj/./src/gpio.opp
 .debug_frame   0x00000000000009ac      0x220 build/obj/./driver/stm32f1/spl/src/stm32f10x_rcc.o
 .debug_frame   0x0000000000000bcc      0x6b0 build/obj/./driver/stm32f1/spl/src/stm32f10x_tim.o
 .debug_frame   0x000000000000127c      0x170 build/obj/./driver/stm32f1/spl/src/stm32f10x_gpio.o
 .debug_frame   0x00000000000013ec       0x38 build/obj/./driver/stm32f1/cmsis/device/system_stm32f10x.o
 .debug_frame   0x0000000000001424      0x12c build/obj/src/example/example-pwm.opp
 .debug_frame   0x0000000000001550       0x20 /usr/lib/gcc/arm-none-eabi/8.2.0/../../../../arm-none-eabi/lib/thumb/v7-m/nofp/libstdc++_nano.a(atexit_arm.o)
 .debug_frame   0x0000000000001570       0x28 /usr/lib/gcc/arm-none-eabi/8.2.0/../../../../arm-none-eabi/lib/thumb/v7-m/nofp/libc_nano.a(lib_a-cxa_atexit.o)
 .debug_frame   0x0000000000001598       0x2c /usr/lib/gcc/arm-none-eabi/8.2.0/../../../../arm-none-eabi/lib/thumb/v7-m/nofp/libc_nano.a(lib_a-init.o)
 .debug_frame   0x00000000000015c4       0x30 /usr/lib/gcc/arm-none-eabi/8.2.0/../../../../arm-none-eabi/lib/thumb/v7-m/nofp/libc_nano.a(lib_a-malloc.o)
 .debug_frame   0x00000000000015f4       0x30 /usr/lib/gcc/arm-none-eabi/8.2.0/../../../../arm-none-eabi/lib/thumb/v7-m/nofp/libc_nano.a(lib_a-nano-mallocr.o)
 .debug_frame   0x0000000000001624       0x2c /usr/lib/gcc/arm-none-eabi/8.2.0/../../../../arm-none-eabi/lib/thumb/v7-m/nofp/libc_nano.a(lib_a-sbrkr.o)
 .debug_frame   0x0000000000001650       0x30 /usr/lib/gcc/arm-none-eabi/8.2.0/../../../../arm-none-eabi/lib/thumb/v7-m/nofp/libc_nano.a(lib_a-__atexit.o)
 .debug_frame   0x0000000000001680       0x3c /usr/lib/gcc/arm-none-eabi/8.2.0/../../../../arm-none-eabi/lib/thumb/v7-m/nofp/libc_nano.a(lib_a-__call_atexit.o)
 .debug_frame   0x00000000000016bc       0x30 /usr/lib/gcc/arm-none-eabi/8.2.0/../../../../arm-none-eabi/lib/thumb/v7-m/nofp/libc_nano.a(lib_a-mlock.o)
 .debug_frame   0x00000000000016ec       0x5c /usr/lib/gcc/arm-none-eabi/8.2.0/../../../../arm-none-eabi/lib/thumb/v7-m/nofp/libc_nano.a(lib_a-reent.o)
 .debug_frame   0x0000000000001748       0x4c /usr/lib/gcc/arm-none-eabi/8.2.0/thumb/v7-m/nofp/libgcc.a(_arm_addsubsf3.o)
 .debug_frame   0x0000000000001794       0x38 /usr/lib/gcc/arm-none-eabi/8.2.0/thumb/v7-m/nofp/libgcc.a(_arm_muldivsf3.o)
 .debug_frame   0x00000000000017cc       0xc8 /usr/lib/gcc/arm-none-eabi/8.2.0/thumb/v7-m/nofp/libgcc.a(_arm_cmpsf2.o)
 .debug_frame   0x0000000000001894       0x24 /usr/lib/gcc/arm-none-eabi/8.2.0/thumb/v7-m/nofp/libgcc.a(_arm_fixunssfsi.o)
 .debug_frame   0x00000000000018b8       0x20 /usr/lib/gcc/arm-none-eabi/8.2.0/../../../../arm-none-eabi/lib/thumb/v7-m/nofp/libnosys.a(sbrk.o)

.debug_loc      0x0000000000000000     0x2d7e
 .debug_loc     0x0000000000000000      0x736 build/obj/./driver/stm32f1/spl/src/stm32f10x_rcc.o
 .debug_loc     0x0000000000000736     0x1f39 build/obj/./driver/stm32f1/spl/src/stm32f10x_tim.o
 .debug_loc     0x000000000000266f      0x657 build/obj/./driver/stm32f1/spl/src/stm32f10x_gpio.o
 .debug_loc     0x0000000000002cc6       0xb8 build/obj/./driver/stm32f1/cmsis/device/system_stm32f10x.o

.stabstr        0x0000000000000000       0x76
 .stabstr       0x0000000000000000       0x76 /usr/lib/gcc/arm-none-eabi/8.2.0/../../../../arm-none-eabi/lib/thumb/v7-m/nofp/libnosys.a(getpid.o)

Cross Reference Table

Symbol                                            File
ADC1_2_IRQHandler                                 build/obj/./src/startup/startup_stm32f1.os
ADC3_IRQHandler                                   build/obj/./src/startup/startup_stm32f1.os
ADC_AnalogWatchdogCmd                             build/obj/./driver/stm32f1/spl/src/stm32f10x_adc.o
ADC_AnalogWatchdogSingleChannelConfig             build/obj/./driver/stm32f1/spl/src/stm32f10x_adc.o
ADC_AnalogWatchdogThresholdsConfig                build/obj/./driver/stm32f1/spl/src/stm32f10x_adc.o
ADC_AutoInjectedConvCmd                           build/obj/./driver/stm32f1/spl/src/stm32f10x_adc.o
ADC_ClearFlag                                     build/obj/./driver/stm32f1/spl/src/stm32f10x_adc.o
ADC_ClearITPendingBit                             build/obj/./driver/stm32f1/spl/src/stm32f10x_adc.o
ADC_Cmd                                           build/obj/./driver/stm32f1/spl/src/stm32f10x_adc.o
ADC_DMACmd                                        build/obj/./driver/stm32f1/spl/src/stm32f10x_adc.o
ADC_DeInit                                        build/obj/./driver/stm32f1/spl/src/stm32f10x_adc.o
ADC_DiscModeChannelCountConfig                    build/obj/./driver/stm32f1/spl/src/stm32f10x_adc.o
ADC_DiscModeCmd                                   build/obj/./driver/stm32f1/spl/src/stm32f10x_adc.o
ADC_ExternalTrigConvCmd                           build/obj/./driver/stm32f1/spl/src/stm32f10x_adc.o
ADC_ExternalTrigInjectedConvCmd                   build/obj/./driver/stm32f1/spl/src/stm32f10x_adc.o
ADC_ExternalTrigInjectedConvConfig                build/obj/./driver/stm32f1/spl/src/stm32f10x_adc.o
ADC_GetCalibrationStatus                          build/obj/./driver/stm32f1/spl/src/stm32f10x_adc.o
ADC_GetConversionValue                            build/obj/./driver/stm32f1/spl/src/stm32f10x_adc.o
ADC_GetDualModeConversionValue                    build/obj/./driver/stm32f1/spl/src/stm32f10x_adc.o
ADC_GetFlagStatus                                 build/obj/./driver/stm32f1/spl/src/stm32f10x_adc.o
ADC_GetITStatus                                   build/obj/./driver/stm32f1/spl/src/stm32f10x_adc.o
ADC_GetInjectedConversionValue                    build/obj/./driver/stm32f1/spl/src/stm32f10x_adc.o
ADC_GetResetCalibrationStatus                     build/obj/./driver/stm32f1/spl/src/stm32f10x_adc.o
ADC_GetSoftwareStartConvStatus                    build/obj/./driver/stm32f1/spl/src/stm32f10x_adc.o
ADC_GetSoftwareStartInjectedConvCmdStatus         build/obj/./driver/stm32f1/spl/src/stm32f10x_adc.o
ADC_ITConfig                                      build/obj/./driver/stm32f1/spl/src/stm32f10x_adc.o
ADC_Init                                          build/obj/./driver/stm32f1/spl/src/stm32f10x_adc.o
ADC_InjectedChannelConfig                         build/obj/./driver/stm32f1/spl/src/stm32f10x_adc.o
ADC_InjectedDiscModeCmd                           build/obj/./driver/stm32f1/spl/src/stm32f10x_adc.o
ADC_InjectedSequencerLengthConfig                 build/obj/./driver/stm32f1/spl/src/stm32f10x_adc.o
ADC_RegularChannelConfig                          build/obj/./driver/stm32f1/spl/src/stm32f10x_adc.o
ADC_ResetCalibration                              build/obj/./driver/stm32f1/spl/src/stm32f10x_adc.o
ADC_SetInjectedOffset                             build/obj/./driver/stm32f1/spl/src/stm32f10x_adc.o
ADC_SoftwareStartConvCmd                          build/obj/./driver/stm32f1/spl/src/stm32f10x_adc.o
ADC_SoftwareStartInjectedConvCmd                  build/obj/./driver/stm32f1/spl/src/stm32f10x_adc.o
ADC_StartCalibration                              build/obj/./driver/stm32f1/spl/src/stm32f10x_adc.o
ADC_StructInit                                    build/obj/./driver/stm32f1/spl/src/stm32f10x_adc.o
ADC_TempSensorVrefintCmd                          build/obj/./driver/stm32f1/spl/src/stm32f10x_adc.o
AHBPrescTable                                     build/obj/./driver/stm32f1/cmsis/device/system_stm32f10x.o
BKP_ClearFlag                                     build/obj/./driver/stm32f1/spl/src/stm32f10x_bkp.o
BKP_ClearITPendingBit                             build/obj/./driver/stm32f1/spl/src/stm32f10x_bkp.o
BKP_DeInit                                        build/obj/./driver/stm32f1/spl/src/stm32f10x_bkp.o
BKP_GetFlagStatus                                 build/obj/./driver/stm32f1/spl/src/stm32f10x_bkp.o
BKP_GetITStatus                                   build/obj/./driver/stm32f1/spl/src/stm32f10x_bkp.o
BKP_ITConfig                                      build/obj/./driver/stm32f1/spl/src/stm32f10x_bkp.o
BKP_RTCOutputConfig                               build/obj/./driver/stm32f1/spl/src/stm32f10x_bkp.o
BKP_ReadBackupRegister                            build/obj/./driver/stm32f1/spl/src/stm32f10x_bkp.o
BKP_SetRTCCalibrationValue                        build/obj/./driver/stm32f1/spl/src/stm32f10x_bkp.o
BKP_TamperPinCmd                                  build/obj/./driver/stm32f1/spl/src/stm32f10x_bkp.o
BKP_TamperPinLevelConfig                          build/obj/./driver/stm32f1/spl/src/stm32f10x_bkp.o
BKP_WriteBackupRegister                           build/obj/./driver/stm32f1/spl/src/stm32f10x_bkp.o
BusFault_Handler                                  build/obj/./src/startup/startup_stm32f1.os
CAN1_RX1_IRQHandler                               build/obj/./src/startup/startup_stm32f1.os
CAN1_SCE_IRQHandler                               build/obj/./src/startup/startup_stm32f1.os
CAN_CancelTransmit                                build/obj/./driver/stm32f1/spl/src/stm32f10x_can.o
CAN_ClearFlag                                     build/obj/./driver/stm32f1/spl/src/stm32f10x_can.o
CAN_ClearITPendingBit                             build/obj/./driver/stm32f1/spl/src/stm32f10x_can.o
CAN_DBGFreeze                                     build/obj/./driver/stm32f1/spl/src/stm32f10x_can.o
CAN_DeInit                                        build/obj/./driver/stm32f1/spl/src/stm32f10x_can.o
CAN_FIFORelease                                   build/obj/./driver/stm32f1/spl/src/stm32f10x_can.o
CAN_FilterInit                                    build/obj/./driver/stm32f1/spl/src/stm32f10x_can.o
CAN_GetFlagStatus                                 build/obj/./driver/stm32f1/spl/src/stm32f10x_can.o
CAN_GetITStatus                                   build/obj/./driver/stm32f1/spl/src/stm32f10x_can.o
CAN_GetLSBTransmitErrorCounter                    build/obj/./driver/stm32f1/spl/src/stm32f10x_can.o
CAN_GetLastErrorCode                              build/obj/./driver/stm32f1/spl/src/stm32f10x_can.o
CAN_GetReceiveErrorCounter                        build/obj/./driver/stm32f1/spl/src/stm32f10x_can.o
CAN_ITConfig                                      build/obj/./driver/stm32f1/spl/src/stm32f10x_can.o
CAN_Init                                          build/obj/./driver/stm32f1/spl/src/stm32f10x_can.o
CAN_MessagePending                                build/obj/./driver/stm32f1/spl/src/stm32f10x_can.o
CAN_OperatingModeRequest                          build/obj/./driver/stm32f1/spl/src/stm32f10x_can.o
CAN_Receive                                       build/obj/./driver/stm32f1/spl/src/stm32f10x_can.o
CAN_SlaveStartBank                                build/obj/./driver/stm32f1/spl/src/stm32f10x_can.o
CAN_Sleep                                         build/obj/./driver/stm32f1/spl/src/stm32f10x_can.o
CAN_StructInit                                    build/obj/./driver/stm32f1/spl/src/stm32f10x_can.o
CAN_TTComModeCmd                                  build/obj/./driver/stm32f1/spl/src/stm32f10x_can.o
CAN_Transmit                                      build/obj/./driver/stm32f1/spl/src/stm32f10x_can.o
CAN_TransmitStatus                                build/obj/./driver/stm32f1/spl/src/stm32f10x_can.o
CAN_WakeUp                                        build/obj/./driver/stm32f1/spl/src/stm32f10x_can.o
CEC_ClearFlag                                     build/obj/./driver/stm32f1/spl/src/stm32f10x_cec.o
CEC_ClearITPendingBit                             build/obj/./driver/stm32f1/spl/src/stm32f10x_cec.o
CEC_Cmd                                           build/obj/./driver/stm32f1/spl/src/stm32f10x_cec.o
CEC_DeInit                                        build/obj/./driver/stm32f1/spl/src/stm32f10x_cec.o
CEC_EndOfMessageCmd                               build/obj/./driver/stm32f1/spl/src/stm32f10x_cec.o
CEC_GetFlagStatus                                 build/obj/./driver/stm32f1/spl/src/stm32f10x_cec.o
CEC_GetITStatus                                   build/obj/./driver/stm32f1/spl/src/stm32f10x_cec.o
CEC_ITConfig                                      build/obj/./driver/stm32f1/spl/src/stm32f10x_cec.o
CEC_Init                                          build/obj/./driver/stm32f1/spl/src/stm32f10x_cec.o
CEC_OwnAddressConfig                              build/obj/./driver/stm32f1/spl/src/stm32f10x_cec.o
CEC_ReceiveDataByte                               build/obj/./driver/stm32f1/spl/src/stm32f10x_cec.o
CEC_SendDataByte                                  build/obj/./driver/stm32f1/spl/src/stm32f10x_cec.o
CEC_SetPrescaler                                  build/obj/./driver/stm32f1/spl/src/stm32f10x_cec.o
CEC_StartOfMessage                                build/obj/./driver/stm32f1/spl/src/stm32f10x_cec.o
CRC_CalcBlockCRC                                  build/obj/./driver/stm32f1/spl/src/stm32f10x_crc.o
CRC_CalcCRC                                       build/obj/./driver/stm32f1/spl/src/stm32f10x_crc.o
CRC_GetCRC                                        build/obj/./driver/stm32f1/spl/src/stm32f10x_crc.o
CRC_GetIDRegister                                 build/obj/./driver/stm32f1/spl/src/stm32f10x_crc.o
CRC_ResetDR                                       build/obj/./driver/stm32f1/spl/src/stm32f10x_crc.o
CRC_SetIDRegister                                 build/obj/./driver/stm32f1/spl/src/stm32f10x_crc.o
DAC_Cmd                                           build/obj/./driver/stm32f1/spl/src/stm32f10x_dac.o
DAC_DMACmd                                        build/obj/./driver/stm32f1/spl/src/stm32f10x_dac.o
DAC_DeInit                                        build/obj/./driver/stm32f1/spl/src/stm32f10x_dac.o
DAC_DualSoftwareTriggerCmd                        build/obj/./driver/stm32f1/spl/src/stm32f10x_dac.o
DAC_GetDataOutputValue                            build/obj/./driver/stm32f1/spl/src/stm32f10x_dac.o
DAC_Init                                          build/obj/./driver/stm32f1/spl/src/stm32f10x_dac.o
DAC_SetChannel1Data                               build/obj/./driver/stm32f1/spl/src/stm32f10x_dac.o
DAC_SetChannel2Data                               build/obj/./driver/stm32f1/spl/src/stm32f10x_dac.o
DAC_SetDualChannelData                            build/obj/./driver/stm32f1/spl/src/stm32f10x_dac.o
DAC_SoftwareTriggerCmd                            build/obj/./driver/stm32f1/spl/src/stm32f10x_dac.o
DAC_StructInit                                    build/obj/./driver/stm32f1/spl/src/stm32f10x_dac.o
DAC_WaveGenerationCmd                             build/obj/./driver/stm32f1/spl/src/stm32f10x_dac.o
DBGMCU_Config                                     build/obj/./driver/stm32f1/spl/src/stm32f10x_dbgmcu.o
DBGMCU_GetDEVID                                   build/obj/./driver/stm32f1/spl/src/stm32f10x_dbgmcu.o
DBGMCU_GetREVID                                   build/obj/./driver/stm32f1/spl/src/stm32f10x_dbgmcu.o
DMA1_Channel1_IRQHandler                          build/obj/./src/startup/startup_stm32f1.os
DMA1_Channel2_IRQHandler                          build/obj/./src/startup/startup_stm32f1.os
DMA1_Channel3_IRQHandler                          build/obj/./src/startup/startup_stm32f1.os
DMA1_Channel4_IRQHandler                          build/obj/./src/startup/startup_stm32f1.os
DMA1_Channel5_IRQHandler                          build/obj/./src/startup/startup_stm32f1.os
DMA1_Channel6_IRQHandler                          build/obj/./src/startup/startup_stm32f1.os
DMA1_Channel7_IRQHandler                          build/obj/./src/startup/startup_stm32f1.os
DMA2_Channel1_IRQHandler                          build/obj/./src/startup/startup_stm32f1.os
DMA2_Channel2_IRQHandler                          build/obj/./src/startup/startup_stm32f1.os
DMA2_Channel3_IRQHandler                          build/obj/./src/startup/startup_stm32f1.os
DMA2_Channel4_5_IRQHandler                        build/obj/./src/startup/startup_stm32f1.os
DMA_ClearFlag                                     build/obj/./driver/stm32f1/spl/src/stm32f10x_dma.o
DMA_ClearITPendingBit                             build/obj/./driver/stm32f1/spl/src/stm32f10x_dma.o
DMA_Cmd                                           build/obj/./driver/stm32f1/spl/src/stm32f10x_dma.o
DMA_DeInit                                        build/obj/./driver/stm32f1/spl/src/stm32f10x_dma.o
DMA_GetCurrDataCounter                            build/obj/./driver/stm32f1/spl/src/stm32f10x_dma.o
DMA_GetFlagStatus                                 build/obj/./driver/stm32f1/spl/src/stm32f10x_dma.o
DMA_GetITStatus                                   build/obj/./driver/stm32f1/spl/src/stm32f10x_dma.o
DMA_ITConfig                                      build/obj/./driver/stm32f1/spl/src/stm32f10x_dma.o
DMA_Init                                          build/obj/./driver/stm32f1/spl/src/stm32f10x_dma.o
DMA_SetCurrDataCounter                            build/obj/./driver/stm32f1/spl/src/stm32f10x_dma.o
DMA_StructInit                                    build/obj/./driver/stm32f1/spl/src/stm32f10x_dma.o
DebugMon_Handler                                  build/obj/./src/startup/startup_stm32f1.os
Default_Handler                                   build/obj/./src/startup/startup_stm32f1.os
Delay(unsigned long)                              build/obj/./src/scheduling.opp
EXTI0_IRQHandler                                  build/obj/./src/startup/startup_stm32f1.os
EXTI15_10_IRQHandler                              build/obj/./src/startup/startup_stm32f1.os
EXTI1_IRQHandler                                  build/obj/./src/startup/startup_stm32f1.os
EXTI2_IRQHandler                                  build/obj/./src/startup/startup_stm32f1.os
EXTI3_IRQHandler                                  build/obj/./src/startup/startup_stm32f1.os
EXTI4_IRQHandler                                  build/obj/./src/startup/startup_stm32f1.os
EXTI9_5_IRQHandler                                build/obj/./src/startup/startup_stm32f1.os
EXTI_ClearFlag                                    build/obj/./driver/stm32f1/spl/src/stm32f10x_exti.o
EXTI_ClearITPendingBit                            build/obj/./driver/stm32f1/spl/src/stm32f10x_exti.o
EXTI_DeInit                                       build/obj/./driver/stm32f1/spl/src/stm32f10x_exti.o
EXTI_GenerateSWInterrupt                          build/obj/./driver/stm32f1/spl/src/stm32f10x_exti.o
EXTI_GetFlagStatus                                build/obj/./driver/stm32f1/spl/src/stm32f10x_exti.o
EXTI_GetITStatus                                  build/obj/./driver/stm32f1/spl/src/stm32f10x_exti.o
EXTI_Init                                         build/obj/./driver/stm32f1/spl/src/stm32f10x_exti.o
EXTI_StructInit                                   build/obj/./driver/stm32f1/spl/src/stm32f10x_exti.o
FLASH_ClearFlag                                   build/obj/./driver/stm32f1/spl/src/stm32f10x_flash.o
FLASH_EnableWriteProtection                       build/obj/./driver/stm32f1/spl/src/stm32f10x_flash.o
FLASH_EraseAllBank1Pages                          build/obj/./driver/stm32f1/spl/src/stm32f10x_flash.o
FLASH_EraseAllPages                               build/obj/./driver/stm32f1/spl/src/stm32f10x_flash.o
FLASH_EraseOptionBytes                            build/obj/./driver/stm32f1/spl/src/stm32f10x_flash.o
FLASH_ErasePage                                   build/obj/./driver/stm32f1/spl/src/stm32f10x_flash.o
FLASH_GetBank1Status                              build/obj/./driver/stm32f1/spl/src/stm32f10x_flash.o
FLASH_GetFlagStatus                               build/obj/./driver/stm32f1/spl/src/stm32f10x_flash.o
FLASH_GetPrefetchBufferStatus                     build/obj/./driver/stm32f1/spl/src/stm32f10x_flash.o
FLASH_GetReadOutProtectionStatus                  build/obj/./driver/stm32f1/spl/src/stm32f10x_flash.o
FLASH_GetStatus                                   build/obj/./driver/stm32f1/spl/src/stm32f10x_flash.o
FLASH_GetUserOptionByte                           build/obj/./driver/stm32f1/spl/src/stm32f10x_flash.o
FLASH_GetWriteProtectionOptionByte                build/obj/./driver/stm32f1/spl/src/stm32f10x_flash.o
FLASH_HalfCycleAccessCmd                          build/obj/./driver/stm32f1/spl/src/stm32f10x_flash.o
FLASH_IRQHandler                                  build/obj/./src/startup/startup_stm32f1.os
FLASH_ITConfig                                    build/obj/./driver/stm32f1/spl/src/stm32f10x_flash.o
FLASH_Lock                                        build/obj/./driver/stm32f1/spl/src/stm32f10x_flash.o
FLASH_LockBank1                                   build/obj/./driver/stm32f1/spl/src/stm32f10x_flash.o
FLASH_PrefetchBufferCmd                           build/obj/./driver/stm32f1/spl/src/stm32f10x_flash.o
FLASH_ProgramHalfWord                             build/obj/./driver/stm32f1/spl/src/stm32f10x_flash.o
FLASH_ProgramOptionByteData                       build/obj/./driver/stm32f1/spl/src/stm32f10x_flash.o
FLASH_ProgramWord                                 build/obj/./driver/stm32f1/spl/src/stm32f10x_flash.o
FLASH_ReadOutProtection                           build/obj/./driver/stm32f1/spl/src/stm32f10x_flash.o
FLASH_SetLatency                                  build/obj/./driver/stm32f1/spl/src/stm32f10x_flash.o
FLASH_Unlock                                      build/obj/./driver/stm32f1/spl/src/stm32f10x_flash.o
FLASH_UnlockBank1                                 build/obj/./driver/stm32f1/spl/src/stm32f10x_flash.o
FLASH_UserOptionByteConfig                        build/obj/./driver/stm32f1/spl/src/stm32f10x_flash.o
FLASH_WaitForLastBank1Operation                   build/obj/./driver/stm32f1/spl/src/stm32f10x_flash.o
FLASH_WaitForLastOperation                        build/obj/./driver/stm32f1/spl/src/stm32f10x_flash.o
FSMC_ClearFlag                                    build/obj/./driver/stm32f1/spl/src/stm32f10x_fsmc.o
FSMC_ClearITPendingBit                            build/obj/./driver/stm32f1/spl/src/stm32f10x_fsmc.o
FSMC_GetECC                                       build/obj/./driver/stm32f1/spl/src/stm32f10x_fsmc.o
FSMC_GetFlagStatus                                build/obj/./driver/stm32f1/spl/src/stm32f10x_fsmc.o
FSMC_GetITStatus                                  build/obj/./driver/stm32f1/spl/src/stm32f10x_fsmc.o
FSMC_IRQHandler                                   build/obj/./src/startup/startup_stm32f1.os
FSMC_ITConfig                                     build/obj/./driver/stm32f1/spl/src/stm32f10x_fsmc.o
FSMC_NANDCmd                                      build/obj/./driver/stm32f1/spl/src/stm32f10x_fsmc.o
FSMC_NANDDeInit                                   build/obj/./driver/stm32f1/spl/src/stm32f10x_fsmc.o
FSMC_NANDECCCmd                                   build/obj/./driver/stm32f1/spl/src/stm32f10x_fsmc.o
FSMC_NANDInit                                     build/obj/./driver/stm32f1/spl/src/stm32f10x_fsmc.o
FSMC_NANDStructInit                               build/obj/./driver/stm32f1/spl/src/stm32f10x_fsmc.o
FSMC_NORSRAMCmd                                   build/obj/./driver/stm32f1/spl/src/stm32f10x_fsmc.o
FSMC_NORSRAMDeInit                                build/obj/./driver/stm32f1/spl/src/stm32f10x_fsmc.o
FSMC_NORSRAMInit                                  build/obj/./driver/stm32f1/spl/src/stm32f10x_fsmc.o
FSMC_NORSRAMStructInit                            build/obj/./driver/stm32f1/spl/src/stm32f10x_fsmc.o
FSMC_PCCARDCmd                                    build/obj/./driver/stm32f1/spl/src/stm32f10x_fsmc.o
FSMC_PCCARDDeInit                                 build/obj/./driver/stm32f1/spl/src/stm32f10x_fsmc.o
FSMC_PCCARDInit                                   build/obj/./driver/stm32f1/spl/src/stm32f10x_fsmc.o
FSMC_PCCARDStructInit                             build/obj/./driver/stm32f1/spl/src/stm32f10x_fsmc.o
GPIO_AFIODeInit                                   build/obj/./driver/stm32f1/spl/src/stm32f10x_gpio.o
GPIO_DeInit                                       build/obj/./driver/stm32f1/spl/src/stm32f10x_gpio.o
GPIO_ETH_MediaInterfaceConfig                     build/obj/./driver/stm32f1/spl/src/stm32f10x_gpio.o
GPIO_EXTILineConfig                               build/obj/./driver/stm32f1/spl/src/stm32f10x_gpio.o
GPIO_EventOutputCmd                               build/obj/./driver/stm32f1/spl/src/stm32f10x_gpio.o
GPIO_EventOutputConfig                            build/obj/./driver/stm32f1/spl/src/stm32f10x_gpio.o
GPIO_Init                                         build/obj/./driver/stm32f1/spl/src/stm32f10x_gpio.o
                                                  build/obj/./src/gpio.opp
GPIO_PinLockConfig                                build/obj/./driver/stm32f1/spl/src/stm32f10x_gpio.o
GPIO_PinRemapConfig                               build/obj/./driver/stm32f1/spl/src/stm32f10x_gpio.o
                                                  build/obj/./src/gpio.opp
GPIO_ReadInputData                                build/obj/./driver/stm32f1/spl/src/stm32f10x_gpio.o
GPIO_ReadInputDataBit                             build/obj/./driver/stm32f1/spl/src/stm32f10x_gpio.o
GPIO_ReadOutputData                               build/obj/./driver/stm32f1/spl/src/stm32f10x_gpio.o
GPIO_ReadOutputDataBit                            build/obj/./driver/stm32f1/spl/src/stm32f10x_gpio.o
GPIO_ResetBits                                    build/obj/./driver/stm32f1/spl/src/stm32f10x_gpio.o
GPIO_SetBits                                      build/obj/./driver/stm32f1/spl/src/stm32f10x_gpio.o
GPIO_StructInit                                   build/obj/./driver/stm32f1/spl/src/stm32f10x_gpio.o
GPIO_Write                                        build/obj/./driver/stm32f1/spl/src/stm32f10x_gpio.o
GPIO_WriteBit                                     build/obj/./driver/stm32f1/spl/src/stm32f10x_gpio.o
Gpio::Gpio(GPIO_TypeDef*, unsigned short)         build/obj/./src/gpio.opp
                                                  build/obj/src/example/example-pwm.opp
Gpio::Gpio(GPIO_TypeDef*, unsigned short)         build/obj/./src/gpio.opp
Gpio::_clockEnable()                              build/obj/./src/gpio.opp
Gpio::configRemap(unsigned long, FunctionalState) build/obj/./src/gpio.opp
Gpio::init(GPIOMode_TypeDef, GPIOSpeed_TypeDef)   build/obj/./src/gpio.opp
                                                  build/obj/src/example/example-pwm.opp
Gpio::readInput()                                 build/obj/./src/gpio.opp
Gpio::readOutput()                                build/obj/./src/gpio.opp
Gpio::reset()                                     build/obj/./src/gpio.opp
Gpio::set(bool)                                   build/obj/./src/gpio.opp
Gpio::toggle()                                    build/obj/./src/gpio.opp
HardFault_Handler                                 build/obj/./src/startup/startup_stm32f1.os
I2C1_ER_IRQHandler                                build/obj/./src/startup/startup_stm32f1.os
I2C1_EV_IRQHandler                                build/obj/./src/startup/startup_stm32f1.os
I2C2_ER_IRQHandler                                build/obj/./src/startup/startup_stm32f1.os
I2C2_EV_IRQHandler                                build/obj/./src/startup/startup_stm32f1.os
I2C_ARPCmd                                        build/obj/./driver/stm32f1/spl/src/stm32f10x_i2c.o
I2C_AcknowledgeConfig                             build/obj/./driver/stm32f1/spl/src/stm32f10x_i2c.o
I2C_CalculatePEC                                  build/obj/./driver/stm32f1/spl/src/stm32f10x_i2c.o
I2C_CheckEvent                                    build/obj/./driver/stm32f1/spl/src/stm32f10x_i2c.o
I2C_ClearFlag                                     build/obj/./driver/stm32f1/spl/src/stm32f10x_i2c.o
I2C_ClearITPendingBit                             build/obj/./driver/stm32f1/spl/src/stm32f10x_i2c.o
I2C_Cmd                                           build/obj/./driver/stm32f1/spl/src/stm32f10x_i2c.o
I2C_DMACmd                                        build/obj/./driver/stm32f1/spl/src/stm32f10x_i2c.o
I2C_DMALastTransferCmd                            build/obj/./driver/stm32f1/spl/src/stm32f10x_i2c.o
I2C_DeInit                                        build/obj/./driver/stm32f1/spl/src/stm32f10x_i2c.o
I2C_DualAddressCmd                                build/obj/./driver/stm32f1/spl/src/stm32f10x_i2c.o
I2C_FastModeDutyCycleConfig                       build/obj/./driver/stm32f1/spl/src/stm32f10x_i2c.o
I2C_GeneralCallCmd                                build/obj/./driver/stm32f1/spl/src/stm32f10x_i2c.o
I2C_GenerateSTART                                 build/obj/./driver/stm32f1/spl/src/stm32f10x_i2c.o
I2C_GenerateSTOP                                  build/obj/./driver/stm32f1/spl/src/stm32f10x_i2c.o
I2C_GetFlagStatus                                 build/obj/./driver/stm32f1/spl/src/stm32f10x_i2c.o
I2C_GetITStatus                                   build/obj/./driver/stm32f1/spl/src/stm32f10x_i2c.o
I2C_GetLastEvent                                  build/obj/./driver/stm32f1/spl/src/stm32f10x_i2c.o
I2C_GetPEC                                        build/obj/./driver/stm32f1/spl/src/stm32f10x_i2c.o
I2C_ITConfig                                      build/obj/./driver/stm32f1/spl/src/stm32f10x_i2c.o
I2C_Init                                          build/obj/./driver/stm32f1/spl/src/stm32f10x_i2c.o
I2C_NACKPositionConfig                            build/obj/./driver/stm32f1/spl/src/stm32f10x_i2c.o
I2C_OwnAddress2Config                             build/obj/./driver/stm32f1/spl/src/stm32f10x_i2c.o
I2C_PECPositionConfig                             build/obj/./driver/stm32f1/spl/src/stm32f10x_i2c.o
I2C_ReadRegister                                  build/obj/./driver/stm32f1/spl/src/stm32f10x_i2c.o
I2C_ReceiveData                                   build/obj/./driver/stm32f1/spl/src/stm32f10x_i2c.o
I2C_SMBusAlertConfig                              build/obj/./driver/stm32f1/spl/src/stm32f10x_i2c.o
I2C_Send7bitAddress                               build/obj/./driver/stm32f1/spl/src/stm32f10x_i2c.o
I2C_SendData                                      build/obj/./driver/stm32f1/spl/src/stm32f10x_i2c.o
I2C_SoftwareResetCmd                              build/obj/./driver/stm32f1/spl/src/stm32f10x_i2c.o
I2C_StretchClockCmd                               build/obj/./driver/stm32f1/spl/src/stm32f10x_i2c.o
I2C_StructInit                                    build/obj/./driver/stm32f1/spl/src/stm32f10x_i2c.o
I2C_TransmitPEC                                   build/obj/./driver/stm32f1/spl/src/stm32f10x_i2c.o
I2S_Cmd                                           build/obj/./driver/stm32f1/spl/src/stm32f10x_spi.o
I2S_Init                                          build/obj/./driver/stm32f1/spl/src/stm32f10x_spi.o
I2S_StructInit                                    build/obj/./driver/stm32f1/spl/src/stm32f10x_spi.o
IWDG_Enable                                       build/obj/./driver/stm32f1/spl/src/stm32f10x_iwdg.o
IWDG_GetFlagStatus                                build/obj/./driver/stm32f1/spl/src/stm32f10x_iwdg.o
IWDG_ReloadCounter                                build/obj/./driver/stm32f1/spl/src/stm32f10x_iwdg.o
IWDG_SetPrescaler                                 build/obj/./driver/stm32f1/spl/src/stm32f10x_iwdg.o
IWDG_SetReload                                    build/obj/./driver/stm32f1/spl/src/stm32f10x_iwdg.o
IWDG_WriteAccessCmd                               build/obj/./driver/stm32f1/spl/src/stm32f10x_iwdg.o
MemManage_Handler                                 build/obj/./src/startup/startup_stm32f1.os
MicroSeconds                                      build/obj/./src/scheduling.opp
NMI_Handler                                       build/obj/./src/startup/startup_stm32f1.os
NVIC_Init                                         build/obj/./driver/stm32f1/spl/src/misc.o
                                                  build/obj/./src/helpers.opp
NVIC_PriorityGroupConfig                          build/obj/./driver/stm32f1/spl/src/misc.o
NVIC_SetVectorTable                               build/obj/./driver/stm32f1/spl/src/misc.o
NVIC_SystemLPConfig                               build/obj/./driver/stm32f1/spl/src/misc.o
PVD_IRQHandler                                    build/obj/./src/startup/startup_stm32f1.os
PWR_BackupAccessCmd                               build/obj/./driver/stm32f1/spl/src/stm32f10x_pwr.o
PWR_ClearFlag                                     build/obj/./driver/stm32f1/spl/src/stm32f10x_pwr.o
PWR_DeInit                                        build/obj/./driver/stm32f1/spl/src/stm32f10x_pwr.o
PWR_EnterSTANDBYMode                              build/obj/./driver/stm32f1/spl/src/stm32f10x_pwr.o
PWR_EnterSTOPMode                                 build/obj/./driver/stm32f1/spl/src/stm32f10x_pwr.o
PWR_GetFlagStatus                                 build/obj/./driver/stm32f1/spl/src/stm32f10x_pwr.o
PWR_PVDCmd                                        build/obj/./driver/stm32f1/spl/src/stm32f10x_pwr.o
PWR_PVDLevelConfig                                build/obj/./driver/stm32f1/spl/src/stm32f10x_pwr.o
PWR_WakeUpPinCmd                                  build/obj/./driver/stm32f1/spl/src/stm32f10x_pwr.o
PendSV_Handler                                    build/obj/./src/startup/startup_stm32f1.os
RCC_ADCCLKConfig                                  build/obj/./driver/stm32f1/spl/src/stm32f10x_rcc.o
RCC_AHBPeriphClockCmd                             build/obj/./driver/stm32f1/spl/src/stm32f10x_rcc.o
RCC_APB1PeriphClockCmd                            build/obj/./driver/stm32f1/spl/src/stm32f10x_rcc.o
                                                  build/obj/./src/timer.opp
RCC_APB1PeriphResetCmd                            build/obj/./driver/stm32f1/spl/src/stm32f10x_rcc.o
                                                  build/obj/./driver/stm32f1/spl/src/stm32f10x_spi.o
                                                  build/obj/./driver/stm32f1/spl/src/stm32f10x_tim.o
                                                  build/obj/./driver/stm32f1/spl/src/stm32f10x_cec.o
                                                  build/obj/./driver/stm32f1/spl/src/stm32f10x_wwdg.o
                                                  build/obj/./driver/stm32f1/spl/src/stm32f10x_usart.o
                                                  build/obj/./driver/stm32f1/spl/src/stm32f10x_i2c.o
                                                  build/obj/./driver/stm32f1/spl/src/stm32f10x_pwr.o
                                                  build/obj/./driver/stm32f1/spl/src/stm32f10x_can.o
                                                  build/obj/./driver/stm32f1/spl/src/stm32f10x_dac.o
RCC_APB2PeriphClockCmd                            build/obj/./driver/stm32f1/spl/src/stm32f10x_rcc.o
                                                  build/obj/./src/gpio.opp
                                                  build/obj/./src/timer.opp
RCC_APB2PeriphResetCmd                            build/obj/./driver/stm32f1/spl/src/stm32f10x_rcc.o
                                                  build/obj/./driver/stm32f1/spl/src/stm32f10x_gpio.o
                                                  build/obj/./driver/stm32f1/spl/src/stm32f10x_spi.o
                                                  build/obj/./driver/stm32f1/spl/src/stm32f10x_adc.o
                                                  build/obj/./driver/stm32f1/spl/src/stm32f10x_tim.o
                                                  build/obj/./driver/stm32f1/spl/src/stm32f10x_usart.o
RCC_AdjustHSICalibrationValue                     build/obj/./driver/stm32f1/spl/src/stm32f10x_rcc.o
RCC_BackupResetCmd                                build/obj/./driver/stm32f1/spl/src/stm32f10x_rcc.o
                                                  build/obj/./driver/stm32f1/spl/src/stm32f10x_bkp.o
RCC_ClearFlag                                     build/obj/./driver/stm32f1/spl/src/stm32f10x_rcc.o
RCC_ClearITPendingBit                             build/obj/./driver/stm32f1/spl/src/stm32f10x_rcc.o
RCC_ClockSecuritySystemCmd                        build/obj/./driver/stm32f1/spl/src/stm32f10x_rcc.o
RCC_DeInit                                        build/obj/./driver/stm32f1/spl/src/stm32f10x_rcc.o
RCC_GetClocksFreq                                 build/obj/./driver/stm32f1/spl/src/stm32f10x_rcc.o
                                                  build/obj/./driver/stm32f1/spl/src/stm32f10x_spi.o
                                                  build/obj/./driver/stm32f1/spl/src/stm32f10x_usart.o
                                                  build/obj/./driver/stm32f1/spl/src/stm32f10x_i2c.o
                                                  build/obj/./src/timer.opp
RCC_GetFlagStatus                                 build/obj/./driver/stm32f1/spl/src/stm32f10x_rcc.o
                                                  build/obj/src/example/example-pwm.opp
RCC_GetITStatus                                   build/obj/./driver/stm32f1/spl/src/stm32f10x_rcc.o
RCC_GetSYSCLKSource                               build/obj/./driver/stm32f1/spl/src/stm32f10x_rcc.o
RCC_HCLKConfig                                    build/obj/./driver/stm32f1/spl/src/stm32f10x_rcc.o
RCC_HSEConfig                                     build/obj/./driver/stm32f1/spl/src/stm32f10x_rcc.o
RCC_HSICmd                                        build/obj/./driver/stm32f1/spl/src/stm32f10x_rcc.o
RCC_IRQHandler                                    build/obj/./src/startup/startup_stm32f1.os
RCC_ITConfig                                      build/obj/./driver/stm32f1/spl/src/stm32f10x_rcc.o
RCC_LSEConfig                                     build/obj/./driver/stm32f1/spl/src/stm32f10x_rcc.o
RCC_LSICmd                                        build/obj/./driver/stm32f1/spl/src/stm32f10x_rcc.o
RCC_MCOConfig                                     build/obj/./driver/stm32f1/spl/src/stm32f10x_rcc.o
RCC_PCLK1Config                                   build/obj/./driver/stm32f1/spl/src/stm32f10x_rcc.o
RCC_PCLK2Config                                   build/obj/./driver/stm32f1/spl/src/stm32f10x_rcc.o
RCC_PLLCmd                                        build/obj/./driver/stm32f1/spl/src/stm32f10x_rcc.o
                                                  build/obj/src/example/example-pwm.opp
RCC_PLLConfig                                     build/obj/./driver/stm32f1/spl/src/stm32f10x_rcc.o
                                                  build/obj/src/example/example-pwm.opp
RCC_RTCCLKCmd                                     build/obj/./driver/stm32f1/spl/src/stm32f10x_rcc.o
RCC_RTCCLKConfig                                  build/obj/./driver/stm32f1/spl/src/stm32f10x_rcc.o
RCC_SYSCLKConfig                                  build/obj/./driver/stm32f1/spl/src/stm32f10x_rcc.o
                                                  build/obj/src/example/example-pwm.opp
RCC_USBCLKConfig                                  build/obj/./driver/stm32f1/spl/src/stm32f10x_rcc.o
RCC_WaitForHSEStartUp                             build/obj/./driver/stm32f1/spl/src/stm32f10x_rcc.o
RTCAlarm_IRQHandler                               build/obj/./src/startup/startup_stm32f1.os
RTC_ClearFlag                                     build/obj/./driver/stm32f1/spl/src/stm32f10x_rtc.o
RTC_ClearITPendingBit                             build/obj/./driver/stm32f1/spl/src/stm32f10x_rtc.o
RTC_EnterConfigMode                               build/obj/./driver/stm32f1/spl/src/stm32f10x_rtc.o
RTC_ExitConfigMode                                build/obj/./driver/stm32f1/spl/src/stm32f10x_rtc.o
RTC_GetCounter                                    build/obj/./driver/stm32f1/spl/src/stm32f10x_rtc.o
RTC_GetDivider                                    build/obj/./driver/stm32f1/spl/src/stm32f10x_rtc.o
RTC_GetFlagStatus                                 build/obj/./driver/stm32f1/spl/src/stm32f10x_rtc.o
RTC_GetITStatus                                   build/obj/./driver/stm32f1/spl/src/stm32f10x_rtc.o
RTC_IRQHandler                                    build/obj/./src/startup/startup_stm32f1.os
RTC_ITConfig                                      build/obj/./driver/stm32f1/spl/src/stm32f10x_rtc.o
RTC_SetAlarm                                      build/obj/./driver/stm32f1/spl/src/stm32f10x_rtc.o
RTC_SetCounter                                    build/obj/./driver/stm32f1/spl/src/stm32f10x_rtc.o
RTC_SetPrescaler                                  build/obj/./driver/stm32f1/spl/src/stm32f10x_rtc.o
RTC_WaitForLastTask                               build/obj/./driver/stm32f1/spl/src/stm32f10x_rtc.o
RTC_WaitForSynchro                                build/obj/./driver/stm32f1/spl/src/stm32f10x_rtc.o
Reset_Handler                                     build/obj/./src/startup/startup_stm32f1.os
SDIO_CEATAITCmd                                   build/obj/./driver/stm32f1/spl/src/stm32f10x_sdio.o
SDIO_ClearFlag                                    build/obj/./driver/stm32f1/spl/src/stm32f10x_sdio.o
SDIO_ClearITPendingBit                            build/obj/./driver/stm32f1/spl/src/stm32f10x_sdio.o
SDIO_ClockCmd                                     build/obj/./driver/stm32f1/spl/src/stm32f10x_sdio.o
SDIO_CmdStructInit                                build/obj/./driver/stm32f1/spl/src/stm32f10x_sdio.o
SDIO_CommandCompletionCmd                         build/obj/./driver/stm32f1/spl/src/stm32f10x_sdio.o
SDIO_DMACmd                                       build/obj/./driver/stm32f1/spl/src/stm32f10x_sdio.o
SDIO_DataConfig                                   build/obj/./driver/stm32f1/spl/src/stm32f10x_sdio.o
SDIO_DataStructInit                               build/obj/./driver/stm32f1/spl/src/stm32f10x_sdio.o
SDIO_DeInit                                       build/obj/./driver/stm32f1/spl/src/stm32f10x_sdio.o
SDIO_GetCommandResponse                           build/obj/./driver/stm32f1/spl/src/stm32f10x_sdio.o
SDIO_GetDataCounter                               build/obj/./driver/stm32f1/spl/src/stm32f10x_sdio.o
SDIO_GetFIFOCount                                 build/obj/./driver/stm32f1/spl/src/stm32f10x_sdio.o
SDIO_GetFlagStatus                                build/obj/./driver/stm32f1/spl/src/stm32f10x_sdio.o
SDIO_GetITStatus                                  build/obj/./driver/stm32f1/spl/src/stm32f10x_sdio.o
SDIO_GetPowerState                                build/obj/./driver/stm32f1/spl/src/stm32f10x_sdio.o
SDIO_GetResponse                                  build/obj/./driver/stm32f1/spl/src/stm32f10x_sdio.o
SDIO_IRQHandler                                   build/obj/./src/startup/startup_stm32f1.os
SDIO_ITConfig                                     build/obj/./driver/stm32f1/spl/src/stm32f10x_sdio.o
SDIO_Init                                         build/obj/./driver/stm32f1/spl/src/stm32f10x_sdio.o
SDIO_ReadData                                     build/obj/./driver/stm32f1/spl/src/stm32f10x_sdio.o
SDIO_SendCEATACmd                                 build/obj/./driver/stm32f1/spl/src/stm32f10x_sdio.o
SDIO_SendCommand                                  build/obj/./driver/stm32f1/spl/src/stm32f10x_sdio.o
SDIO_SendSDIOSuspendCmd                           build/obj/./driver/stm32f1/spl/src/stm32f10x_sdio.o