Archive member included to satisfy reference by file (symbol)

/usr/lib/gcc/arm-none-eabi/8.2.0/../../../../arm-none-eabi/lib/thumb/v6-m/nofp/libstdc++_nano.a(new_op.o)
                              build/obj/./src/timer.opp (operator new(unsigned int))
/usr/lib/gcc/arm-none-eabi/8.2.0/../../../../arm-none-eabi/lib/thumb/v6-m/nofp/libstdc++_nano.a(atexit_arm.o)
                              build/obj/./src/timer.opp (__aeabi_atexit)
/usr/lib/gcc/arm-none-eabi/8.2.0/../../../../arm-none-eabi/lib/thumb/v6-m/nofp/libstdc++_nano.a(del_opv.o)
                              build/obj/./src/adc.opp (operator delete[](void*))
/usr/lib/gcc/arm-none-eabi/8.2.0/../../../../arm-none-eabi/lib/thumb/v6-m/nofp/libstdc++_nano.a(del_op.o)
                              /usr/lib/gcc/arm-none-eabi/8.2.0/../../../../arm-none-eabi/lib/thumb/v6-m/nofp/libstdc++_nano.a(del_opv.o) (operator delete(void*))
/usr/lib/gcc/arm-none-eabi/8.2.0/../../../../arm-none-eabi/lib/thumb/v6-m/nofp/libstdc++_nano.a(new_handler.o)
                              /usr/lib/gcc/arm-none-eabi/8.2.0/../../../../arm-none-eabi/lib/thumb/v6-m/nofp/libstdc++_nano.a(new_op.o) (std::get_new_handler())
/usr/lib/gcc/arm-none-eabi/8.2.0/../../../../arm-none-eabi/lib/thumb/v6-m/nofp/libstdc++_nano.a(new_opv.o)
                              build/obj/./src/adc.opp (operator new[](unsigned int))
/usr/lib/gcc/arm-none-eabi/8.2.0/../../../../arm-none-eabi/lib/thumb/v6-m/nofp/libc_nano.a(lib_a-abort.o)
                              /usr/lib/gcc/arm-none-eabi/8.2.0/../../../../arm-none-eabi/lib/thumb/v6-m/nofp/libstdc++_nano.a(new_op.o) (abort)
/usr/lib/gcc/arm-none-eabi/8.2.0/../../../../arm-none-eabi/lib/thumb/v6-m/nofp/libc_nano.a(lib_a-atexit.o)
                              /usr/lib/gcc/arm-none-eabi/8.2.0/../../../../arm-none-eabi/lib/thumb/v6-m/nofp/crt0.o (atexit)
/usr/lib/gcc/arm-none-eabi/8.2.0/../../../../arm-none-eabi/lib/thumb/v6-m/nofp/libc_nano.a(lib_a-cxa_atexit.o)
                              /usr/lib/gcc/arm-none-eabi/8.2.0/../../../../arm-none-eabi/lib/thumb/v6-m/nofp/libstdc++_nano.a(atexit_arm.o) (__cxa_atexit)
/usr/lib/gcc/arm-none-eabi/8.2.0/../../../../arm-none-eabi/lib/thumb/v6-m/nofp/libc_nano.a(lib_a-exit.o)
                              /usr/lib/gcc/arm-none-eabi/8.2.0/../../../../arm-none-eabi/lib/thumb/v6-m/nofp/crt0.o (exit)
/usr/lib/gcc/arm-none-eabi/8.2.0/../../../../arm-none-eabi/lib/thumb/v6-m/nofp/libc_nano.a(lib_a-fini.o)
                              /usr/lib/gcc/arm-none-eabi/8.2.0/../../../../arm-none-eabi/lib/thumb/v6-m/nofp/crt0.o (__libc_fini_array)
/usr/lib/gcc/arm-none-eabi/8.2.0/../../../../arm-none-eabi/lib/thumb/v6-m/nofp/libc_nano.a(lib_a-impure.o)
                              /usr/lib/gcc/arm-none-eabi/8.2.0/../../../../arm-none-eabi/lib/thumb/v6-m/nofp/libc_nano.a(lib_a-exit.o) (_global_impure_ptr)
/usr/lib/gcc/arm-none-eabi/8.2.0/../../../../arm-none-eabi/lib/thumb/v6-m/nofp/libc_nano.a(lib_a-init.o)
                              /usr/lib/gcc/arm-none-eabi/8.2.0/../../../../arm-none-eabi/lib/thumb/v6-m/nofp/crt0.o (__libc_init_array)
/usr/lib/gcc/arm-none-eabi/8.2.0/../../../../arm-none-eabi/lib/thumb/v6-m/nofp/libc_nano.a(lib_a-malloc.o)
                              /usr/lib/gcc/arm-none-eabi/8.2.0/../../../../arm-none-eabi/lib/thumb/v6-m/nofp/libstdc++_nano.a(new_op.o) (malloc)
/usr/lib/gcc/arm-none-eabi/8.2.0/../../../../arm-none-eabi/lib/thumb/v6-m/nofp/libc_nano.a(lib_a-memset.o)
                              /usr/lib/gcc/arm-none-eabi/8.2.0/../../../../arm-none-eabi/lib/thumb/v6-m/nofp/crt0.o (memset)
/usr/lib/gcc/arm-none-eabi/8.2.0/../../../../arm-none-eabi/lib/thumb/v6-m/nofp/libc_nano.a(lib_a-nano-freer.o)
                              /usr/lib/gcc/arm-none-eabi/8.2.0/../../../../arm-none-eabi/lib/thumb/v6-m/nofp/libc_nano.a(lib_a-malloc.o) (_free_r)
/usr/lib/gcc/arm-none-eabi/8.2.0/../../../../arm-none-eabi/lib/thumb/v6-m/nofp/libc_nano.a(lib_a-nano-mallocr.o)
                              /usr/lib/gcc/arm-none-eabi/8.2.0/../../../../arm-none-eabi/lib/thumb/v6-m/nofp/libc_nano.a(lib_a-malloc.o) (_malloc_r)
/usr/lib/gcc/arm-none-eabi/8.2.0/../../../../arm-none-eabi/lib/thumb/v6-m/nofp/libc_nano.a(lib_a-on_exit_args.o)
                              /usr/lib/gcc/arm-none-eabi/8.2.0/../../../../arm-none-eabi/lib/thumb/v6-m/nofp/libc_nano.a(lib_a-cxa_atexit.o) (__on_exit_args)
/usr/lib/gcc/arm-none-eabi/8.2.0/../../../../arm-none-eabi/lib/thumb/v6-m/nofp/libc_nano.a(lib_a-printf.o)
                              build/obj/./src/printing.opp (printf)
/usr/lib/gcc/arm-none-eabi/8.2.0/../../../../arm-none-eabi/lib/thumb/v6-m/nofp/libc_nano.a(lib_a-puts.o)
                              build/obj/./src/printing.opp (puts)
/usr/lib/gcc/arm-none-eabi/8.2.0/../../../../arm-none-eabi/lib/thumb/v6-m/nofp/libc_nano.a(lib_a-sbrkr.o)
                              /usr/lib/gcc/arm-none-eabi/8.2.0/../../../../arm-none-eabi/lib/thumb/v6-m/nofp/libc_nano.a(lib_a-nano-mallocr.o) (_sbrk_r)
[...]
Memory Configuration

Name             Origin             Length             Attributes
FLASH            0x0000000008000000 0x0000000000004000 xr
RAM              0x0000000020000000 0x0000000000001000 xrw
MEMORY_B1        0x0000000060000000 0x0000000000000000 xr
*default*        0x0000000000000000 0xffffffffffffffff

Linker script and memory map

LOAD /usr/lib/gcc/arm-none-eabi/8.2.0/thumb/v6-m/nofp/crti.o
LOAD /usr/lib/gcc/arm-none-eabi/8.2.0/thumb/v6-m/nofp/crtbegin.o
LOAD /usr/lib/gcc/arm-none-eabi/8.2.0/../../../../arm-none-eabi/lib/thumb/v6-m/nofp/crt0.o
LOAD build/obj/./src/LowPassFilter.opp
LOAD build/obj/./src/timer.opp
LOAD build/obj/./src/adc.opp
LOAD build/obj/./src/printing.opp
LOAD build/obj/./src/crc.opp
LOAD build/obj/./src/helpers.opp
LOAD build/obj/./src/uart.opp
LOAD build/obj/./src/scheduling.opp
LOAD build/obj/./src/gpio.opp
LOAD build/obj/./src/flash.opp
LOAD build/obj/./src/json.opp
LOAD build/obj/./driver/stm32f0/spl/src/stm32f0xx_exti.o
LOAD build/obj/./driver/stm32f0/spl/src/stm32f0xx_dma.o
LOAD build/obj/./driver/stm32f0/spl/src/stm32f0xx_dbgmcu.o
LOAD build/obj/./driver/stm32f0/spl/src/stm32f0xx_dac.o
LOAD build/obj/./driver/stm32f0/spl/src/stm32f0xx_can.o
LOAD build/obj/./driver/stm32f0/spl/src/stm32f0xx_rtc.o
LOAD build/obj/./driver/stm32f0/spl/src/stm32f0xx_pwr.o
LOAD build/obj/./driver/stm32f0/spl/src/stm32f0xx_i2c.o
LOAD build/obj/./driver/stm32f0/spl/src/stm32f0xx_crs.o
LOAD build/obj/./driver/stm32f0/spl/src/stm32f0xx_rcc.o
LOAD build/obj/./driver/stm32f0/spl/src/stm32f0xx_iwdg.o
LOAD build/obj/./driver/stm32f0/spl/src/stm32f0xx_flash.o
LOAD build/obj/./driver/stm32f0/spl/src/stm32f0xx_syscfg.o
LOAD build/obj/./driver/stm32f0/spl/src/stm32f0xx_crc.o
LOAD build/obj/./driver/stm32f0/spl/src/stm32f0xx_usart.o
LOAD build/obj/./driver/stm32f0/spl/src/stm32f0xx_cec.o
LOAD build/obj/./driver/stm32f0/spl/src/stm32f0xx_misc.o
LOAD build/obj/./driver/stm32f0/spl/src/stm32f0xx_wwdg.o
LOAD build/obj/./driver/stm32f0/spl/src/stm32f0xx_adc.o
LOAD build/obj/./driver/stm32f0/spl/src/stm32f0xx_tim.o
LOAD build/obj/./driver/stm32f0/spl/src/stm32f0xx_spi.o
LOAD build/obj/./driver/stm32f0/spl/src/stm32f0xx_gpio.o
LOAD build/obj/./driver/stm32f0/spl/src/stm32f0xx_comp.o
LOAD build/obj/./driver/stm32f0/cmsis/device/system_stm32f0xx.o
LOAD build/obj/./src/startup/startup_stm32f0.os
LOAD build/obj/src/example/example-gpio.opp
                0x0000000000001000                malloc_getpagesize_P = 0x1000
START GROUP
LOAD /usr/lib/gcc/arm-none-eabi/8.2.0/../../../../arm-none-eabi/lib/thumb/v6-m/nofp/libstdc++_nano.a
LOAD /usr/lib/gcc/arm-none-eabi/8.2.0/../../../../arm-none-eabi/lib/thumb/v6-m/nofp/libsupc++_nano.a
END GROUP
LOAD /usr/lib/gcc/arm-none-eabi/8.2.0/../../../../arm-none-eabi/lib/thumb/v6-m/nofp/libstdc++_nano.a
LOAD /usr/lib/gcc/arm-none-eabi/8.2.0/../../../../arm-none-eabi/lib/thumb/v6-m/nofp/libm.a
LOAD /usr/lib/gcc/arm-none-eabi/8.2.0/../../../../arm-none-eabi/lib/thumb/v6-m/nofp/libc_nano.a
START GROUP
LOAD /usr/lib/gcc/arm-none-eabi/8.2.0/thumb/v6-m/nofp/libgcc.a
LOAD /usr/lib/gcc/arm-none-eabi/8.2.0/../../../../arm-none-eabi/lib/thumb/v6-m/nofp/libc_nano.a
END GROUP
START GROUP
LOAD /usr/lib/gcc/arm-none-eabi/8.2.0/thumb/v6-m/nofp/libgcc.a
LOAD /usr/lib/gcc/arm-none-eabi/8.2.0/../../../../arm-none-eabi/lib/thumb/v6-m/nofp/libc_nano.a
LOAD /usr/lib/gcc/arm-none-eabi/8.2.0/../../../../arm-none-eabi/lib/thumb/v6-m/nofp/libnosys.a
END GROUP
START GROUP
LOAD /usr/lib/gcc/arm-none-eabi/8.2.0/thumb/v6-m/nofp/libgcc.a
LOAD /usr/lib/gcc/arm-none-eabi/8.2.0/../../../../arm-none-eabi/lib/thumb/v6-m/nofp/libc_nano.a
LOAD /usr/lib/gcc/arm-none-eabi/8.2.0/../../../../arm-none-eabi/lib/thumb/v6-m/nofp/libnosys.a
END GROUP
LOAD /usr/lib/gcc/arm-none-eabi/8.2.0/thumb/v6-m/nofp/crtend.o
LOAD /usr/lib/gcc/arm-none-eabi/8.2.0/thumb/v6-m/nofp/crtn.o
                0x0000000020001000                _estack = 0x20001000
                0x0000000000000000                _Min_Heap_Size = 0x0
                0x0000000000000080                _Min_Stack_Size = 0x80

.isr_vector     0x0000000008000000       0xc0
                0x0000000008000000                . = ALIGN (0x4)
 *(.isr_vector)
 .isr_vector    0x0000000008000000       0xc0 build/obj/./src/startup/startup_stm32f0.os
                0x0000000008000000                g_pfnVectors
                0x00000000080000c0                . = ALIGN (0x4)

.text           0x00000000080000c0     0x26c4
                0x00000000080000c0                . = ALIGN (0x4)
 *(.text)
 .text          0x00000000080000c0      0x5fc build/obj/./driver/stm32f0/spl/src/stm32f0xx_rcc.o
                0x00000000080000c0                RCC_DeInit
                0x0000000008000120                RCC_HSEConfig
                0x0000000008000130                RCC_AdjustHSICalibrationValue
                0x0000000008000144                RCC_HSICmd
                0x0000000008000160                RCC_AdjustHSI14CalibrationValue
                0x0000000008000174                RCC_HSI14Cmd
                0x0000000008000190                RCC_HSI14ADCRequestCmd
                0x00000000080001ac                RCC_LSEConfig
                0x00000000080001cc                RCC_LSEDriveConfig
                0x00000000080001e4                RCC_LSICmd
                0x0000000008000200                RCC_PLLConfig
                0x0000000008000220                RCC_PLLCmd
                0x0000000008000244                RCC_HSI48Cmd
                0x0000000008000268                RCC_PREDIV1Config
                0x000000000800027c                RCC_ClockSecuritySystemCmd
                0x00000000080002a0                RCC_MCOConfig
                0x00000000080002b8                RCC_SYSCLKConfig
                0x00000000080002cc                RCC_GetSYSCLKSource
                0x00000000080002dc                RCC_HCLKConfig
                0x00000000080002f0                RCC_PCLKConfig
                0x0000000008000308                RCC_ADCCLKConfig
                0x0000000008000338                RCC_CECCLKConfig
                0x0000000008000350                RCC_I2CCLKConfig
                0x0000000008000368                RCC_USARTCLKConfig
                0x000000000800039c                RCC_USBCLKConfig
                0x00000000080003b4                RCC_GetClocksFreq
                0x0000000008000530                RCC_RTCCLKConfig
                0x0000000008000540                RCC_RTCCLKCmd
                0x0000000008000564                RCC_BackupResetCmd
                0x0000000008000588                RCC_AHBPeriphClockCmd
                0x00000000080005a0                RCC_APB2PeriphClockCmd
                0x00000000080005b8                RCC_APB1PeriphClockCmd
                0x00000000080005d0                RCC_AHBPeriphResetCmd
                0x00000000080005e8                RCC_APB2PeriphResetCmd
                0x0000000008000600                RCC_APB1PeriphResetCmd
                0x0000000008000618                RCC_ITConfig
                0x0000000008000630                RCC_GetFlagStatus
                0x000000000800065c                RCC_WaitForHSEStartUp
                0x000000000800068a                RCC_ClearFlag
                0x000000000800069c                RCC_GetITStatus
                0x00000000080006b0                RCC_ClearITPendingBit
 .text          0x00000000080006bc      0x580 build/obj/./driver/stm32f0/spl/src/stm32f0xx_usart.o
                0x00000000080006bc                USART_DeInit
                0x000000000800079c                USART_Init
                0x0000000008000848                USART_StructInit
                0x000000000800085e                USART_ClockInit
                0x0000000008000880                USART_ClockStructInit
                0x000000000800088c                USART_Cmd
                0x00000000080008a0                USART_DirectionModeCmd
                0x00000000080008b0                USART_OverSampling8Cmd
                0x00000000080008cc                USART_OneBitMethodCmd
                0x00000000080008e8                USART_MSBFirstCmd
                0x0000000008000904                USART_DataInvCmd
                0x0000000008000920                USART_InvPinCmd
                0x0000000008000930                USART_SWAPPinCmd
                0x000000000800094c                USART_ReceiverTimeOutCmd
                0x0000000008000968                USART_SetReceiverTimeOut
                0x0000000008000978                USART_SetPrescaler
                0x0000000008000988                USART_STOPModeCmd
                0x000000000800099c                USART_StopModeWakeUpSourceConfig
                0x00000000080009b0                USART_AutoBaudRateCmd
                0x00000000080009cc                USART_AutoBaudRateConfig
                0x00000000080009e0                USART_SendData
                0x00000000080009e8                USART_ReceiveData
                0x00000000080009f0                USART_SetAddress
                0x0000000008000a02                USART_MuteModeCmd
                0x0000000008000a20                USART_MuteModeWakeUpConfig
                0x0000000008000a34                USART_AddressDetectionConfig
                0x0000000008000a44                USART_LINBreakDetectLengthConfig
                0x0000000008000a54                USART_LINCmd
                0x0000000008000a70                USART_HalfDuplexCmd
                0x0000000008000a84                USART_SetGuardTime
                0x0000000008000a94                USART_SmartCardCmd
                0x0000000008000aa8                USART_SmartCardNACKCmd
                0x0000000008000abc                USART_SetAutoRetryCount
                0x0000000008000ad4                USART_SetBlockLength
                0x0000000008000ae6                USART_IrDAConfig
                0x0000000008000af6                USART_IrDACmd
                0x0000000008000b0a                USART_DECmd
                0x0000000008000b28                USART_DEPolarityConfig
                0x0000000008000b3c                USART_SetDEAssertionTime
                0x0000000008000b54                USART_SetDEDeassertionTime
                0x0000000008000b6c                USART_DMACmd
                0x0000000008000b7c                USART_DMAReceptionErrorConfig
                0x0000000008000b90                USART_ITConfig
                0x0000000008000bbe                USART_RequestCmd
                0x0000000008000bd2                USART_OverrunDetectionConfig
                0x0000000008000be8                USART_GetFlagStatus
                0x0000000008000bf4                USART_ClearFlag
                0x0000000008000bf8                USART_GetITStatus
                0x0000000008000c30                USART_ClearITPendingBit
 .text          0x0000000008000c3c      0x9e4 build/obj/./driver/stm32f0/spl/src/stm32f0xx_tim.o
                0x0000000008000c98                TIM_DeInit
                0x0000000008000d8c                TIM_TimeBaseInit
                0x0000000008000e04                TIM_TimeBaseStructInit
                0x0000000008000e14                TIM_PrescalerConfig
                0x0000000008000e1a                TIM_CounterModeConfig
                0x0000000008000e26                TIM_SetCounter
                0x0000000008000e2a                TIM_SetAutoreload
                0x0000000008000e2e                TIM_GetCounter
                0x0000000008000e32                TIM_GetPrescaler
                0x0000000008000e38                TIM_UpdateDisableConfig
                0x0000000008000e4c                TIM_UpdateRequestConfig
                0x0000000008000e60                TIM_ARRPreloadConfig
                0x0000000008000e74                TIM_SelectOnePulseMode
                0x0000000008000e84                TIM_SetClockDivision
                0x0000000008000e98                TIM_Cmd
                0x0000000008000eac                TIM_BDTRConfig
                0x0000000008000ecc                TIM_BDTRStructInit
                0x0000000008000ede                TIM_CtrlPWMOutputs
                0x0000000008000ef6                TIM_OC1Init
                0x0000000008000f74                TIM_OC2Init
                0x0000000008001004                TIM_OC3Init
                0x0000000008001080                TIM_OC4Init
                0x00000000080010e0                TIM_OCStructInit
                0x00000000080010ee                TIM_SelectOCxM
                0x000000000800112c                TIM_SetCompare1
                0x0000000008001130                TIM_SetCompare2
                0x0000000008001134                TIM_SetCompare3
                0x0000000008001138                TIM_SetCompare4
                0x000000000800113c                TIM_ForcedOC1Config
                0x0000000008001148                TIM_ForcedOC2Config
                0x000000000800115c                TIM_ForcedOC3Config
                0x0000000008001168                TIM_ForcedOC4Config
                0x000000000800117c                TIM_CCPreloadControl
                0x0000000008001190                TIM_OC1PreloadConfig
                0x000000000800119c                TIM_OC2PreloadConfig
                0x00000000080011b0                TIM_OC3PreloadConfig
                0x00000000080011bc                TIM_OC4PreloadConfig
                0x00000000080011d0                TIM_OC1FastConfig
                0x00000000080011dc                TIM_OC2FastConfig
                0x00000000080011f0                TIM_OC3FastConfig
                0x00000000080011fc                TIM_OC4FastConfig
                0x0000000008001210                TIM_ClearOC1Ref
                0x000000000800121c                TIM_ClearOC2Ref
                0x000000000800122c                TIM_ClearOC3Ref
                0x0000000008001238                TIM_ClearOC4Ref
                0x0000000008001248                TIM_OC1PolarityConfig
                0x0000000008001254                TIM_OC1NPolarityConfig
                0x0000000008001260                TIM_OC2PolarityConfig
                0x0000000008001270                TIM_OC2NPolarityConfig
                0x0000000008001280                TIM_OC3PolarityConfig
                0x0000000008001294                TIM_OC3NPolarityConfig
                0x00000000080012a8                TIM_OC4PolarityConfig
                0x00000000080012bc                TIM_SelectOCREFClear
                0x00000000080012cc                TIM_CCxCmd
                0x00000000080012e4                TIM_CCxNCmd
                0x00000000080012fc                TIM_SelectCOM
                0x0000000008001310                TIM_ICStructInit
                0x0000000008001320                TIM_GetCapture1
                0x0000000008001324                TIM_GetCapture2
                0x0000000008001328                TIM_GetCapture3
                0x000000000800132c                TIM_GetCapture4
                0x0000000008001330                TIM_SetIC1Prescaler
                0x0000000008001340                TIM_SetIC2Prescaler
                0x0000000008001358                TIM_PWMIConfig
                0x00000000080013c0                TIM_SetIC3Prescaler
                0x00000000080013d0                TIM_SetIC4Prescaler
                0x00000000080013e8                TIM_ICInit
                0x00000000080014a8                TIM_ITConfig
                0x00000000080014b8                TIM_GenerateEvent
                0x00000000080014bc                TIM_GetFlagStatus
                0x00000000080014c8                TIM_ClearFlag
                0x00000000080014d0                TIM_GetITStatus
                0x00000000080014e6                TIM_ClearITPendingBit
                0x00000000080014ee                TIM_DMAConfig
                0x00000000080014f6                TIM_DMACmd
                0x00000000080014fe                TIM_SelectCCDMA
                0x0000000008001512                TIM_InternalClockConfig
                0x000000000800151c                TIM_ITRxExternalClockConfig
                0x0000000008001530                TIM_TIxExternalClockConfig
                0x000000000800155c                TIM_SelectInputTrigger
                0x0000000008001568                TIM_SelectOutputTrigger
                0x0000000008001578                TIM_SelectSlaveMode
                0x0000000008001588                TIM_SelectMasterSlaveMode
                0x0000000008001598                TIM_ETRConfig
                0x00000000080015ac                TIM_ETRClockMode1Config
                0x00000000080015c0                TIM_ETRClockMode2Config
                0x00000000080015d4                TIM_EncoderInterfaceConfig
                0x0000000008001604                TIM_SelectHallSensor
                0x0000000008001618                TIM_RemapConfig
 .text          0x0000000008001620      0x1bc build/obj/./driver/stm32f0/spl/src/stm32f0xx_gpio.o
                0x0000000008001620                GPIO_DeInit
                0x00000000080016cc                GPIO_Init
                0x0000000008001746                GPIO_StructInit
                0x0000000008001758                GPIO_PinLockConfig
                0x000000000800177c                GPIO_ReadInputDataBit
                0x0000000008001788                GPIO_ReadInputData
                0x000000000800178e                GPIO_ReadOutputDataBit
                0x000000000800179a                GPIO_ReadOutputData
                0x00000000080017a0                GPIO_SetBits
                0x00000000080017a4                GPIO_ResetBits
                0x00000000080017a8                GPIO_WriteBit
                0x00000000080017b4                GPIO_Write
                0x00000000080017b8                GPIO_PinAFConfig
 .text          0x00000000080017dc      0x15c build/obj/./driver/stm32f0/cmsis/device/system_stm32f0xx.o
                0x00000000080017dc                SystemInit
                0x00000000080018d4                SystemCoreClockUpdate
 .text          0x0000000008001938       0x14 /usr/lib/gcc/arm-none-eabi/8.2.0/thumb/v6-m/nofp/libgcc.a(_thumb1_case_uqi.o)
                0x0000000008001938                __gnu_thumb1_case_uqi
 .text          0x000000000800194c       0x8c /usr/lib/gcc/arm-none-eabi/8.2.0/thumb/v6-m/nofp/libgcc.a(_udivsi3.o)
                0x000000000800194c                __udivsi3
                0x000000000800194c                __aeabi_uidiv
                0x00000000080019c4                __aeabi_uidivmod
 .text          0x00000000080019d8        0x4 /usr/lib/gcc/arm-none-eabi/8.2.0/thumb/v6-m/nofp/libgcc.a(_dvmd_tls.o)
                0x00000000080019d8                __aeabi_ldiv0
                0x00000000080019d8                __aeabi_idiv0
 *(.text*)
 .text.__do_global_dtors_aux
                0x00000000080019dc       0x28 /usr/lib/gcc/arm-none-eabi/8.2.0/thumb/v6-m/nofp/crtbegin.o
 .text.frame_dummy
                0x0000000008001a04       0x20 /usr/lib/gcc/arm-none-eabi/8.2.0/thumb/v6-m/nofp/crtbegin.o
 .text._ZN5TimerC2EP11TIM_TypeDef
                0x0000000008001a24       0x78 build/obj/./src/timer.opp
                0x0000000008001a24                Timer::Timer(TIM_TypeDef*)
                0x0000000008001a24                Timer::Timer(TIM_TypeDef*)
 .text._ZN5TimerD2Ev
                0x0000000008001a9c       0x1a build/obj/./src/timer.opp
                0x0000000008001a9c                Timer::~Timer()
                0x0000000008001a9c                Timer::~Timer()
 *fill*         0x0000000008001ab6        0x2 
 .text._ZN5Timer15setClockEnabledE15FunctionalState
                0x0000000008001ab8       0xa4 build/obj/./src/timer.opp
                0x0000000008001ab8                Timer::setClockEnabled(FunctionalState)
 .text._ZN5Timer17_executeCallbacksEP11it_callback
                0x0000000008001b5c       0x2a build/obj/./src/timer.opp
                0x0000000008001b5c                Timer::_executeCallbacks(it_callback*)
 .text._ZN5Timer16_deleteCallbacksEv
                0x0000000008001b86       0x10 build/obj/./src/timer.opp
                0x0000000008001b86                Timer::_deleteCallbacks()
 *fill*         0x0000000008001b96        0x2 
 .text._ZN5Timer11_irqHandlerEv
                0x0000000008001b98      0x1e8 build/obj/./src/timer.opp
                0x0000000008001b98                Timer::_irqHandler()
 .text.TIM1_BRK_UP_TRG_COM_IRQHandler
                0x0000000008001d80        0xa build/obj/./src/timer.opp
                0x0000000008001d80                TIM1_BRK_UP_TRG_COM_IRQHandler
 .text.TIM1_CC_IRQHandler
                0x0000000008001d8a        0xa build/obj/./src/timer.opp
                0x0000000008001d8a                TIM1_CC_IRQHandler
 .text.TIM2_IRQHandler
                0x0000000008001d94        0xa build/obj/./src/timer.opp
                0x0000000008001d94                TIM2_IRQHandler
 *fill*         0x0000000008001d9e        0x2 
 .text.TIM3_IRQHandler
                0x0000000008001da0       0x18 build/obj/./src/timer.opp
                0x0000000008001da0                TIM3_IRQHandler
 .text._Z41__static_initialization_and_destruction_0ii
                0x0000000008001db8       0x4c build/obj/./src/timer.opp
 .text._GLOBAL__sub_I_timer3
                0x0000000008001e04       0x18 build/obj/./src/timer.opp
 .text._ZN4UartC2EP13USART_TypeDef
                0x0000000008001e1c       0x26 build/obj/./src/uart.opp
                0x0000000008001e1c                Uart::Uart(USART_TypeDef*)
                0x0000000008001e1c                Uart::Uart(USART_TypeDef*)
 *fill*         0x0000000008001e42        0x2 
 .text._ZN4Uart15setClockEnabledE15FunctionalState
                0x0000000008001e44       0x3c build/obj/./src/uart.opp
                0x0000000008001e44                Uart::setClockEnabled(FunctionalState)
 .text.USART1_IRQHandler
                0x0000000008001e80      0x154 build/obj/./src/uart.opp
                0x0000000008001e80                USART1_IRQHandler
 .text._Z41__static_initialization_and_destruction_0ii
                0x0000000008001fd4       0x38 build/obj/./src/uart.opp
 .text._GLOBAL__sub_I__ZN4Uart15setClockEnabledE15FunctionalState
                0x000000000800200c       0x18 build/obj/./src/uart.opp
 .text._Z6uDelaym
                0x0000000008002024       0x34 build/obj/./src/scheduling.opp
                0x0000000008002024                uDelay(unsigned long)
 .text._Z6mDelaym
                0x0000000008002058       0x24 build/obj/./src/scheduling.opp
                0x0000000008002058                mDelay(unsigned long)
 .text.SysTick_Handler
                0x000000000800207c       0x30 build/obj/./src/scheduling.opp
                0x000000000800207c                SysTick_Handler
 .text._ZN4Gpio4initE16GPIOMode_TypeDef16GPIOPuPd_TypeDef17GPIOOType_TypeDef17GPIOSpeed_TypeDef
                0x00000000080020ac       0x6c build/obj/./src/gpio.opp
                0x00000000080020ac                Gpio::init(GPIOMode_TypeDef, GPIOPuPd_TypeDef, GPIOOType_TypeDef, GPIOSpeed_TypeDef)
 .text._ZN4GpioC2EP12GPIO_TypeDeft
                0x0000000008002118       0x3e build/obj/./src/gpio.opp
                0x0000000008002118                Gpio::Gpio(GPIO_TypeDef*, unsigned short)
                0x0000000008002118                Gpio::Gpio(GPIO_TypeDef*, unsigned short)
 *fill*         0x0000000008002156        0x2 
 .text._ZN4Gpio12_clockEnableEv
                0x0000000008002158       0x7c build/obj/./src/gpio.opp
                0x0000000008002158                Gpio::_clockEnable()
 .text._ZN4Gpio3setEb
                0x00000000080021d4       0x52 build/obj/./src/gpio.opp
                0x00000000080021d4                Gpio::set(bool)
 .text._ZN4Gpio5resetEv
                0x0000000008002226       0x1a build/obj/./src/gpio.opp
                0x0000000008002226                Gpio::reset()
 .text._ZN4Gpio10readOutputEv
                0x0000000008002240       0x44 build/obj/./src/gpio.opp
                0x0000000008002240                Gpio::readOutput()
 .text._ZN4Gpio6toggleEv
                0x0000000008002284       0x46 build/obj/./src/gpio.opp
                0x0000000008002284                Gpio::toggle()
 *fill*         0x00000000080022ca        0x2 
 .text.Reset_Handler
                0x00000000080022cc       0x50 build/obj/./src/startup/startup_stm32f0.os
                0x00000000080022cc                Reset_Handler
 .text.Default_Handler
                0x000000000800231c        0x2 build/obj/./src/startup/startup_stm32f0.os
                0x000000000800231c                TSC_IRQHandler
                0x000000000800231c                HardFault_Handler
                0x000000000800231c                ADC1_COMP_IRQHandler
                0x000000000800231c                PVD_IRQHandler
                0x000000000800231c                PendSV_Handler
                0x000000000800231c                NMI_Handler
                0x000000000800231c                I2C1_IRQHandler
                0x000000000800231c                RCC_CRS_IRQHandler
                0x000000000800231c                SPI1_IRQHandler
                0x000000000800231c                TIM6_DAC_IRQHandler
                0x000000000800231c                EXTI2_3_IRQHandler
                0x000000000800231c                I2C2_IRQHandler
                0x000000000800231c                TIM17_IRQHandler
                0x000000000800231c                CEC_CAN_IRQHandler
                0x000000000800231c                RTC_IRQHandler
                0x000000000800231c                TIM16_IRQHandler
                0x000000000800231c                EXTI4_15_IRQHandler
                0x000000000800231c                DMA1_Channel1_IRQHandler
                0x000000000800231c                Default_Handler
                0x000000000800231c                TIM14_IRQHandler
                0x000000000800231c                DMA1_Channel4_5_IRQHandler
                0x000000000800231c                TIM15_IRQHandler
                0x000000000800231c                EXTI0_1_IRQHandler
                0x000000000800231c                SPI2_IRQHandler
                0x000000000800231c                SVC_Handler
                0x000000000800231c                WWDG_IRQHandler
                0x000000000800231c                DMA1_Channel2_3_IRQHandler
                0x000000000800231c                USART2_IRQHandler
                0x000000000800231c                FLASH_IRQHandler
 *fill*         0x000000000800231e        0x2 
 .text.NVIC_SetPriority
                0x0000000008002320       0xf8 build/obj/src/example/example-gpio.opp
 .text.SysTick_Config
                0x0000000008002418       0x48 build/obj/src/example/example-gpio.opp
 .text.main     0x0000000008002460       0x8c build/obj/src/example/example-gpio.opp
                0x0000000008002460                main
 .text._Z41__static_initialization_and_destruction_0ii
                0x00000000080024ec       0x38 build/obj/src/example/example-gpio.opp
 .text._GLOBAL__sub_I_gpio_Led
                0x0000000008002524       0x18 build/obj/src/example/example-gpio.opp
 .text.__aeabi_atexit
                0x000000000800253c        0xe /usr/lib/gcc/arm-none-eabi/8.2.0/../../../../arm-none-eabi/lib/thumb/v6-m/nofp/libstdc++_nano.a(atexit_arm.o)
                0x000000000800253c                __aeabi_atexit
 *fill*         0x000000000800254a        0x2 
 .text.__cxa_atexit
                0x000000000800254c       0x1c /usr/lib/gcc/arm-none-eabi/8.2.0/../../../../arm-none-eabi/lib/thumb/v6-m/nofp/libc_nano.a(lib_a-cxa_atexit.o)
                0x000000000800254c                __cxa_atexit
 .text.__libc_init_array
                0x0000000008002568       0x48 /usr/lib/gcc/arm-none-eabi/8.2.0/../../../../arm-none-eabi/lib/thumb/v6-m/nofp/libc_nano.a(lib_a-init.o)
                0x0000000008002568                __libc_init_array
 .text.malloc   0x00000000080025b0       0x14 /usr/lib/gcc/arm-none-eabi/8.2.0/../../../../arm-none-eabi/lib/thumb/v6-m/nofp/libc_nano.a(lib_a-malloc.o)
                0x00000000080025b0                malloc
 .text._malloc_r
                0x00000000080025c4       0xbc /usr/lib/gcc/arm-none-eabi/8.2.0/../../../../arm-none-eabi/lib/thumb/v6-m/nofp/libc_nano.a(lib_a-nano-mallocr.o)
                0x00000000080025c4                _malloc_r
 .text._sbrk_r  0x0000000008002680       0x24 /usr/lib/gcc/arm-none-eabi/8.2.0/../../../../arm-none-eabi/lib/thumb/v6-m/nofp/libc_nano.a(lib_a-sbrkr.o)
                0x0000000008002680                _sbrk_r
 .text.__register_exitproc
                0x00000000080026a4       0xa8 /usr/lib/gcc/arm-none-eabi/8.2.0/../../../../arm-none-eabi/lib/thumb/v6-m/nofp/libc_nano.a(lib_a-__atexit.o)
                0x00000000080026a4                __register_exitproc
 .text.__malloc_lock
                0x000000000800274c        0x2 /usr/lib/gcc/arm-none-eabi/8.2.0/../../../../arm-none-eabi/lib/thumb/v6-m/nofp/libc_nano.a(lib_a-mlock.o)
                0x000000000800274c                __malloc_lock
 .text.__malloc_unlock
                0x000000000800274e        0x2 /usr/lib/gcc/arm-none-eabi/8.2.0/../../../../arm-none-eabi/lib/thumb/v6-m/nofp/libc_nano.a(lib_a-mlock.o)
                0x000000000800274e                __malloc_unlock
 .text._sbrk    0x0000000008002750       0x1c /usr/lib/gcc/arm-none-eabi/8.2.0/../../../../arm-none-eabi/lib/thumb/v6-m/nofp/libnosys.a(sbrk.o)
                0x0000000008002750                _sbrk
 *(.glue_7)
 .glue_7        0x000000000800276c        0x0 linker stubs
 *(.glue_7t)
 .glue_7t       0x000000000800276c        0x0 linker stubs
 *(.eh_frame)
 .eh_frame      0x000000000800276c        0x0 /usr/lib/gcc/arm-none-eabi/8.2.0/thumb/v6-m/nofp/crtbegin.o
 *(.init)
 .init          0x000000000800276c        0x4 /usr/lib/gcc/arm-none-eabi/8.2.0/thumb/v6-m/nofp/crti.o
                0x000000000800276c                _init
 .init          0x0000000008002770        0x8 /usr/lib/gcc/arm-none-eabi/8.2.0/thumb/v6-m/nofp/crtn.o
 *(.fini)
 .fini          0x0000000008002778        0x4 /usr/lib/gcc/arm-none-eabi/8.2.0/thumb/v6-m/nofp/crti.o
                0x0000000008002778                _fini
 .fini          0x000000000800277c        0x8 /usr/lib/gcc/arm-none-eabi/8.2.0/thumb/v6-m/nofp/crtn.o
                0x0000000008002784                . = ALIGN (0x4)
                0x0000000008002784                _etext = .

.vfp11_veneer   0x0000000008002784        0x0
 .vfp11_veneer  0x0000000008002784        0x0 linker stubs

.v4_bx          0x0000000008002784        0x0
 .v4_bx         0x0000000008002784        0x0 linker stubs

.iplt           0x0000000008002784        0x0
 .iplt          0x0000000008002784        0x0 /usr/lib/gcc/arm-none-eabi/8.2.0/thumb/v6-m/nofp/crtbegin.o

.rodata         0x0000000008002784       0x64
                0x0000000008002784                . = ALIGN (0x4)
 *(.rodata)
 *(.rodata*)
 .rodata.__on_exit_args
                0x0000000008002784        0x4 /usr/lib/gcc/arm-none-eabi/8.2.0/../../../../arm-none-eabi/lib/thumb/v6-m/nofp/libc_nano.a(lib_a-on_exit_args.o)
                0x0000000008002784                __on_exit_args
 .rodata.__sf_fake_stderr
                0x0000000008002788       0x20 /usr/lib/gcc/arm-none-eabi/8.2.0/../../../../arm-none-eabi/lib/thumb/v6-m/nofp/libc_nano.a(lib_a-findfp.o)
                0x0000000008002788                __sf_fake_stderr
 .rodata.__sf_fake_stdin
                0x00000000080027a8       0x20 /usr/lib/gcc/arm-none-eabi/8.2.0/../../../../arm-none-eabi/lib/thumb/v6-m/nofp/libc_nano.a(lib_a-findfp.o)
                0x00000000080027a8                __sf_fake_stdin
 .rodata.__sf_fake_stdout
                0x00000000080027c8       0x20 /usr/lib/gcc/arm-none-eabi/8.2.0/../../../../arm-none-eabi/lib/thumb/v6-m/nofp/libc_nano.a(lib_a-findfp.o)
                0x00000000080027c8                __sf_fake_stdout
                0x00000000080027e8                . = ALIGN (0x4)

.rel.dyn        0x00000000080027e8        0x0
 .rel.iplt      0x00000000080027e8        0x0 /usr/lib/gcc/arm-none-eabi/8.2.0/thumb/v6-m/nofp/crtbegin.o

.ARM.extab
 *(.ARM.extab* .gnu.linkonce.armextab.*)

.ARM            0x00000000080027e8        0x0
                0x00000000080027e8                __exidx_start = .
 *(.ARM.exidx*)
                0x00000000080027e8                __exidx_end = .

.preinit_array  0x00000000080027e8        0x0
                0x00000000080027e8                PROVIDE (__preinit_array_start = .)
 *(.preinit_array*)
                0x00000000080027e8                PROVIDE (__preinit_array_end = .)

.init_array     0x00000000080027e8       0x10
                0x00000000080027e8                PROVIDE (__init_array_start = .)
 *(SORT_BY_NAME(.init_array.*))
 *(.init_array*)
 .init_array    0x00000000080027e8        0x4 /usr/lib/gcc/arm-none-eabi/8.2.0/thumb/v6-m/nofp/crtbegin.o
 .init_array    0x00000000080027ec        0x4 build/obj/./src/timer.opp
 .init_array    0x00000000080027f0        0x4 build/obj/./src/uart.opp
 .init_array    0x00000000080027f4        0x4 build/obj/src/example/example-gpio.opp
                0x00000000080027f8                PROVIDE (__init_array_end = .)

.fini_array     0x00000000080027f8        0x4
                0x00000000080027f8                PROVIDE (__fini_array_start = .)
 *(SORT_BY_NAME(.fini_array.*))
 *(.fini_array*)
 .fini_array    0x00000000080027f8        0x4 /usr/lib/gcc/arm-none-eabi/8.2.0/thumb/v6-m/nofp/crtbegin.o
                0x00000000080027fc                PROVIDE (__fini_array_end = .)
                0x00000000080027fc                _sidata = LOADADDR (.data)

.data           0x0000000020000000       0x8c load address 0x00000000080027fc
                0x0000000020000000                . = ALIGN (0x4)
                0x0000000020000000                _sdata = .
 *(.data)
 .data          0x0000000020000000       0x10 build/obj/./driver/stm32f0/spl/src/stm32f0xx_rcc.o
 .data          0x0000000020000010       0x14 build/obj/./driver/stm32f0/cmsis/device/system_stm32f0xx.o
                0x0000000020000010                SystemCoreClock
                0x0000000020000014                AHBPrescTable
 *(.data*)
 .data.__dso_handle
                0x0000000020000024        0x4 /usr/lib/gcc/arm-none-eabi/8.2.0/thumb/v6-m/nofp/crtbegin.o
                0x0000000020000024                __dso_handle
 .data._impure_ptr
                0x0000000020000028        0x4 /usr/lib/gcc/arm-none-eabi/8.2.0/../../../../arm-none-eabi/lib/thumb/v6-m/nofp/libc_nano.a(lib_a-impure.o)
                0x0000000020000028                _impure_ptr
 .data.impure_data
                0x000000002000002c       0x60 /usr/lib/gcc/arm-none-eabi/8.2.0/../../../../arm-none-eabi/lib/thumb/v6-m/nofp/libc_nano.a(lib_a-impure.o)
                0x000000002000008c                . = ALIGN (0x4)
                0x000000002000008c                _edata = .

.igot.plt       0x000000002000008c        0x0 load address 0x0000000008002888
 .igot.plt      0x000000002000008c        0x0 /usr/lib/gcc/arm-none-eabi/8.2.0/thumb/v6-m/nofp/crtbegin.o
                0x000000002000008c                . = ALIGN (0x4)

.bss            0x000000002000008c      0x298 load address 0x0000000008002888
                0x000000002000008c                _sbss = .
                0x000000002000008c                __bss_start__ = _sbss
 *(.bss)
 *(.bss*)
 .bss.completed.8856
                0x000000002000008c        0x1 /usr/lib/gcc/arm-none-eabi/8.2.0/thumb/v6-m/nofp/crtbegin.o
 *fill*         0x000000002000008d        0x3 
 .bss.object.8861
                0x0000000020000090       0x18 /usr/lib/gcc/arm-none-eabi/8.2.0/thumb/v6-m/nofp/crtbegin.o
 .bss.timer3    0x00000000200000a8       0x34 build/obj/./src/timer.opp
                0x00000000200000a8                timer3
 .bss.uart1     0x00000000200000dc       0x8c build/obj/./src/uart.opp
                0x00000000200000dc                uart1
 .bss.MicroSeconds
                0x0000000020000168        0x4 build/obj/./src/scheduling.opp
                0x0000000020000168                MicroSeconds
 .bss.systick_frequency
                0x000000002000016c        0x4 build/obj/./src/scheduling.opp
                0x000000002000016c                systick_frequency
 .bss.gpio_Led  0x0000000020000170        0xc build/obj/src/example/example-gpio.opp
                0x0000000020000170                gpio_Led
 .bss.__malloc_free_list
                0x000000002000017c        0x4 /usr/lib/gcc/arm-none-eabi/8.2.0/../../../../arm-none-eabi/lib/thumb/v6-m/nofp/libc_nano.a(lib_a-nano-mallocr.o)
                0x000000002000017c                __malloc_free_list
 .bss.__malloc_sbrk_start
                0x0000000020000180        0x4 /usr/lib/gcc/arm-none-eabi/8.2.0/../../../../arm-none-eabi/lib/thumb/v6-m/nofp/libc_nano.a(lib_a-nano-mallocr.o)
                0x0000000020000180                __malloc_sbrk_start
 .bss._on_exit_args_instance
                0x0000000020000184      0x108 /usr/lib/gcc/arm-none-eabi/8.2.0/../../../../arm-none-eabi/lib/thumb/v6-m/nofp/libc_nano.a(lib_a-on_exit_args.o)
 .bss._global_atexit0
                0x000000002000028c       0x8c /usr/lib/gcc/arm-none-eabi/8.2.0/../../../../arm-none-eabi/lib/thumb/v6-m/nofp/libc_nano.a(lib_a-__atexit.o)
 .bss._global_atexit
                0x0000000020000318        0x4 /usr/lib/gcc/arm-none-eabi/8.2.0/../../../../arm-none-eabi/lib/thumb/v6-m/nofp/libc_nano.a(lib_a-__call_atexit.o)
                0x0000000020000318                _global_atexit
 .bss.heap_end.4194
                0x000000002000031c        0x4 /usr/lib/gcc/arm-none-eabi/8.2.0/../../../../arm-none-eabi/lib/thumb/v6-m/nofp/libnosys.a(sbrk.o)
 *(COMMON)
 COMMON         0x0000000020000320        0x4 /usr/lib/gcc/arm-none-eabi/8.2.0/../../../../arm-none-eabi/lib/thumb/v6-m/nofp/libc_nano.a(lib_a-reent.o)
                0x0000000020000320                errno
                0x0000000020000324                . = ALIGN (0x4)
                0x0000000020000324                _ebss = .
                0x0000000020000324                __bss_end__ = _ebss

._user_heap_stack
                0x0000000020000324       0x80 load address 0x0000000008002888
                0x0000000020000324                . = ALIGN (0x4)
                0x0000000020000324                PROVIDE (end = .)
                [!provide]                        PROVIDE (_end = .)
                0x0000000020000324                . = (. + _Min_Heap_Size)
                0x00000000200003a4                . = (. + _Min_Stack_Size)
 *fill*         0x0000000020000324       0x80 
                0x00000000200003a4                . = ALIGN (0x4)

.memory_b1_text
 *(.mb1text)
 *(.mb1text*)
 *(.mb1rodata)
 *(.mb1rodata*)

/DISCARD/
 libc.a(*)
 libm.a(*)
 libgcc.a(*)

.ARM.attributes
                0x0000000000000000       0x28
 *(.ARM.attributes)
 .ARM.attributes
                0x0000000000000000       0x1e /usr/lib/gcc/arm-none-eabi/8.2.0/thumb/v6-m/nofp/crti.o
 .ARM.attributes
                0x000000000000001e       0x2c /usr/lib/gcc/arm-none-eabi/8.2.0/thumb/v6-m/nofp/crtbegin.o
 .ARM.attributes
                0x000000000000004a       0x2c build/obj/./src/timer.opp
 .ARM.attributes
                0x0000000000000076       0x2c build/obj/./src/uart.opp
 .ARM.attributes
                0x00000000000000a2       0x2c build/obj/./src/scheduling.opp
 .ARM.attributes
                0x00000000000000ce       0x2c build/obj/./src/gpio.opp
 .ARM.attributes
                0x00000000000000fa       0x2c build/obj/./driver/stm32f0/spl/src/stm32f0xx_rcc.o
 .ARM.attributes
                0x0000000000000126       0x2c build/obj/./driver/stm32f0/spl/src/stm32f0xx_usart.o
 .ARM.attributes
                0x0000000000000152       0x2c build/obj/./driver/stm32f0/spl/src/stm32f0xx_tim.o
 .ARM.attributes
                0x000000000000017e       0x2c build/obj/./driver/stm32f0/spl/src/stm32f0xx_gpio.o
 .ARM.attributes
                0x00000000000001aa       0x2c build/obj/./driver/stm32f0/cmsis/device/system_stm32f0xx.o
 .ARM.attributes
                0x00000000000001d6       0x21 build/obj/./src/startup/startup_stm32f0.os
 .ARM.attributes
                0x00000000000001f7       0x2c build/obj/src/example/example-gpio.opp
 .ARM.attributes
                0x0000000000000223       0x2c /usr/lib/gcc/arm-none-eabi/8.2.0/../../../../arm-none-eabi/lib/thumb/v6-m/nofp/libstdc++_nano.a(atexit_arm.o)
 .ARM.attributes
                0x000000000000024f       0x2c /usr/lib/gcc/arm-none-eabi/8.2.0/../../../../arm-none-eabi/lib/thumb/v6-m/nofp/libc_nano.a(lib_a-cxa_atexit.o)
 .ARM.attributes
                0x000000000000027b       0x2c /usr/lib/gcc/arm-none-eabi/8.2.0/../../../../arm-none-eabi/lib/thumb/v6-m/nofp/libc_nano.a(lib_a-impure.o)
 .ARM.attributes
                0x00000000000002a7       0x2c /usr/lib/gcc/arm-none-eabi/8.2.0/../../../../arm-none-eabi/lib/thumb/v6-m/nofp/libc_nano.a(lib_a-init.o)
 .ARM.attributes
                0x00000000000002d3       0x2c /usr/lib/gcc/arm-none-eabi/8.2.0/../../../../arm-none-eabi/lib/thumb/v6-m/nofp/libc_nano.a(lib_a-malloc.o)
 .ARM.attributes
                0x00000000000002ff       0x2c /usr/lib/gcc/arm-none-eabi/8.2.0/../../../../arm-none-eabi/lib/thumb/v6-m/nofp/libc_nano.a(lib_a-nano-mallocr.o)
 .ARM.attributes
                0x000000000000032b       0x2c /usr/lib/gcc/arm-none-eabi/8.2.0/../../../../arm-none-eabi/lib/thumb/v6-m/nofp/libc_nano.a(lib_a-on_exit_args.o)
 .ARM.attributes
                0x0000000000000357       0x2c /usr/lib/gcc/arm-none-eabi/8.2.0/../../../../arm-none-eabi/lib/thumb/v6-m/nofp/libc_nano.a(lib_a-sbrkr.o)
 .ARM.attributes
                0x0000000000000383       0x2c /usr/lib/gcc/arm-none-eabi/8.2.0/../../../../arm-none-eabi/lib/thumb/v6-m/nofp/libc_nano.a(lib_a-__atexit.o)
 .ARM.attributes
                0x00000000000003af       0x2c /usr/lib/gcc/arm-none-eabi/8.2.0/../../../../arm-none-eabi/lib/thumb/v6-m/nofp/libc_nano.a(lib_a-__call_atexit.o)
 .ARM.attributes
                0x00000000000003db       0x2c /usr/lib/gcc/arm-none-eabi/8.2.0/../../../../arm-none-eabi/lib/thumb/v6-m/nofp/libc_nano.a(lib_a-findfp.o)
 .ARM.attributes
                0x0000000000000407       0x2c /usr/lib/gcc/arm-none-eabi/8.2.0/../../../../arm-none-eabi/lib/thumb/v6-m/nofp/libc_nano.a(lib_a-mlock.o)
 .ARM.attributes
                0x0000000000000433       0x2c /usr/lib/gcc/arm-none-eabi/8.2.0/../../../../arm-none-eabi/lib/thumb/v6-m/nofp/libc_nano.a(lib_a-reent.o)
 .ARM.attributes
                0x000000000000045f       0x1e /usr/lib/gcc/arm-none-eabi/8.2.0/thumb/v6-m/nofp/libgcc.a(_thumb1_case_uqi.o)
 .ARM.attributes
                0x000000000000047d       0x1e /usr/lib/gcc/arm-none-eabi/8.2.0/thumb/v6-m/nofp/libgcc.a(_udivsi3.o)
 .ARM.attributes
                0x000000000000049b       0x1e /usr/lib/gcc/arm-none-eabi/8.2.0/thumb/v6-m/nofp/libgcc.a(_dvmd_tls.o)
 .ARM.attributes
                0x00000000000004b9       0x2c /usr/lib/gcc/arm-none-eabi/8.2.0/../../../../arm-none-eabi/lib/thumb/v6-m/nofp/libnosys.a(sbrk.o)
 .ARM.attributes
                0x00000000000004e5       0x1e /usr/lib/gcc/arm-none-eabi/8.2.0/thumb/v6-m/nofp/crtn.o
OUTPUT(example-gpio.elf elf32-littlearm)

.debug_info     0x0000000000000000     0x9e47
 .debug_info    0x0000000000000000     0x196b build/obj/./src/timer.opp
 .debug_info    0x000000000000196b     0x1071 build/obj/./src/uart.opp
 .debug_info    0x00000000000029dc      0x53e build/obj/./src/scheduling.opp
 .debug_info    0x0000000000002f1a      0x756 build/obj/./src/gpio.opp
 .debug_info    0x0000000000003670      0xb80 build/obj/./driver/stm32f0/spl/src/stm32f0xx_rcc.o
 .debug_info    0x00000000000041f0     0x10bc build/obj/./driver/stm32f0/spl/src/stm32f0xx_usart.o
 .debug_info    0x00000000000052ac     0x23f3 build/obj/./driver/stm32f0/spl/src/stm32f0xx_tim.o
 .debug_info    0x000000000000769f      0x744 build/obj/./driver/stm32f0/spl/src/stm32f0xx_gpio.o
 .debug_info    0x0000000000007de3      0x35e build/obj/./driver/stm32f0/cmsis/device/system_stm32f0xx.o
 .debug_info    0x0000000000008141       0x22 build/obj/./src/startup/startup_stm32f0.os
 .debug_info    0x0000000000008163     0x1ce4 build/obj/src/example/example-gpio.opp

.debug_abbrev   0x0000000000000000     0x1a25
 .debug_abbrev  0x0000000000000000      0x395 build/obj/./src/timer.opp
 .debug_abbrev  0x0000000000000395      0x36b build/obj/./src/uart.opp
 .debug_abbrev  0x0000000000000700      0x1f2 build/obj/./src/scheduling.opp
 .debug_abbrev  0x00000000000008f2      0x278 build/obj/./src/gpio.opp
 .debug_abbrev  0x0000000000000b6a      0x281 build/obj/./driver/stm32f0/spl/src/stm32f0xx_rcc.o
 .debug_abbrev  0x0000000000000deb      0x207 build/obj/./driver/stm32f0/spl/src/stm32f0xx_usart.o
 .debug_abbrev  0x0000000000000ff2      0x2e1 build/obj/./driver/stm32f0/spl/src/stm32f0xx_tim.o
 .debug_abbrev  0x00000000000012d3      0x22c build/obj/./driver/stm32f0/spl/src/stm32f0xx_gpio.o
 .debug_abbrev  0x00000000000014ff      0x197 build/obj/./driver/stm32f0/cmsis/device/system_stm32f0xx.o
 .debug_abbrev  0x0000000000001696       0x12 build/obj/./src/startup/startup_stm32f0.os
 .debug_abbrev  0x00000000000016a8      0x37d build/obj/src/example/example-gpio.opp

.debug_aranges  0x0000000000000000      0x3c8
 .debug_aranges
                0x0000000000000000      0x188 build/obj/./src/timer.opp
 .debug_aranges
                0x0000000000000188       0x88 build/obj/./src/uart.opp
 .debug_aranges
                0x0000000000000210       0x50 build/obj/./src/scheduling.opp
 .debug_aranges
                0x0000000000000260       0x60 build/obj/./src/gpio.opp
 .debug_aranges
                0x00000000000002c0       0x20 build/obj/./driver/stm32f0/spl/src/stm32f0xx_rcc.o
 .debug_aranges
                0x00000000000002e0       0x20 build/obj/./driver/stm32f0/spl/src/stm32f0xx_usart.o
 .debug_aranges
                0x0000000000000300       0x20 build/obj/./driver/stm32f0/spl/src/stm32f0xx_tim.o
 .debug_aranges
                0x0000000000000320       0x20 build/obj/./driver/stm32f0/spl/src/stm32f0xx_gpio.o
 .debug_aranges
                0x0000000000000340       0x20 build/obj/./driver/stm32f0/cmsis/device/system_stm32f0xx.o
 .debug_aranges
                0x0000000000000360       0x28 build/obj/./src/startup/startup_stm32f0.os
 .debug_aranges
                0x0000000000000388       0x40 build/obj/src/example/example-gpio.opp

.debug_ranges   0x0000000000000000      0x340
 .debug_ranges  0x0000000000000000      0x178 build/obj/./src/timer.opp
 .debug_ranges  0x0000000000000178       0x78 build/obj/./src/uart.opp
 .debug_ranges  0x00000000000001f0       0x40 build/obj/./src/scheduling.opp
 .debug_ranges  0x0000000000000230       0x50 build/obj/./src/gpio.opp
 .debug_ranges  0x0000000000000280       0x58 build/obj/./driver/stm32f0/spl/src/stm32f0xx_tim.o
 .debug_ranges  0x00000000000002d8       0x18 build/obj/./driver/stm32f0/cmsis/device/system_stm32f0xx.o
 .debug_ranges  0x00000000000002f0       0x20 build/obj/./src/startup/startup_stm32f0.os
 .debug_ranges  0x0000000000000310       0x30 build/obj/src/example/example-gpio.opp

.debug_line     0x0000000000000000     0x45c3
 .debug_line    0x0000000000000000      0x951 build/obj/./src/timer.opp
 .debug_line    0x0000000000000951      0x3ac build/obj/./src/uart.opp
 .debug_line    0x0000000000000cfd      0x26b build/obj/./src/scheduling.opp
 .debug_line    0x0000000000000f68      0x2a0 build/obj/./src/gpio.opp
 .debug_line    0x0000000000001208      0xa9e build/obj/./driver/stm32f0/spl/src/stm32f0xx_rcc.o
 .debug_line    0x0000000000001ca6      0xa2d build/obj/./driver/stm32f0/spl/src/stm32f0xx_usart.o
 .debug_line    0x00000000000026d3     0x14b0 build/obj/./driver/stm32f0/spl/src/stm32f0xx_tim.o
 .debug_line    0x0000000000003b83      0x3db build/obj/./driver/stm32f0/spl/src/stm32f0xx_gpio.o
 .debug_line    0x0000000000003f5e      0x2cb build/obj/./driver/stm32f0/cmsis/device/system_stm32f0xx.o
 .debug_line    0x0000000000004229       0x80 build/obj/./src/startup/startup_stm32f0.os
 .debug_line    0x00000000000042a9      0x31a build/obj/src/example/example-gpio.opp

.debug_str      0x0000000000000000     0x3669
 .debug_str     0x0000000000000000     0x1280 build/obj/./src/timer.opp
                                       0x13e7 (size before relaxing)
 .debug_str     0x0000000000001280      0x672 build/obj/./src/uart.opp
                                        0x9e5 (size before relaxing)
 .debug_str     0x00000000000018f2      0x28c build/obj/./src/scheduling.opp
                                        0x52f (size before relaxing)
 .debug_str     0x0000000000001b7e      0x37b build/obj/./src/gpio.opp
                                        0x653 (size before relaxing)
 .debug_str     0x0000000000001ef9      0x540 build/obj/./driver/stm32f0/spl/src/stm32f0xx_rcc.o
                                        0x788 (size before relaxing)
 .debug_str     0x0000000000002439      0x6bb build/obj/./driver/stm32f0/spl/src/stm32f0xx_usart.o
                                        0x9b5 (size before relaxing)
 .debug_str     0x0000000000002af4      0x931 build/obj/./driver/stm32f0/spl/src/stm32f0xx_tim.o
                                        0xdf5 (size before relaxing)
 .debug_str     0x0000000000003425      0x155 build/obj/./driver/stm32f0/spl/src/stm32f0xx_gpio.o
                                        0x48b (size before relaxing)
 .debug_str     0x000000000000357a       0x80 build/obj/./driver/stm32f0/cmsis/device/system_stm32f0xx.o
                                        0x275 (size before relaxing)
 .debug_str     0x00000000000035fa       0x2c build/obj/./src/startup/startup_stm32f0.os
                                         0x60 (size before relaxing)
 .debug_str     0x0000000000003626       0x43 build/obj/src/example/example-gpio.opp
                                       0x1732 (size before relaxing)

.comment        0x0000000000000000       0x1d
 .comment       0x0000000000000000       0x1d build/obj/./src/timer.opp
                                         0x1e (size before relaxing)
 .comment       0x000000000000001d       0x1e build/obj/./src/uart.opp
 .comment       0x000000000000001d       0x1e build/obj/./src/scheduling.opp
 .comment       0x000000000000001d       0x1e build/obj/./src/gpio.opp
 .comment       0x000000000000001d       0x1e build/obj/./driver/stm32f0/spl/src/stm32f0xx_rcc.o
 .comment       0x000000000000001d       0x1e build/obj/./driver/stm32f0/spl/src/stm32f0xx_usart.o
 .comment       0x000000000000001d       0x1e build/obj/./driver/stm32f0/spl/src/stm32f0xx_tim.o
 .comment       0x000000000000001d       0x1e build/obj/./driver/stm32f0/spl/src/stm32f0xx_gpio.o
 .comment       0x000000000000001d       0x1e build/obj/./driver/stm32f0/cmsis/device/system_stm32f0xx.o
 .comment       0x000000000000001d       0x1e build/obj/src/example/example-gpio.opp

.debug_frame    0x0000000000000000     0x1bc4
 .debug_frame   0x0000000000000000      0x5c4 build/obj/./src/timer.opp
 .debug_frame   0x00000000000005c4      0x1cc build/obj/./src/uart.opp
 .debug_frame   0x0000000000000790       0xec build/obj/./src/scheduling.opp
 .debug_frame   0x000000000000087c      0x130 build/obj/./src/gpio.opp
 .debug_frame   0x00000000000009ac      0x2c4 build/obj/./driver/stm32f0/spl/src/stm32f0xx_rcc.o
 .debug_frame   0x0000000000000c70      0x34c build/obj/./driver/stm32f0/spl/src/stm32f0xx_usart.o
 .debug_frame   0x0000000000000fbc      0x698 build/obj/./driver/stm32f0/spl/src/stm32f0xx_tim.o
 .debug_frame   0x0000000000001654      0x108 build/obj/./driver/stm32f0/spl/src/stm32f0xx_gpio.o
 .debug_frame   0x000000000000175c       0x48 build/obj/./driver/stm32f0/cmsis/device/system_stm32f0xx.o
 .debug_frame   0x00000000000017a4       0xac build/obj/src/example/example-gpio.opp
 .debug_frame   0x0000000000001850       0x28 /usr/lib/gcc/arm-none-eabi/8.2.0/../../../../arm-none-eabi/lib/thumb/v6-m/nofp/libstdc++_nano.a(atexit_arm.o)
 .debug_frame   0x0000000000001878       0x28 /usr/lib/gcc/arm-none-eabi/8.2.0/../../../../arm-none-eabi/lib/thumb/v6-m/nofp/libc_nano.a(lib_a-cxa_atexit.o)
 .debug_frame   0x00000000000018a0       0x2c /usr/lib/gcc/arm-none-eabi/8.2.0/../../../../arm-none-eabi/lib/thumb/v6-m/nofp/libc_nano.a(lib_a-init.o)
 .debug_frame   0x00000000000018cc       0x40 /usr/lib/gcc/arm-none-eabi/8.2.0/../../../../arm-none-eabi/lib/thumb/v6-m/nofp/libc_nano.a(lib_a-malloc.o)
 .debug_frame   0x000000000000190c       0x30 /usr/lib/gcc/arm-none-eabi/8.2.0/../../../../arm-none-eabi/lib/thumb/v6-m/nofp/libc_nano.a(lib_a-nano-mallocr.o)
 .debug_frame   0x000000000000193c       0x2c /usr/lib/gcc/arm-none-eabi/8.2.0/../../../../arm-none-eabi/lib/thumb/v6-m/nofp/libc_nano.a(lib_a-sbrkr.o)
 .debug_frame   0x0000000000001968       0x30 /usr/lib/gcc/arm-none-eabi/8.2.0/../../../../arm-none-eabi/lib/thumb/v6-m/nofp/libc_nano.a(lib_a-__atexit.o)
 .debug_frame   0x0000000000001998       0x34 /usr/lib/gcc/arm-none-eabi/8.2.0/../../../../arm-none-eabi/lib/thumb/v6-m/nofp/libc_nano.a(lib_a-__call_atexit.o)
 .debug_frame   0x00000000000019cc      0x140 /usr/lib/gcc/arm-none-eabi/8.2.0/../../../../arm-none-eabi/lib/thumb/v6-m/nofp/libc_nano.a(lib_a-findfp.o)
 .debug_frame   0x0000000000001b0c       0x30 /usr/lib/gcc/arm-none-eabi/8.2.0/../../../../arm-none-eabi/lib/thumb/v6-m/nofp/libc_nano.a(lib_a-mlock.o)
 .debug_frame   0x0000000000001b3c       0x48 /usr/lib/gcc/arm-none-eabi/8.2.0/../../../../arm-none-eabi/lib/thumb/v6-m/nofp/libc_nano.a(lib_a-reent.o)
 .debug_frame   0x0000000000001b84       0x20 /usr/lib/gcc/arm-none-eabi/8.2.0/thumb/v6-m/nofp/libgcc.a(_udivsi3.o)
 .debug_frame   0x0000000000001ba4       0x20 /usr/lib/gcc/arm-none-eabi/8.2.0/../../../../arm-none-eabi/lib/thumb/v6-m/nofp/libnosys.a(sbrk.o)

.debug_loc      0x0000000000000000     0x2e54
 .debug_loc     0x0000000000000000      0x679 build/obj/./driver/stm32f0/spl/src/stm32f0xx_rcc.o
 .debug_loc     0x0000000000000679      0x811 build/obj/./driver/stm32f0/spl/src/stm32f0xx_usart.o
 .debug_loc     0x0000000000000e8a     0x1af2 build/obj/./driver/stm32f0/spl/src/stm32f0xx_tim.o
 .debug_loc     0x000000000000297c      0x3c8 build/obj/./driver/stm32f0/spl/src/stm32f0xx_gpio.o
 .debug_loc     0x0000000000002d44      0x110 build/obj/./driver/stm32f0/cmsis/device/system_stm32f0xx.o

.stabstr        0x0000000000000000      0x1b9
 .stabstr       0x0000000000000000      0x1b9 /usr/lib/gcc/arm-none-eabi/8.2.0/../../../../arm-none-eabi/lib/thumb/v6-m/nofp/libnosys.a(close.o)

Cross Reference Table

Symbol                                            File
ADC1_COMP_IRQHandler                              build/obj/./src/startup/startup_stm32f0.os
ADC_AnalogWatchdogCmd                             build/obj/./driver/stm32f0/spl/src/stm32f0xx_adc.o
ADC_AnalogWatchdogSingleChannelCmd                build/obj/./driver/stm32f0/spl/src/stm32f0xx_adc.o
ADC_AnalogWatchdogSingleChannelConfig             build/obj/./driver/stm32f0/spl/src/stm32f0xx_adc.o
ADC_AnalogWatchdogThresholdsConfig                build/obj/./driver/stm32f0/spl/src/stm32f0xx_adc.o
ADC_AutoPowerOffCmd                               build/obj/./driver/stm32f0/spl/src/stm32f0xx_adc.o
ADC_ChannelConfig                                 build/obj/./driver/stm32f0/spl/src/stm32f0xx_adc.o
                                                  build/obj/./src/adc.opp
ADC_ClearFlag                                     build/obj/./driver/stm32f0/spl/src/stm32f0xx_adc.o
ADC_ClearITPendingBit                             build/obj/./driver/stm32f0/spl/src/stm32f0xx_adc.o
ADC_ClockModeConfig                               build/obj/./driver/stm32f0/spl/src/stm32f0xx_adc.o
                                                  build/obj/./src/adc.opp
ADC_Cmd                                           build/obj/./driver/stm32f0/spl/src/stm32f0xx_adc.o
                                                  build/obj/./src/adc.opp
ADC_ContinuousModeCmd                             build/obj/./driver/stm32f0/spl/src/stm32f0xx_adc.o
ADC_DMACmd                                        build/obj/./driver/stm32f0/spl/src/stm32f0xx_adc.o
                                                  build/obj/./src/adc.opp
ADC_DMARequestModeConfig                          build/obj/./driver/stm32f0/spl/src/stm32f0xx_adc.o
                                                  build/obj/./src/adc.opp
ADC_DeInit                                        build/obj/./driver/stm32f0/spl/src/stm32f0xx_adc.o
ADC_DiscModeCmd                                   build/obj/./driver/stm32f0/spl/src/stm32f0xx_adc.o
ADC_GetCalibrationFactor                          build/obj/./driver/stm32f0/spl/src/stm32f0xx_adc.o
                                                  build/obj/./src/adc.opp
ADC_GetConversionValue                            build/obj/./driver/stm32f0/spl/src/stm32f0xx_adc.o
ADC_GetFlagStatus                                 build/obj/./driver/stm32f0/spl/src/stm32f0xx_adc.o
                                                  build/obj/./src/adc.opp
ADC_GetITStatus                                   build/obj/./driver/stm32f0/spl/src/stm32f0xx_adc.o
ADC_ITConfig                                      build/obj/./driver/stm32f0/spl/src/stm32f0xx_adc.o
ADC_Init                                          build/obj/./driver/stm32f0/spl/src/stm32f0xx_adc.o
ADC_JitterCmd                                     build/obj/./driver/stm32f0/spl/src/stm32f0xx_adc.o
ADC_OverrunModeCmd                                build/obj/./driver/stm32f0/spl/src/stm32f0xx_adc.o
ADC_StartOfConversion                             build/obj/./driver/stm32f0/spl/src/stm32f0xx_adc.o
                                                  build/obj/./src/adc.opp
ADC_StopOfConversion                              build/obj/./driver/stm32f0/spl/src/stm32f0xx_adc.o
ADC_StructInit                                    build/obj/./driver/stm32f0/spl/src/stm32f0xx_adc.o
ADC_TempSensorCmd                                 build/obj/./driver/stm32f0/spl/src/stm32f0xx_adc.o
ADC_VbatCmd                                       build/obj/./driver/stm32f0/spl/src/stm32f0xx_adc.o
ADC_VrefintCmd                                    build/obj/./driver/stm32f0/spl/src/stm32f0xx_adc.o
ADC_WaitModeCmd                                   build/obj/./driver/stm32f0/spl/src/stm32f0xx_adc.o
AHBPrescTable                                     build/obj/./driver/stm32f0/cmsis/device/system_stm32f0xx.o
Adc::_calibrate()                                 build/obj/./src/adc.opp
Adc::_dmaConfig()                                 build/obj/./src/adc.opp
Adc::_enableClock()                               build/obj/./src/adc.opp
Adc::addChannel(unsigned long)                    build/obj/./src/adc.opp
Adc::enable()                                     build/obj/./src/adc.opp
Adc::startConversion()                            build/obj/./src/adc.opp
Adc::update()                                     build/obj/./src/adc.opp
Adc::waitConversion()                             build/obj/./src/adc.opp
AdcChannel::AdcChannel(unsigned char, unsigned char) build/obj/./src/adc.opp
AdcChannel::AdcChannel(unsigned char, unsigned char) build/obj/./src/adc.opp
CAN_CancelTransmit                                build/obj/./driver/stm32f0/spl/src/stm32f0xx_can.o
CAN_ClearFlag                                     build/obj/./driver/stm32f0/spl/src/stm32f0xx_can.o
CAN_ClearITPendingBit                             build/obj/./driver/stm32f0/spl/src/stm32f0xx_can.o
CAN_DBGFreeze                                     build/obj/./driver/stm32f0/spl/src/stm32f0xx_can.o
CAN_DeInit                                        build/obj/./driver/stm32f0/spl/src/stm32f0xx_can.o
CAN_FIFORelease                                   build/obj/./driver/stm32f0/spl/src/stm32f0xx_can.o
CAN_FilterInit                                    build/obj/./driver/stm32f0/spl/src/stm32f0xx_can.o
CAN_GetFlagStatus                                 build/obj/./driver/stm32f0/spl/src/stm32f0xx_can.o
CAN_GetITStatus                                   build/obj/./driver/stm32f0/spl/src/stm32f0xx_can.o
CAN_GetLSBTransmitErrorCounter                    build/obj/./driver/stm32f0/spl/src/stm32f0xx_can.o
CAN_GetLastErrorCode                              build/obj/./driver/stm32f0/spl/src/stm32f0xx_can.o
CAN_GetReceiveErrorCounter                        build/obj/./driver/stm32f0/spl/src/stm32f0xx_can.o
CAN_ITConfig                                      build/obj/./driver/stm32f0/spl/src/stm32f0xx_can.o
CAN_Init                                          build/obj/./driver/stm32f0/spl/src/stm32f0xx_can.o
CAN_MessagePending                                build/obj/./driver/stm32f0/spl/src/stm32f0xx_can.o
CAN_OperatingModeRequest                          build/obj/./driver/stm32f0/spl/src/stm32f0xx_can.o
CAN_Receive                                       build/obj/./driver/stm32f0/spl/src/stm32f0xx_can.o
CAN_SlaveStartBank                                build/obj/./driver/stm32f0/spl/src/stm32f0xx_can.o
CAN_Sleep                                         build/obj/./driver/stm32f0/spl/src/stm32f0xx_can.o
CAN_StructInit                                    build/obj/./driver/stm32f0/spl/src/stm32f0xx_can.o
CAN_TTComModeCmd                                  build/obj/./driver/stm32f0/spl/src/stm32f0xx_can.o
CAN_Transmit                                      build/obj/./driver/stm32f0/spl/src/stm32f0xx_can.o
CAN_TransmitStatus                                build/obj/./driver/stm32f0/spl/src/stm32f0xx_can.o
CAN_WakeUp                                        build/obj/./driver/stm32f0/spl/src/stm32f0xx_can.o
CEC_CAN_IRQHandler                                build/obj/./src/startup/startup_stm32f0.os
CEC_ClearFlag                                     build/obj/./driver/stm32f0/spl/src/stm32f0xx_cec.o
CEC_ClearITPendingBit                             build/obj/./driver/stm32f0/spl/src/stm32f0xx_cec.o
CEC_Cmd                                           build/obj/./driver/stm32f0/spl/src/stm32f0xx_cec.o
CEC_DeInit                                        build/obj/./driver/stm32f0/spl/src/stm32f0xx_cec.o
CEC_EndOfMessage                                  build/obj/./driver/stm32f0/spl/src/stm32f0xx_cec.o
CEC_GetFlagStatus                                 build/obj/./driver/stm32f0/spl/src/stm32f0xx_cec.o
CEC_GetITStatus                                   build/obj/./driver/stm32f0/spl/src/stm32f0xx_cec.o
CEC_ITConfig                                      build/obj/./driver/stm32f0/spl/src/stm32f0xx_cec.o
CEC_Init                                          build/obj/./driver/stm32f0/spl/src/stm32f0xx_cec.o
CEC_ListenModeCmd                                 build/obj/./driver/stm32f0/spl/src/stm32f0xx_cec.o
CEC_OwnAddressClear                               build/obj/./driver/stm32f0/spl/src/stm32f0xx_cec.o
CEC_OwnAddressConfig                              build/obj/./driver/stm32f0/spl/src/stm32f0xx_cec.o
CEC_ReceiveData                                   build/obj/./driver/stm32f0/spl/src/stm32f0xx_cec.o
CEC_SendData                                      build/obj/./driver/stm32f0/spl/src/stm32f0xx_cec.o
CEC_StartOfMessage                                build/obj/./driver/stm32f0/spl/src/stm32f0xx_cec.o
CEC_StructInit                                    build/obj/./driver/stm32f0/spl/src/stm32f0xx_cec.o
COMP_Cmd                                          build/obj/./driver/stm32f0/spl/src/stm32f0xx_comp.o
COMP_DeInit                                       build/obj/./driver/stm32f0/spl/src/stm32f0xx_comp.o
COMP_GetOutputLevel                               build/obj/./driver/stm32f0/spl/src/stm32f0xx_comp.o
COMP_Init                                         build/obj/./driver/stm32f0/spl/src/stm32f0xx_comp.o
COMP_LockConfig                                   build/obj/./driver/stm32f0/spl/src/stm32f0xx_comp.o
COMP_StructInit                                   build/obj/./driver/stm32f0/spl/src/stm32f0xx_comp.o
COMP_SwitchCmd                                    build/obj/./driver/stm32f0/spl/src/stm32f0xx_comp.o
COMP_WindowCmd                                    build/obj/./driver/stm32f0/spl/src/stm32f0xx_comp.o
CRC_CalcBlockCRC                                  build/obj/./driver/stm32f0/spl/src/stm32f0xx_crc.o
CRC_CalcCRC                                       build/obj/./driver/stm32f0/spl/src/stm32f0xx_crc.o
CRC_CalcCRC16bits                                 build/obj/./driver/stm32f0/spl/src/stm32f0xx_crc.o
CRC_CalcCRC8bits                                  build/obj/./driver/stm32f0/spl/src/stm32f0xx_crc.o
CRC_DeInit                                        build/obj/./driver/stm32f0/spl/src/stm32f0xx_crc.o
CRC_GetCRC                                        build/obj/./driver/stm32f0/spl/src/stm32f0xx_crc.o
CRC_GetIDRegister                                 build/obj/./driver/stm32f0/spl/src/stm32f0xx_crc.o
CRC_PolynomialSizeSelect                          build/obj/./driver/stm32f0/spl/src/stm32f0xx_crc.o
CRC_ResetDR                                       build/obj/./driver/stm32f0/spl/src/stm32f0xx_crc.o
CRC_ReverseInputDataSelect                        build/obj/./driver/stm32f0/spl/src/stm32f0xx_crc.o
                                                  build/obj/./src/crc.opp
CRC_ReverseOutputDataCmd                          build/obj/./driver/stm32f0/spl/src/stm32f0xx_crc.o
                                                  build/obj/./src/crc.opp
CRC_SetIDRegister                                 build/obj/./driver/stm32f0/spl/src/stm32f0xx_crc.o
CRC_SetInitRegister                               build/obj/./driver/stm32f0/spl/src/stm32f0xx_crc.o
CRC_SetPolynomial                                 build/obj/./driver/stm32f0/spl/src/stm32f0xx_crc.o
CRS_AdjustHSI48CalibrationValue                   build/obj/./driver/stm32f0/spl/src/stm32f0xx_crs.o
CRS_AutomaticCalibrationCmd                       build/obj/./driver/stm32f0/spl/src/stm32f0xx_crs.o
CRS_ClearFlag                                     build/obj/./driver/stm32f0/spl/src/stm32f0xx_crs.o
CRS_ClearITPendingBit                             build/obj/./driver/stm32f0/spl/src/stm32f0xx_crs.o
CRS_DeInit                                        build/obj/./driver/stm32f0/spl/src/stm32f0xx_crs.o
CRS_FrequencyErrorCounterCmd                      build/obj/./driver/stm32f0/spl/src/stm32f0xx_crs.o
CRS_FrequencyErrorCounterReload                   build/obj/./driver/stm32f0/spl/src/stm32f0xx_crs.o
CRS_FrequencyErrorLimitConfig                     build/obj/./driver/stm32f0/spl/src/stm32f0xx_crs.o
CRS_GetFlagStatus                                 build/obj/./driver/stm32f0/spl/src/stm32f0xx_crs.o
CRS_GetFrequencyErrorDirection                    build/obj/./driver/stm32f0/spl/src/stm32f0xx_crs.o
CRS_GetFrequencyErrorValue                        build/obj/./driver/stm32f0/spl/src/stm32f0xx_crs.o
CRS_GetHSI48CalibrationValue                      build/obj/./driver/stm32f0/spl/src/stm32f0xx_crs.o
CRS_GetITStatus                                   build/obj/./driver/stm32f0/spl/src/stm32f0xx_crs.o
CRS_GetReloadValue                                build/obj/./driver/stm32f0/spl/src/stm32f0xx_crs.o
CRS_ITConfig                                      build/obj/./driver/stm32f0/spl/src/stm32f0xx_crs.o
CRS_SoftwareSynchronizationGenerate               build/obj/./driver/stm32f0/spl/src/stm32f0xx_crs.o
CRS_SynchronizationPolarityConfig                 build/obj/./driver/stm32f0/spl/src/stm32f0xx_crs.o
CRS_SynchronizationPrescalerConfig                build/obj/./driver/stm32f0/spl/src/stm32f0xx_crs.o
CRS_SynchronizationSourceConfig                   build/obj/./driver/stm32f0/spl/src/stm32f0xx_crs.o
DAC_ClearFlag                                     build/obj/./driver/stm32f0/spl/src/stm32f0xx_dac.o
DAC_ClearITPendingBit                             build/obj/./driver/stm32f0/spl/src/stm32f0xx_dac.o
DAC_Cmd                                           build/obj/./driver/stm32f0/spl/src/stm32f0xx_dac.o
DAC_DMACmd                                        build/obj/./driver/stm32f0/spl/src/stm32f0xx_dac.o
DAC_DeInit                                        build/obj/./driver/stm32f0/spl/src/stm32f0xx_dac.o
DAC_DualSoftwareTriggerCmd                        build/obj/./driver/stm32f0/spl/src/stm32f0xx_dac.o
DAC_GetDataOutputValue                            build/obj/./driver/stm32f0/spl/src/stm32f0xx_dac.o
DAC_GetFlagStatus                                 build/obj/./driver/stm32f0/spl/src/stm32f0xx_dac.o
DAC_GetITStatus                                   build/obj/./driver/stm32f0/spl/src/stm32f0xx_dac.o
DAC_ITConfig                                      build/obj/./driver/stm32f0/spl/src/stm32f0xx_dac.o
DAC_Init                                          build/obj/./driver/stm32f0/spl/src/stm32f0xx_dac.o
DAC_SetChannel1Data                               build/obj/./driver/stm32f0/spl/src/stm32f0xx_dac.o
DAC_SetChannel2Data                               build/obj/./driver/stm32f0/spl/src/stm32f0xx_dac.o
DAC_SetDualChannelData                            build/obj/./driver/stm32f0/spl/src/stm32f0xx_dac.o
DAC_SoftwareTriggerCmd                            build/obj/./driver/stm32f0/spl/src/stm32f0xx_dac.o
DAC_StructInit                                    build/obj/./driver/stm32f0/spl/src/stm32f0xx_dac.o
DAC_WaveGenerationCmd                             build/obj/./driver/stm32f0/spl/src/stm32f0xx_dac.o
DBGMCU_APB1PeriphConfig                           build/obj/./driver/stm32f0/spl/src/stm32f0xx_dbgmcu.o
DBGMCU_APB2PeriphConfig                           build/obj/./driver/stm32f0/spl/src/stm32f0xx_dbgmcu.o
DBGMCU_Config                                     build/obj/./driver/stm32f0/spl/src/stm32f0xx_dbgmcu.o
DBGMCU_GetDEVID                                   build/obj/./driver/stm32f0/spl/src/stm32f0xx_dbgmcu.o
DBGMCU_GetREVID                                   build/obj/./driver/stm32f0/spl/src/stm32f0xx_dbgmcu.o
DMA1_Channel1_IRQHandler                          build/obj/./src/startup/startup_stm32f0.os
DMA1_Channel2_3_IRQHandler                        build/obj/./src/startup/startup_stm32f0.os
DMA1_Channel4_5_IRQHandler                        build/obj/./src/startup/startup_stm32f0.os
DMA_ClearFlag                                     build/obj/./driver/stm32f0/spl/src/stm32f0xx_dma.o
                                                  build/obj/./src/adc.opp
DMA_ClearITPendingBit                             build/obj/./driver/stm32f0/spl/src/stm32f0xx_dma.o
DMA_Cmd                                           build/obj/./driver/stm32f0/spl/src/stm32f0xx_dma.o
                                                  build/obj/./src/adc.opp
DMA_DeInit                                        build/obj/./driver/stm32f0/spl/src/stm32f0xx_dma.o
DMA_GetCurrDataCounter                            build/obj/./driver/stm32f0/spl/src/stm32f0xx_dma.o
DMA_GetFlagStatus                                 build/obj/./driver/stm32f0/spl/src/stm32f0xx_dma.o
                                                  build/obj/./src/adc.opp
DMA_GetITStatus                                   build/obj/./driver/stm32f0/spl/src/stm32f0xx_dma.o
DMA_ITConfig                                      build/obj/./driver/stm32f0/spl/src/stm32f0xx_dma.o
DMA_Init                                          build/obj/./driver/stm32f0/spl/src/stm32f0xx_dma.o
                                                  build/obj/./src/adc.opp
DMA_RemapConfig                                   build/obj/./driver/stm32f0/spl/src/stm32f0xx_dma.o
DMA_SetCurrDataCounter                            build/obj/./driver/stm32f0/spl/src/stm32f0xx_dma.o
DMA_StructInit                                    build/obj/./driver/stm32f0/spl/src/stm32f0xx_dma.o
Default_Handler                                   build/obj/./src/startup/startup_stm32f0.os
Delay(unsigned long)                              build/obj/./src/scheduling.opp
DigitalLPF<float>::DigitalLPF()                   build/obj/./src/LowPassFilter.opp
DigitalLPF<float>::DigitalLPF()                   build/obj/./src/LowPassFilter.opp
DigitalLPF<float>::apply(float const&)            build/obj/./src/LowPassFilter.opp
DigitalLPF<float>::apply(float const&, float, float) build/obj/./src/LowPassFilter.opp
DigitalLPF<float>::compute_alpha(float, float)    build/obj/./src/LowPassFilter.opp
DigitalLPF<float>::get() const                    build/obj/./src/LowPassFilter.opp
DigitalLPF<float>::reset(float)                   build/obj/./src/LowPassFilter.opp
DigitalLPF<int>::DigitalLPF()                     build/obj/./src/LowPassFilter.opp
DigitalLPF<int>::DigitalLPF()                     build/obj/./src/LowPassFilter.opp
DigitalLPF<int>::apply(int const&)                build/obj/./src/LowPassFilter.opp
DigitalLPF<int>::apply(int const&, float, float)  build/obj/./src/LowPassFilter.opp
DigitalLPF<int>::compute_alpha(float, float)      build/obj/./src/LowPassFilter.opp
DigitalLPF<int>::get() const                      build/obj/./src/LowPassFilter.opp
DigitalLPF<int>::reset(int)                       build/obj/./src/LowPassFilter.opp
DigitalLPF<long>::DigitalLPF()                    build/obj/./src/LowPassFilter.opp
DigitalLPF<long>::DigitalLPF()                    build/obj/./src/LowPassFilter.opp
DigitalLPF<long>::apply(long const&)              build/obj/./src/LowPassFilter.opp
DigitalLPF<long>::apply(long const&, float, float) build/obj/./src/LowPassFilter.opp
DigitalLPF<long>::compute_alpha(float, float)     build/obj/./src/LowPassFilter.opp
DigitalLPF<long>::get() const                     build/obj/./src/LowPassFilter.opp
DigitalLPF<long>::reset(long)                     build/obj/./src/LowPassFilter.opp
Dma::Dma(DMA_Channel_TypeDef*)                    build/obj/./src/adc.opp
Dma::Dma(DMA_Channel_TypeDef*)                    build/obj/./src/adc.opp
Dma::_clockEnable()                               build/obj/./src/adc.opp
Dma::init(unsigned long, unsigned long, unsigned long, unsigned long, unsigned long, unsigned long, unsigned long, unsigned long, unsigned long, unsigned long, unsigned long) build/obj/./src/adc.opp
Dma::setEnabled(FunctionalState)                  build/obj/./src/adc.opp
EXTI0_1_IRQHandler                                build/obj/./src/startup/startup_stm32f0.os
EXTI2_3_IRQHandler                                build/obj/./src/startup/startup_stm32f0.os
EXTI4_15_IRQHandler                               build/obj/./src/startup/startup_stm32f0.os
EXTI_ClearFlag                                    build/obj/./driver/stm32f0/spl/src/stm32f0xx_exti.o
EXTI_ClearITPendingBit                            build/obj/./driver/stm32f0/spl/src/stm32f0xx_exti.o
EXTI_DeInit                                       build/obj/./driver/stm32f0/spl/src/stm32f0xx_exti.o
EXTI_GenerateSWInterrupt                          build/obj/./driver/stm32f0/spl/src/stm32f0xx_exti.o
EXTI_GetFlagStatus                                build/obj/./driver/stm32f0/spl/src/stm32f0xx_exti.o
EXTI_GetITStatus                                  build/obj/./driver/stm32f0/spl/src/stm32f0xx_exti.o
EXTI_Init                                         build/obj/./driver/stm32f0/spl/src/stm32f0xx_exti.o
EXTI_StructInit                                   build/obj/./driver/stm32f0/spl/src/stm32f0xx_exti.o
FLASH_ClearFlag                                   build/obj/./driver/stm32f0/spl/src/stm32f0xx_flash.o
                                                  build/obj/./src/flash.opp
FLASH_EraseAllPages                               build/obj/./driver/stm32f0/spl/src/stm32f0xx_flash.o
FLASH_ErasePage                                   build/obj/./driver/stm32f0/spl/src/stm32f0xx_flash.o
                                                  build/obj/./src/flash.opp
FLASH_GetFlagStatus                               build/obj/./driver/stm32f0/spl/src/stm32f0xx_flash.o
FLASH_GetPrefetchBufferStatus                     build/obj/./driver/stm32f0/spl/src/stm32f0xx_flash.o
FLASH_GetStatus                                   build/obj/./driver/stm32f0/spl/src/stm32f0xx_flash.o
                                                  build/obj/./src/flash.opp
FLASH_IRQHandler                                  build/obj/./src/startup/startup_stm32f0.os
FLASH_ITConfig                                    build/obj/./driver/stm32f0/spl/src/stm32f0xx_flash.o
FLASH_Lock                                        build/obj/./driver/stm32f0/spl/src/stm32f0xx_flash.o
                                                  build/obj/./src/flash.opp
FLASH_OB_BOOT0Config                              build/obj/./driver/stm32f0/spl/src/stm32f0xx_flash.o
FLASH_OB_BOOT0SWConfig                            build/obj/./driver/stm32f0/spl/src/stm32f0xx_flash.o
FLASH_OB_BOOTConfig                               build/obj/./driver/stm32f0/spl/src/stm32f0xx_flash.o
FLASH_OB_EnableWRP                                build/obj/./driver/stm32f0/spl/src/stm32f0xx_flash.o
FLASH_OB_Erase                                    build/obj/./driver/stm32f0/spl/src/stm32f0xx_flash.o
FLASH_OB_GetRDP                                   build/obj/./driver/stm32f0/spl/src/stm32f0xx_flash.o
FLASH_OB_GetUser                                  build/obj/./driver/stm32f0/spl/src/stm32f0xx_flash.o
FLASH_OB_GetWRP                                   build/obj/./driver/stm32f0/spl/src/stm32f0xx_flash.o
FLASH_OB_Launch                                   build/obj/./driver/stm32f0/spl/src/stm32f0xx_flash.o
FLASH_OB_Lock                                     build/obj/./driver/stm32f0/spl/src/stm32f0xx_flash.o
FLASH_OB_ProgramData                              build/obj/./driver/stm32f0/spl/src/stm32f0xx_flash.o
FLASH_OB_RDPConfig                                build/obj/./driver/stm32f0/spl/src/stm32f0xx_flash.o
FLASH_OB_SRAMParityConfig                         build/obj/./driver/stm32f0/spl/src/stm32f0xx_flash.o
FLASH_OB_Unlock                                   build/obj/./driver/stm32f0/spl/src/stm32f0xx_flash.o
FLASH_OB_UserConfig                               build/obj/./driver/stm32f0/spl/src/stm32f0xx_flash.o
FLASH_OB_VDDAConfig                               build/obj/./driver/stm32f0/spl/src/stm32f0xx_flash.o
FLASH_OB_WriteUser                                build/obj/./driver/stm32f0/spl/src/stm32f0xx_flash.o
FLASH_PrefetchBufferCmd                           build/obj/./driver/stm32f0/spl/src/stm32f0xx_flash.o
FLASH_ProgramHalfWord                             build/obj/./driver/stm32f0/spl/src/stm32f0xx_flash.o
                                                  build/obj/./src/flash.opp
FLASH_ProgramWord                                 build/obj/./driver/stm32f0/spl/src/stm32f0xx_flash.o
FLASH_SetLatency                                  build/obj/./driver/stm32f0/spl/src/stm32f0xx_flash.o
FLASH_Unlock                                      build/obj/./driver/stm32f0/spl/src/stm32f0xx_flash.o
                                                  build/obj/./src/flash.opp
FLASH_WaitForLastOperation                        build/obj/./driver/stm32f0/spl/src/stm32f0xx_flash.o
Flash::available()                                build/obj/./src/flash.opp
Flash::currentBlock()                             build/obj/./src/flash.opp
Flash::erase()                                    build/obj/./src/flash.opp
Flash::init()                                     build/obj/./src/flash.opp
Flash::printBlock(unsigned short*)                build/obj/./src/flash.opp
Flash::printContents()                            build/obj/./src/flash.opp
Flash::readBlock(unsigned short*, unsigned char)  build/obj/./src/flash.opp
Flash::verifyChecksum()                           build/obj/./src/flash.opp
Flash::writeBlock(unsigned short*, unsigned char) build/obj/./src/flash.opp
GPIO_DeInit                                       build/obj/./driver/stm32f0/spl/src/stm32f0xx_gpio.o
GPIO_Init                                         build/obj/./driver/stm32f0/spl/src/stm32f0xx_gpio.o
                                                  build/obj/./src/gpio.opp
GPIO_PinAFConfig                                  build/obj/./driver/stm32f0/spl/src/stm32f0xx_gpio.o
                                                  build/obj/./src/gpio.opp
GPIO_PinLockConfig                                build/obj/./driver/stm32f0/spl/src/stm32f0xx_gpio.o
GPIO_ReadInputData                                build/obj/./driver/stm32f0/spl/src/stm32f0xx_gpio.o
GPIO_ReadInputDataBit                             build/obj/./driver/stm32f0/spl/src/stm32f0xx_gpio.o
GPIO_ReadOutputData                               build/obj/./driver/stm32f0/spl/src/stm32f0xx_gpio.o
GPIO_ReadOutputDataBit                            build/obj/./driver/stm32f0/spl/src/stm32f0xx_gpio.o
GPIO_ResetBits                                    build/obj/./driver/stm32f0/spl/src/stm32f0xx_gpio.o
GPIO_SetBits                                      build/obj/./driver/stm32f0/spl/src/stm32f0xx_gpio.o
GPIO_StructInit                                   build/obj/./driver/stm32f0/spl/src/stm32f0xx_gpio.o
GPIO_Write                                        build/obj/./driver/stm32f0/spl/src/stm32f0xx_gpio.o
GPIO_WriteBit                                     build/obj/./driver/stm32f0/spl/src/stm32f0xx_gpio.o
Gpio::Gpio(GPIO_TypeDef*, unsigned short)         build/obj/./src/gpio.opp
                                                  build/obj/src/example/example-gpio.opp
                                                  build/obj/./src/adc.opp
Gpio::Gpio(GPIO_TypeDef*, unsigned short)         build/obj/./src/gpio.opp
Gpio::_clockEnable()                              build/obj/./src/gpio.opp
Gpio::configAF(unsigned char)                     build/obj/./src/gpio.opp
Gpio::init(GPIOMode_TypeDef, GPIOPuPd_TypeDef, GPIOOType_TypeDef, GPIOSpeed_TypeDef) build/obj/./src/gpio.opp
                                                  build/obj/src/example/example-gpio.opp
                                                  build/obj/./src/adc.opp
Gpio::readInput()                                 build/obj/./src/gpio.opp
Gpio::readOutput()                                build/obj/./src/gpio.opp
Gpio::reset()                                     build/obj/./src/gpio.opp
Gpio::set(bool)                                   build/obj/./src/gpio.opp
Gpio::toggle()                                    build/obj/./src/gpio.opp
                                                  build/obj/src/example/example-gpio.opp
HardFault_Handler                                 build/obj/./src/startup/startup_stm32f0.os
I2C1_IRQHandler                                   build/obj/./src/startup/startup_stm32f0.os
I2C2_IRQHandler                                   build/obj/./src/startup/startup_stm32f0.os
I2C_10BitAddressHeaderCmd                         build/obj/./driver/stm32f0/spl/src/stm32f0xx_i2c.o
I2C_10BitAddressingModeCmd                        build/obj/./driver/stm32f0/spl/src/stm32f0xx_i2c.o
I2C_AcknowledgeConfig                             build/obj/./driver/stm32f0/spl/src/stm32f0xx_i2c.o
I2C_AutoEndCmd                                    build/obj/./driver/stm32f0/spl/src/stm32f0xx_i2c.o
I2C_CalculatePEC                                  build/obj/./driver/stm32f0/spl/src/stm32f0xx_i2c.o
I2C_ClearFlag                                     build/obj/./driver/stm32f0/spl/src/stm32f0xx_i2c.o
I2C_ClearITPendingBit                             build/obj/./driver/stm32f0/spl/src/stm32f0xx_i2c.o
I2C_ClockTimeoutCmd                               build/obj/./driver/stm32f0/spl/src/stm32f0xx_i2c.o
I2C_Cmd                                           build/obj/./driver/stm32f0/spl/src/stm32f0xx_i2c.o
I2C_DMACmd                                        build/obj/./driver/stm32f0/spl/src/stm32f0xx_i2c.o
I2C_DeInit                                        build/obj/./driver/stm32f0/spl/src/stm32f0xx_i2c.o
I2C_DualAddressCmd                                build/obj/./driver/stm32f0/spl/src/stm32f0xx_i2c.o
I2C_ExtendedClockTimeoutCmd                       build/obj/./driver/stm32f0/spl/src/stm32f0xx_i2c.o
I2C_GeneralCallCmd                                build/obj/./driver/stm32f0/spl/src/stm32f0xx_i2c.o
I2C_GenerateSTART                                 build/obj/./driver/stm32f0/spl/src/stm32f0xx_i2c.o
I2C_GenerateSTOP                                  build/obj/./driver/stm32f0/spl/src/stm32f0xx_i2c.o
I2C_GetAddressMatched                             build/obj/./driver/stm32f0/spl/src/stm32f0xx_i2c.o
I2C_GetFlagStatus                                 build/obj/./driver/stm32f0/spl/src/stm32f0xx_i2c.o
I2C_GetITStatus                                   build/obj/./driver/stm32f0/spl/src/stm32f0xx_i2c.o
I2C_GetPEC                                        build/obj/./driver/stm32f0/spl/src/stm32f0xx_i2c.o
I2C_GetTransferDirection                          build/obj/./driver/stm32f0/spl/src/stm32f0xx_i2c.o
I2C_ITConfig                                      build/obj/./driver/stm32f0/spl/src/stm32f0xx_i2c.o
I2C_IdleClockTimeoutCmd                           build/obj/./driver/stm32f0/spl/src/stm32f0xx_i2c.o
I2C_Init                                          build/obj/./driver/stm32f0/spl/src/stm32f0xx_i2c.o
I2C_MasterRequestConfig                           build/obj/./driver/stm32f0/spl/src/stm32f0xx_i2c.o
I2C_NumberOfBytesConfig                           build/obj/./driver/stm32f0/spl/src/stm32f0xx_i2c.o
I2C_OwnAddress2Config                             build/obj/./driver/stm32f0/spl/src/stm32f0xx_i2c.o
I2C_PECRequestCmd                                 build/obj/./driver/stm32f0/spl/src/stm32f0xx_i2c.o
I2C_ReadRegister                                  build/obj/./driver/stm32f0/spl/src/stm32f0xx_i2c.o
I2C_ReceiveData                                   build/obj/./driver/stm32f0/spl/src/stm32f0xx_i2c.o
I2C_ReloadCmd                                     build/obj/./driver/stm32f0/spl/src/stm32f0xx_i2c.o
I2C_SMBusAlertCmd                                 build/obj/./driver/stm32f0/spl/src/stm32f0xx_i2c.o
I2C_SendData                                      build/obj/./driver/stm32f0/spl/src/stm32f0xx_i2c.o
I2C_SlaveAddressConfig                            build/obj/./driver/stm32f0/spl/src/stm32f0xx_i2c.o
I2C_SlaveByteControlCmd                           build/obj/./driver/stm32f0/spl/src/stm32f0xx_i2c.o
I2C_SoftwareResetCmd                              build/obj/./driver/stm32f0/spl/src/stm32f0xx_i2c.o
I2C_StopModeCmd                                   build/obj/./driver/stm32f0/spl/src/stm32f0xx_i2c.o
I2C_StretchClockCmd                               build/obj/./driver/stm32f0/spl/src/stm32f0xx_i2c.o
I2C_StructInit                                    build/obj/./driver/stm32f0/spl/src/stm32f0xx_i2c.o
I2C_TimeoutAConfig                                build/obj/./driver/stm32f0/spl/src/stm32f0xx_i2c.o
I2C_TimeoutBConfig                                build/obj/./driver/stm32f0/spl/src/stm32f0xx_i2c.o
I2C_TransferHandling                              build/obj/./driver/stm32f0/spl/src/stm32f0xx_i2c.o
I2S_Cmd                                           build/obj/./driver/stm32f0/spl/src/stm32f0xx_spi.o
I2S_Init                                          build/obj/./driver/stm32f0/spl/src/stm32f0xx_spi.o
I2S_StructInit                                    build/obj/./driver/stm32f0/spl/src/stm32f0xx_spi.o
IWDG_Enable                                       build/obj/./driver/stm32f0/spl/src/stm32f0xx_iwdg.o
IWDG_GetFlagStatus                                build/obj/./driver/stm32f0/spl/src/stm32f0xx_iwdg.o
IWDG_ReloadCounter                                build/obj/./driver/stm32f0/spl/src/stm32f0xx_iwdg.o
IWDG_SetPrescaler                                 build/obj/./driver/stm32f0/spl/src/stm32f0xx_iwdg.o
IWDG_SetReload                                    build/obj/./driver/stm32f0/spl/src/stm32f0xx_iwdg.o
IWDG_SetWindowValue                               build/obj/./driver/stm32f0/spl/src/stm32f0xx_iwdg.o
IWDG_WriteAccessCmd                               build/obj/./driver/stm32f0/spl/src/stm32f0xx_iwdg.o
LowPassFilter<float>::LowPassFilter()             build/obj/./src/LowPassFilter.opp
LowPassFilter<float>::LowPassFilter()             build/obj/./src/LowPassFilter.opp
LowPassFilter<float>::LowPassFilter(float)        build/obj/./src/LowPassFilter.opp
LowPassFilter<float>::LowPassFilter(float)        build/obj/./src/LowPassFilter.opp
LowPassFilter<float>::LowPassFilter(float, float) build/obj/./src/LowPassFilter.opp
LowPassFilter<float>::LowPassFilter(float, float) build/obj/./src/LowPassFilter.opp
LowPassFilter<float>::apply(float)                build/obj/./src/LowPassFilter.opp
LowPassFilter<float>::apply(float, float)         build/obj/./src/LowPassFilter.opp
LowPassFilter<float>::get() const                 build/obj/./src/LowPassFilter.opp
LowPassFilter<float>::get_cutoff_freq() const     build/obj/./src/LowPassFilter.opp
LowPassFilter<float>::reset()                     build/obj/./src/LowPassFilter.opp
LowPassFilter<float>::reset(float)                build/obj/./src/LowPassFilter.opp
LowPassFilter<float>::set_cutoff_frequency(float) build/obj/./src/LowPassFilter.opp
LowPassFilter<float>::set_cutoff_frequency(float, float) build/obj/./src/LowPassFilter.opp
LowPassFilter<int>::LowPassFilter()               build/obj/./src/LowPassFilter.opp
LowPassFilter<int>::LowPassFilter()               build/obj/./src/LowPassFilter.opp
LowPassFilter<int>::LowPassFilter(float)          build/obj/./src/LowPassFilter.opp
LowPassFilter<int>::LowPassFilter(float)          build/obj/./src/LowPassFilter.opp
LowPassFilter<int>::LowPassFilter(float, float)   build/obj/./src/LowPassFilter.opp
LowPassFilter<int>::LowPassFilter(float, float)   build/obj/./src/LowPassFilter.opp
LowPassFilter<int>::apply(int)                    build/obj/./src/LowPassFilter.opp
LowPassFilter<int>::apply(int, float)             build/obj/./src/LowPassFilter.opp
LowPassFilter<int>::get() const                   build/obj/./src/LowPassFilter.opp
LowPassFilter<int>::get_cutoff_freq() const       build/obj/./src/LowPassFilter.opp
LowPassFilter<int>::reset()                       build/obj/./src/LowPassFilter.opp
LowPassFilter<int>::reset(int)                    build/obj/./src/LowPassFilter.opp
LowPassFilter<int>::set_cutoff_frequency(float)   build/obj/./src/LowPassFilter.opp
LowPassFilter<int>::set_cutoff_frequency(float, float) build/obj/./src/LowPassFilter.opp
LowPassFilter<long>::LowPassFilter()              build/obj/./src/LowPassFilter.opp
LowPassFilter<long>::LowPassFilter()              build/obj/./src/LowPassFilter.opp
LowPassFilter<long>::LowPassFilter(float)         build/obj/./src/LowPassFilter.opp
LowPassFilter<long>::LowPassFilter(float)         build/obj/./src/LowPassFilter.opp
LowPassFilter<long>::LowPassFilter(float, float)  build/obj/./src/LowPassFilter.opp
LowPassFilter<long>::LowPassFilter(float, float)  build/obj/./src/LowPassFilter.opp
LowPassFilter<long>::apply(long)                  build/obj/./src/LowPassFilter.opp
LowPassFilter<long>::apply(long, float)           build/obj/./src/LowPassFilter.opp
LowPassFilter<long>::get() const                  build/obj/./src/LowPassFilter.opp
LowPassFilter<long>::get_cutoff_freq() const      build/obj/./src/LowPassFilter.opp
LowPassFilter<long>::reset()                      build/obj/./src/LowPassFilter.opp
LowPassFilter<long>::reset(long)                  build/obj/./src/LowPassFilter.opp
LowPassFilter<long>::set_cutoff_frequency(float)  build/obj/./src/LowPassFilter.opp
LowPassFilter<long>::set_cutoff_frequency(float, float) build/obj/./src/LowPassFilter.opp
MicroSeconds                                      build/obj/./src/scheduling.opp
NMI_Handler                                       build/obj/./src/startup/startup_stm32f0.os
NVIC_Init                                         build/obj/./driver/stm32f0/spl/src/stm32f0xx_misc.o
                                                  build/obj/./src/helpers.opp
NVIC_SystemLPConfig                               build/obj/./driver/stm32f0/spl/src/stm32f0xx_misc.o
PVD_IRQHandler                                    build/obj/./src/startup/startup_stm32f0.os
PWR_BackupAccessCmd                               build/obj/./driver/stm32f0/spl/src/stm32f0xx_pwr.o
PWR_ClearFlag                                     build/obj/./driver/stm32f0/spl/src/stm32f0xx_pwr.o
PWR_DeInit                                        build/obj/./driver/stm32f0/spl/src/stm32f0xx_pwr.o
PWR_EnterSTANDBYMode                              build/obj/./driver/stm32f0/spl/src/stm32f0xx_pwr.o
PWR_EnterSTOPMode                                 build/obj/./driver/stm32f0/spl/src/stm32f0xx_pwr.o
PWR_EnterSleepMode                                build/obj/./driver/stm32f0/spl/src/stm32f0xx_pwr.o
PWR_GetFlagStatus                                 build/obj/./driver/stm32f0/spl/src/stm32f0xx_pwr.o
PWR_PVDCmd                                        build/obj/./driver/stm32f0/spl/src/stm32f0xx_pwr.o
PWR_PVDLevelConfig                                build/obj/./driver/stm32f0/spl/src/stm32f0xx_pwr.o
PWR_WakeUpPinCmd                                  build/obj/./driver/stm32f0/spl/src/stm32f0xx_pwr.o
PendSV_Handler                                    build/obj/./src/startup/startup_stm32f0.os
RCC_ADCCLKConfig                                  build/obj/./driver/stm32f0/spl/src/stm32f0xx_rcc.o
RCC_AHBPeriphClockCmd                             build/obj/./driver/stm32f0/spl/src/stm32f0xx_rcc.o
                                                  build/obj/./src/gpio.opp
                                                  build/obj/./src/crc.opp
                                                  build/obj/./src/adc.opp
RCC_AHBPeriphResetCmd                             build/obj/./driver/stm32f0/spl/src/stm32f0xx_rcc.o
                                                  build/obj/./driver/stm32f0/spl/src/stm32f0xx_gpio.o
RCC_APB1PeriphClockCmd                            build/obj/./driver/stm32f0/spl/src/stm32f0xx_rcc.o
                                                  build/obj/./src/timer.opp
RCC_APB1PeriphResetCmd                            build/obj/./driver/stm32f0/spl/src/stm32f0xx_rcc.o
                                                  build/obj/./driver/stm32f0/spl/src/stm32f0xx_spi.o
                                                  build/obj/./driver/stm32f0/spl/src/stm32f0xx_tim.o
                                                  build/obj/./driver/stm32f0/spl/src/stm32f0xx_wwdg.o
                                                  build/obj/./driver/stm32f0/spl/src/stm32f0xx_cec.o
                                                  build/obj/./driver/stm32f0/spl/src/stm32f0xx_usart.o
                                                  build/obj/./driver/stm32f0/spl/src/stm32f0xx_crs.o